  Using: NVIDIA H100 80GB HBM3

============================================================
  Dataset   : fgvc-aircraft-2013b  [shard 2/4]
  Surrogate : clip
  Norm      : Linf  eps=4.0  (AA: 0.01569)
  Device    : cuda
============================================================
  [shard] Waiting for download lock...
Data already present at /home/m/mheuill/links/scratch/robustgenbench/data_processed.
  Shard indices: 250–499  (250 samples of 1000 total)

Loading CLIP ViT-B/16 surrogate: ViT-B-16 / laion2b_s34b_b88k
  Encoding 100 class prompts...
setting parameters for standard version
shard1:   0%|          | 0/4 [00:00<?, ?it/s]using standard version including apgd-ce, apgd-t, fab-t, square.
initial accuracy: 37.50%
apgd-ce - 1/1 - 24 out of 24 successfully perturbed
robust accuracy after APGD-CE: 0.00% (total time 5.5 s)
max Linf perturbation: 0.01569, nan in tensor: 0, max: 1.00000, min: 0.00000
robust accuracy: 0.00%
shard1:  25%|██▌       | 1/4 [00:07<00:23,  7.84s/it]using standard version including apgd-ce, apgd-t, fab-t, square.
initial accuracy: 29.69%
apgd-ce - 1/1 - 19 out of 19 successfully perturbed
robust accuracy after APGD-CE: 0.00% (total time 4.6 s)
max Linf perturbation: 0.01569, nan in tensor: 0, max: 1.00000, min: 0.00000
robust accuracy: 0.00%
shard1:  50%|█████     | 2/4 [00:14<00:13,  6.98s/it]using standard version including apgd-ce, apgd-t, fab-t, square.
initial accuracy: 17.19%
apgd-ce - 1/1 - 11 out of 11 successfully perturbed
robust accuracy after APGD-CE: 0.00% (total time 3.6 s)
max Linf perturbation: 0.01569, nan in tensor: 0, max: 1.00000, min: 0.00000
robust accuracy: 0.00%
shard1:  75%|███████▌  | 3/4 [00:19<00:06,  6.29s/it]using standard version including apgd-ce, apgd-t, fab-t, square.
initial accuracy: 36.21%
apgd-ce - 1/1 - 21 out of 21 successfully perturbed
robust accuracy after APGD-CE: 0.00% (total time 4.8 s)
max Linf perturbation: 0.01569, nan in tensor: 0, max: 1.00000, min: 0.00000
robust accuracy: 0.00%
shard1: 100%|██████████| 4/4 [00:26<00:00,  6.36s/it]shard1: 100%|██████████| 4/4 [00:26<00:00,  6.55s/it]

  Shard 1 done: 250 images | clean=0.3000 | adv=0.0000
