  Using: NVIDIA H100 80GB HBM3

============================================================
  Dataset   : flowers-102  [shard 3/4]
  Surrogate : clip
  Norm      : Linf  eps=4.0  (AA: 0.01569)
  Device    : cuda
============================================================
  [shard] Waiting for download lock...
Data already present at /home/m/mheuill/links/scratch/robustgenbench/data_processed.
  Shard indices: 500–749  (250 samples of 1000 total)

Loading CLIP ViT-B/16 surrogate: ViT-B-16 / laion2b_s34b_b88k
  Encoding 102 class prompts...
setting parameters for standard version
shard2:   0%|          | 0/4 [00:00<?, ?it/s]using standard version including apgd-ce, apgd-t, fab-t, square.
initial accuracy: 60.94%
apgd-ce - 1/1 - 39 out of 39 successfully perturbed
robust accuracy after APGD-CE: 0.00% (total time 8.9 s)
max Linf perturbation: 0.01569, nan in tensor: 0, max: 1.00000, min: 0.00000
robust accuracy: 0.00%
shard2:  25%|██▌       | 1/4 [00:11<00:33, 11.02s/it]using standard version including apgd-ce, apgd-t, fab-t, square.
initial accuracy: 78.12%
apgd-ce - 1/1 - 50 out of 50 successfully perturbed
robust accuracy after APGD-CE: 0.00% (total time 10.6 s)
max Linf perturbation: 0.01569, nan in tensor: 0, max: 1.00000, min: 0.00000
robust accuracy: 0.00%
shard2:  50%|█████     | 2/4 [00:22<00:23, 11.55s/it]using standard version including apgd-ce, apgd-t, fab-t, square.
initial accuracy: 71.88%
apgd-ce - 1/1 - 46 out of 46 successfully perturbed
robust accuracy after APGD-CE: 0.00% (total time 10.0 s)
max Linf perturbation: 0.01569, nan in tensor: 0, max: 1.00000, min: 0.00000
robust accuracy: 0.00%
shard2:  75%|███████▌  | 3/4 [00:34<00:11, 11.47s/it]using standard version including apgd-ce, apgd-t, fab-t, square.
initial accuracy: 68.97%
apgd-ce - 1/1 - 40 out of 40 successfully perturbed
robust accuracy after APGD-CE: 0.00% (total time 8.9 s)
max Linf perturbation: 0.01569, nan in tensor: 0, max: 1.00000, min: 0.00000
robust accuracy: 0.00%
shard2: 100%|██████████| 4/4 [00:44<00:00, 10.95s/it]shard2: 100%|██████████| 4/4 [00:44<00:00, 11.13s/it]

  Shard 2 done: 250 images | clean=0.7000 | adv=0.0000
