  Using: NVIDIA H100 80GB HBM3

============================================================
  Dataset   : flowers-102  [shard 4/4]
  Surrogate : clip
  Norm      : Linf  eps=4.0  (AA: 0.01569)
  Device    : cuda
============================================================
  [shard] Waiting for download lock...
Data already present at /home/m/mheuill/links/scratch/robustgenbench/data_processed.
  Shard indices: 750–999  (250 samples of 1000 total)

Loading CLIP ViT-B/16 surrogate: ViT-B-16 / laion2b_s34b_b88k
  Encoding 102 class prompts...
setting parameters for standard version
shard3:   0%|          | 0/4 [00:00<?, ?it/s]using standard version including apgd-ce, apgd-t, fab-t, square.
initial accuracy: 81.25%
apgd-ce - 1/1 - 52 out of 52 successfully perturbed
robust accuracy after APGD-CE: 0.00% (total time 11.1 s)
max Linf perturbation: 0.01569, nan in tensor: 0, max: 1.00000, min: 0.00000
robust accuracy: 0.00%
shard3:  25%|██▌       | 1/4 [00:13<00:39, 13.09s/it]using standard version including apgd-ce, apgd-t, fab-t, square.
initial accuracy: 65.62%
apgd-ce - 1/1 - 42 out of 42 successfully perturbed
robust accuracy after APGD-CE: 0.00% (total time 9.0 s)
max Linf perturbation: 0.01569, nan in tensor: 0, max: 1.00000, min: 0.00000
robust accuracy: 0.00%
shard3:  50%|█████     | 2/4 [00:23<00:23, 11.51s/it]using standard version including apgd-ce, apgd-t, fab-t, square.
initial accuracy: 73.44%
apgd-ce - 1/1 - 47 out of 47 successfully perturbed
robust accuracy after APGD-CE: 0.00% (total time 10.1 s)
max Linf perturbation: 0.01569, nan in tensor: 0, max: 1.00000, min: 0.00000
robust accuracy: 0.00%
shard3:  75%|███████▌  | 3/4 [00:34<00:11, 11.47s/it]using standard version including apgd-ce, apgd-t, fab-t, square.
initial accuracy: 74.14%
apgd-ce - 1/1 - 43 out of 43 successfully perturbed
robust accuracy after APGD-CE: 0.00% (total time 9.8 s)
max Linf perturbation: 0.01569, nan in tensor: 0, max: 1.00000, min: 0.00000
robust accuracy: 0.00%
shard3: 100%|██████████| 4/4 [00:45<00:00, 11.30s/it]shard3: 100%|██████████| 4/4 [00:46<00:00, 11.50s/it]

  Shard 3 done: 250 images | clean=0.7360 | adv=0.0000
