  Using: NVIDIA H100 80GB HBM3

============================================================
  Dataset   : fgvc-aircraft-2013b  [shard 4/4]
  Surrogate : clip
  Norm      : Linf  eps=4.0  (AA: 0.01569)
  Device    : cuda
============================================================
  [shard] Waiting for download lock...
Data already present at /home/m/mheuill/links/scratch/robustgenbench/data_processed.
  Shard indices: 750–999  (250 samples of 1000 total)

Loading CLIP ViT-B/16 surrogate: ViT-B-16 / laion2b_s34b_b88k
  Encoding 100 class prompts...
setting parameters for standard version
shard3:   0%|          | 0/4 [00:00<?, ?it/s]using standard version including apgd-ce, apgd-t, fab-t, square.
initial accuracy: 26.56%
apgd-ce - 1/1 - 17 out of 17 successfully perturbed
robust accuracy after APGD-CE: 0.00% (total time 4.2 s)
max Linf perturbation: 0.01569, nan in tensor: 0, max: 1.00000, min: 0.00000
robust accuracy: 0.00%
shard3:  25%|██▌       | 1/4 [00:06<00:20,  6.83s/it]using standard version including apgd-ce, apgd-t, fab-t, square.
initial accuracy: 34.38%
apgd-ce - 1/1 - 22 out of 22 successfully perturbed
robust accuracy after APGD-CE: 0.00% (total time 5.2 s)
max Linf perturbation: 0.01569, nan in tensor: 0, max: 1.00000, min: 0.00000
robust accuracy: 0.00%
shard3:  50%|█████     | 2/4 [00:13<00:13,  6.91s/it]using standard version including apgd-ce, apgd-t, fab-t, square.
initial accuracy: 31.25%
apgd-ce - 1/1 - 20 out of 20 successfully perturbed
robust accuracy after APGD-CE: 0.00% (total time 4.7 s)
max Linf perturbation: 0.01569, nan in tensor: 0, max: 1.00000, min: 0.00000
robust accuracy: 0.00%
shard3:  75%|███████▌  | 3/4 [00:20<00:06,  6.69s/it]using standard version including apgd-ce, apgd-t, fab-t, square.
initial accuracy: 27.59%
apgd-ce - 1/1 - 16 out of 16 successfully perturbed
robust accuracy after APGD-CE: 0.00% (total time 4.0 s)
max Linf perturbation: 0.01569, nan in tensor: 0, max: 1.00000, min: 0.00000
robust accuracy: 0.00%
shard3: 100%|██████████| 4/4 [00:25<00:00,  6.28s/it]shard3: 100%|██████████| 4/4 [00:25<00:00,  6.48s/it]

  Shard 3 done: 250 images | clean=0.3000 | adv=0.0000
