  Using: NVIDIA H100 80GB HBM3

============================================================
  Dataset   : stanford_cars  [shard 1/4]
  Surrogate : clip
  Norm      : Linf  eps=4.0  (AA: 0.01569)
  Device    : cuda
============================================================
  [shard] Waiting for download lock...
Data already present at /home/m/mheuill/links/scratch/robustgenbench/data_processed.
  Shard indices: 0–249  (250 samples of 1000 total)

Loading CLIP ViT-B/16 surrogate: ViT-B-16 / laion2b_s34b_b88k
  Encoding 196 class prompts...
setting parameters for standard version
shard0:   0%|          | 0/4 [00:00<?, ?it/s]using standard version including apgd-ce, apgd-t, fab-t, square.
initial accuracy: 84.38%
apgd-ce - 1/1 - 54 out of 54 successfully perturbed
robust accuracy after APGD-CE: 0.00% (total time 11.3 s)
max Linf perturbation: 0.01569, nan in tensor: 0, max: 1.00000, min: 0.00000
robust accuracy: 0.00%
shard0:  25%|██▌       | 1/4 [00:13<00:40, 13.40s/it]using standard version including apgd-ce, apgd-t, fab-t, square.
initial accuracy: 87.50%
apgd-ce - 1/1 - 56 out of 56 successfully perturbed
robust accuracy after APGD-CE: 0.00% (total time 11.3 s)
max Linf perturbation: 0.01569, nan in tensor: 0, max: 1.00000, min: 0.00000
robust accuracy: 0.00%
shard0:  50%|█████     | 2/4 [00:26<00:25, 12.98s/it]using standard version including apgd-ce, apgd-t, fab-t, square.
initial accuracy: 89.06%
apgd-ce - 1/1 - 57 out of 57 successfully perturbed
robust accuracy after APGD-CE: 0.00% (total time 11.4 s)
max Linf perturbation: 0.01569, nan in tensor: 0, max: 1.00000, min: 0.00000
robust accuracy: 0.00%
shard0:  75%|███████▌  | 3/4 [00:38<00:12, 12.88s/it]using standard version including apgd-ce, apgd-t, fab-t, square.
initial accuracy: 87.93%
apgd-ce - 1/1 - 51 out of 51 successfully perturbed
robust accuracy after APGD-CE: 0.00% (total time 10.9 s)
max Linf perturbation: 0.01569, nan in tensor: 0, max: 1.00000, min: 0.00000
robust accuracy: 0.00%
shard0: 100%|██████████| 4/4 [00:50<00:00, 12.59s/it]shard0: 100%|██████████| 4/4 [00:51<00:00, 12.76s/it]

  Shard 0 done: 250 images | clean=0.8720 | adv=0.0000
