  Using: NVIDIA H100 80GB HBM3

============================================================
  Dataset   : uc-merced-land-use-dataset  [shard 4/4]
  Surrogate : clip
  Norm      : Linf  eps=4.0  (AA: 0.01569)
  Device    : cuda
============================================================
  [shard] Waiting for download lock...
Data already present at /home/m/mheuill/links/scratch/robustgenbench/data_processed.
  Shard indices: 315–419  (105 samples of 420 total)

Loading CLIP ViT-B/16 surrogate: ViT-B-16 / laion2b_s34b_b88k
  Encoding 21 class prompts...
setting parameters for standard version
shard3:   0%|          | 0/2 [00:00<?, ?it/s]using standard version including apgd-ce, apgd-t, fab-t, square.
initial accuracy: 65.62%
apgd-ce - 1/1 - 42 out of 42 successfully perturbed
robust accuracy after APGD-CE: 0.00% (total time 9.1 s)
max Linf perturbation: 0.01569, nan in tensor: 0, max: 1.00000, min: 0.00000
robust accuracy: 0.00%
shard3:  50%|█████     | 1/2 [00:10<00:10, 10.99s/it]using standard version including apgd-ce, apgd-t, fab-t, square.
initial accuracy: 75.61%
apgd-ce - 1/1 - 31 out of 31 successfully perturbed
robust accuracy after APGD-CE: 0.00% (total time 7.1 s)
max Linf perturbation: 0.01569, nan in tensor: 0, max: 1.00000, min: 0.00000
robust accuracy: 0.00%
shard3: 100%|██████████| 2/2 [00:18<00:00,  9.20s/it]shard3: 100%|██████████| 2/2 [00:18<00:00,  9.49s/it]

  Shard 3 done: 105 images | clean=0.6952 | adv=0.0000
