  Using: NVIDIA H100 80GB HBM3

============================================================
  Dataset   : uc-merced-land-use-dataset  [shard 3/4]
  Surrogate : clip
  Norm      : Linf  eps=4.0  (AA: 0.01569)
  Device    : cuda
============================================================
  [shard] Waiting for download lock...
Data already present at /home/m/mheuill/links/scratch/robustgenbench/data_processed.
  Shard indices: 210–314  (105 samples of 420 total)

Loading CLIP ViT-B/16 surrogate: ViT-B-16 / laion2b_s34b_b88k
  Encoding 21 class prompts...
setting parameters for standard version
shard2:   0%|          | 0/2 [00:00<?, ?it/s]using standard version including apgd-ce, apgd-t, fab-t, square.
initial accuracy: 70.31%
apgd-ce - 1/1 - 45 out of 45 successfully perturbed
robust accuracy after APGD-CE: 0.00% (total time 10.0 s)
max Linf perturbation: 0.01569, nan in tensor: 0, max: 1.00000, min: 0.00000
robust accuracy: 0.00%
shard2:  50%|█████     | 1/2 [00:11<00:11, 11.91s/it]using standard version including apgd-ce, apgd-t, fab-t, square.
initial accuracy: 51.22%
apgd-ce - 1/1 - 21 out of 21 successfully perturbed
robust accuracy after APGD-CE: 0.00% (total time 4.8 s)
max Linf perturbation: 0.01569, nan in tensor: 0, max: 1.00000, min: 0.00000
robust accuracy: 0.00%
shard2: 100%|██████████| 2/2 [00:17<00:00,  8.26s/it]shard2: 100%|██████████| 2/2 [00:17<00:00,  8.83s/it]

  Shard 2 done: 105 images | clean=0.6286 | adv=0.0000
