  Using: NVIDIA H100 80GB HBM3

============================================================
  Dataset   : fgvc-aircraft-2013b  [shard 3/4]
  Surrogate : clip
  Norm      : Linf  eps=4.0  (AA: 0.01569)
  Device    : cuda
============================================================
  [shard] Waiting for download lock...
Data already present at /home/m/mheuill/links/scratch/robustgenbench/data_processed.
  Shard indices: 500–749  (250 samples of 1000 total)

Loading CLIP ViT-B/16 surrogate: ViT-B-16 / laion2b_s34b_b88k
  Encoding 100 class prompts...
setting parameters for standard version
shard2:   0%|          | 0/4 [00:00<?, ?it/s]using standard version including apgd-ce, apgd-t, fab-t, square.
initial accuracy: 35.94%
apgd-ce - 1/1 - 23 out of 23 successfully perturbed
robust accuracy after APGD-CE: 0.00% (total time 5.5 s)
max Linf perturbation: 0.01569, nan in tensor: 0, max: 1.00000, min: 0.00000
robust accuracy: 0.00%
shard2:  25%|██▌       | 1/4 [00:07<00:23,  7.94s/it]using standard version including apgd-ce, apgd-t, fab-t, square.
initial accuracy: 25.00%
apgd-ce - 1/1 - 16 out of 16 successfully perturbed
robust accuracy after APGD-CE: 0.00% (total time 4.0 s)
max Linf perturbation: 0.01569, nan in tensor: 0, max: 1.00000, min: 0.00000
robust accuracy: 0.00%
shard2:  50%|█████     | 2/4 [00:13<00:13,  6.68s/it]using standard version including apgd-ce, apgd-t, fab-t, square.
initial accuracy: 37.50%
apgd-ce - 1/1 - 24 out of 24 successfully perturbed
robust accuracy after APGD-CE: 0.00% (total time 5.4 s)
max Linf perturbation: 0.01569, nan in tensor: 0, max: 1.00000, min: 0.00000
robust accuracy: 0.00%
shard2:  75%|███████▌  | 3/4 [00:20<00:06,  6.93s/it]using standard version including apgd-ce, apgd-t, fab-t, square.
initial accuracy: 25.86%
apgd-ce - 1/1 - 15 out of 15 successfully perturbed
robust accuracy after APGD-CE: 0.00% (total time 3.9 s)
max Linf perturbation: 0.01569, nan in tensor: 0, max: 1.00000, min: 0.00000
robust accuracy: 0.00%
shard2: 100%|██████████| 4/4 [00:26<00:00,  6.41s/it]shard2: 100%|██████████| 4/4 [00:26<00:00,  6.66s/it]

  Shard 2 done: 250 images | clean=0.3120 | adv=0.0000
