  Using: NVIDIA H100 80GB HBM3

============================================================
  Dataset   : flowers-102  [shard 1/4]
  Surrogate : clip
  Norm      : Linf  eps=4.0  (AA: 0.01569)
  Device    : cuda
============================================================
  [shard] Waiting for download lock...
Data already present at /home/m/mheuill/links/scratch/robustgenbench/data_processed.
  Shard indices: 0–249  (250 samples of 1000 total)

Loading CLIP ViT-B/16 surrogate: ViT-B-16 / laion2b_s34b_b88k
  Encoding 102 class prompts...
setting parameters for standard version
shard0:   0%|          | 0/4 [00:00<?, ?it/s]using standard version including apgd-ce, apgd-t, fab-t, square.
initial accuracy: 75.00%
apgd-ce - 1/1 - 48 out of 48 successfully perturbed
robust accuracy after APGD-CE: 0.00% (total time 10.6 s)
max Linf perturbation: 0.01569, nan in tensor: 0, max: 1.00000, min: 0.00000
robust accuracy: 0.00%
shard0:  25%|██▌       | 1/4 [00:12<00:37, 12.61s/it]using standard version including apgd-ce, apgd-t, fab-t, square.
initial accuracy: 64.06%
apgd-ce - 1/1 - 41 out of 41 successfully perturbed
robust accuracy after APGD-CE: 0.00% (total time 8.9 s)
max Linf perturbation: 0.01569, nan in tensor: 0, max: 1.00000, min: 0.00000
robust accuracy: 0.00%
shard0:  50%|█████     | 2/4 [00:22<00:22, 11.28s/it]using standard version including apgd-ce, apgd-t, fab-t, square.
initial accuracy: 67.19%
apgd-ce - 1/1 - 43 out of 43 successfully perturbed
robust accuracy after APGD-CE: 0.00% (total time 9.9 s)
max Linf perturbation: 0.01569, nan in tensor: 0, max: 1.00000, min: 0.00000
robust accuracy: 0.00%
shard0:  75%|███████▌  | 3/4 [00:34<00:11, 11.27s/it]using standard version including apgd-ce, apgd-t, fab-t, square.
initial accuracy: 70.69%
apgd-ce - 1/1 - 41 out of 41 successfully perturbed
robust accuracy after APGD-CE: 0.00% (total time 8.9 s)
max Linf perturbation: 0.01569, nan in tensor: 0, max: 1.00000, min: 0.00000
robust accuracy: 0.00%
shard0: 100%|██████████| 4/4 [00:44<00:00, 10.84s/it]shard0: 100%|██████████| 4/4 [00:44<00:00, 11.11s/it]

  Shard 0 done: 250 images | clean=0.6920 | adv=0.0000
