  Using: NVIDIA H100 80GB HBM3

============================================================
  Dataset   : flowers-102  [shard 2/4]
  Surrogate : clip
  Norm      : Linf  eps=4.0  (AA: 0.01569)
  Device    : cuda
============================================================
  [shard] Waiting for download lock...
Data already present at /home/m/mheuill/links/scratch/robustgenbench/data_processed.
  Shard indices: 250–499  (250 samples of 1000 total)

Loading CLIP ViT-B/16 surrogate: ViT-B-16 / laion2b_s34b_b88k
  Encoding 102 class prompts...
setting parameters for standard version
shard1:   0%|          | 0/4 [00:00<?, ?it/s]using standard version including apgd-ce, apgd-t, fab-t, square.
initial accuracy: 76.56%
apgd-ce - 1/1 - 49 out of 49 successfully perturbed
robust accuracy after APGD-CE: 0.00% (total time 10.6 s)
max Linf perturbation: 0.01569, nan in tensor: 0, max: 1.00000, min: 0.00000
robust accuracy: 0.00%
shard1:  25%|██▌       | 1/4 [00:12<00:38, 12.94s/it]using standard version including apgd-ce, apgd-t, fab-t, square.
initial accuracy: 76.56%
apgd-ce - 1/1 - 49 out of 49 successfully perturbed
robust accuracy after APGD-CE: 0.00% (total time 10.5 s)
max Linf perturbation: 0.01569, nan in tensor: 0, max: 1.00000, min: 0.00000
robust accuracy: 0.00%
shard1:  50%|█████     | 2/4 [00:24<00:24, 12.31s/it]using standard version including apgd-ce, apgd-t, fab-t, square.
initial accuracy: 68.75%
apgd-ce - 1/1 - 44 out of 44 successfully perturbed
robust accuracy after APGD-CE: 0.00% (total time 9.8 s)
max Linf perturbation: 0.01569, nan in tensor: 0, max: 1.00000, min: 0.00000
robust accuracy: 0.00%
shard1:  75%|███████▌  | 3/4 [00:35<00:11, 11.78s/it]using standard version including apgd-ce, apgd-t, fab-t, square.
initial accuracy: 70.69%
apgd-ce - 1/1 - 41 out of 41 successfully perturbed
robust accuracy after APGD-CE: 0.00% (total time 8.9 s)
max Linf perturbation: 0.01569, nan in tensor: 0, max: 1.00000, min: 0.00000
robust accuracy: 0.00%
shard1: 100%|██████████| 4/4 [00:46<00:00, 11.16s/it]shard1: 100%|██████████| 4/4 [00:46<00:00, 11.56s/it]

  Shard 1 done: 250 images | clean=0.7320 | adv=0.0000
