  Using: NVIDIA H100 80GB HBM3

============================================================
  Dataset   : stanford_cars  [shard 2/4]
  Surrogate : siglip2_so400m
  Norm      : L1  eps=300.0  (AA: 300.00000)
  Device    : cuda
============================================================
  [shard] Waiting for download lock...
Data already present at /home/m/mheuill/links/scratch/robustgenbench/data_processed.
  Shard indices: 250–499  (250 samples of 1000 total)

Loading SigLIP2-SO400M-NaFlex surrogate: google/siglip2-so400m-patch16-naflex
Loading weights:   0%|          | 0/888 [00:00<?, ?it/s]Loading weights:  56%|█████▋    | 501/888 [00:00<00:00, 4989.96it/s]Loading weights: 100%|██████████| 888/888 [00:00<00:00, 4614.89it/s]
'The read operation timed out' thrown while requesting HEAD https://huggingface.co/google/siglip2-so400m-patch16-naflex/resolve/main/processor_config.json
Retrying in 1s [Retry 1/5].
'The read operation timed out' thrown while requesting HEAD https://huggingface.co/google/siglip2-so400m-patch16-naflex/resolve/main/processor_config.json
Retrying in 2s [Retry 2/5].
  Encoding 196 class prompts...
  Fixed meta keys: ['pixel_attention_mask', 'spatial_shapes']
  NaFlex: N=256 patches, patch_dim=768
setting parameters for standard version
shard1:   0%|          | 0/4 [00:00<?, ?it/s]using standard version including apgd-ce, apgd-t, fab-t, square.
initial accuracy: 1.56%
apgd-ce - 1/1 - 1 out of 1 successfully perturbed
robust accuracy after APGD-CE: 0.00% (total time 5.1 s)
max L1 perturbation: 300.00122, nan in tensor: 0, max: 1.00000, min: 0.00000
robust accuracy: 0.00%
shard1:  25%|██▌       | 1/4 [00:10<00:30, 10.02s/it]using standard version including apgd-ce, apgd-t, fab-t, square.
initial accuracy: 4.69%
apgd-ce - 1/1 - 3 out of 3 successfully perturbed
robust accuracy after APGD-CE: 0.00% (total time 5.8 s)
max L1 perturbation: 300.00085, nan in tensor: 0, max: 1.00000, min: 0.00000
robust accuracy: 0.00%
shard1:  50%|█████     | 2/4 [00:20<00:20, 10.03s/it]using standard version including apgd-ce, apgd-t, fab-t, square.
initial accuracy: 1.56%
apgd-ce - 1/1 - 1 out of 1 successfully perturbed
robust accuracy after APGD-CE: 0.00% (total time 5.2 s)
max L1 perturbation: 299.99902, nan in tensor: 0, max: 1.00000, min: 0.00000
robust accuracy: 0.00%
shard1:  75%|███████▌  | 3/4 [00:29<00:09,  9.74s/it]using standard version including apgd-ce, apgd-t, fab-t, square.
initial accuracy: 6.90%
apgd-ce - 1/1 - 4 out of 4 successfully perturbed
robust accuracy after APGD-CE: 0.00% (total time 7.0 s)
max L1 perturbation: 300.00018, nan in tensor: 0, max: 1.00000, min: 0.00000
robust accuracy: 0.00%
shard1: 100%|██████████| 4/4 [00:40<00:00, 10.14s/it]shard1: 100%|██████████| 4/4 [00:40<00:00, 10.07s/it]

  Shard 1 done: 250 images | clean=0.0360 | adv=0.0000
