  Using: NVIDIA H100 80GB HBM3

============================================================
  Dataset   : caltech101  [shard 3/4]
  Surrogate : siglip2_so400m
  Norm      : L1  eps=300.0  (AA: 300.00000)
  Device    : cuda
============================================================
  [shard] Waiting for download lock...
Data already present at /home/m/mheuill/links/scratch/robustgenbench/data_processed.
  Shard indices: 500–749  (250 samples of 1000 total)

Loading SigLIP2-SO400M-NaFlex surrogate: google/siglip2-so400m-patch16-naflex
Loading weights:   0%|          | 0/888 [00:00<?, ?it/s]Loading weights:  55%|█████▍    | 487/888 [00:00<00:00, 4860.76it/s]Loading weights: 100%|██████████| 888/888 [00:00<00:00, 4425.18it/s]
  Encoding 101 class prompts...
  Fixed meta keys: ['pixel_attention_mask', 'spatial_shapes']
  NaFlex: N=256 patches, patch_dim=768
setting parameters for standard version
shard2:   0%|          | 0/4 [00:00<?, ?it/s]using standard version including apgd-ce, apgd-t, fab-t, square.
initial accuracy: 84.38%
apgd-ce - 1/1 - 54 out of 54 successfully perturbed
robust accuracy after APGD-CE: 0.00% (total time 75.0 s)
max L1 perturbation: 300.00189, nan in tensor: 0, max: 1.00000, min: 0.00000
robust accuracy: 0.00%
shard2:  25%|██▌       | 1/4 [01:19<03:59, 80.00s/it]using standard version including apgd-ce, apgd-t, fab-t, square.
initial accuracy: 89.06%
apgd-ce - 1/1 - 57 out of 57 successfully perturbed
robust accuracy after APGD-CE: 0.00% (total time 88.4 s)
max L1 perturbation: 300.00241, nan in tensor: 0, max: 1.00000, min: 0.00000
robust accuracy: 0.00%
shard2:  50%|█████     | 2/4 [02:52<02:54, 87.44s/it]using standard version including apgd-ce, apgd-t, fab-t, square.
initial accuracy: 93.75%
apgd-ce - 1/1 - 59 out of 60 successfully perturbed
robust accuracy after APGD-CE: 1.56% (total time 94.5 s)
apgd-t - 1/1 - 0 out of 1 successfully perturbed
robust accuracy after APGD-T: 1.56% (total time 120.0 s)
fab-t - 1/1 - 0 out of 1 successfully perturbed
robust accuracy after FAB-T: 1.56% (total time 178.9 s)
square - 1/1 - 0 out of 1 successfully perturbed
robust accuracy after SQUARE: 1.56% (total time 290.6 s)
max L1 perturbation: 300.00226, nan in tensor: 0, max: 1.00000, min: 0.00000
robust accuracy: 1.56%
shard2:  75%|███████▌  | 3/4 [07:47<03:02, 182.18s/it]using standard version including apgd-ce, apgd-t, fab-t, square.
initial accuracy: 87.93%
apgd-ce - 1/1 - 51 out of 51 successfully perturbed
robust accuracy after APGD-CE: 0.00% (total time 64.3 s)
max L1 perturbation: 300.00146, nan in tensor: 0, max: 1.00000, min: 0.00000
robust accuracy: 0.00%
shard2: 100%|██████████| 4/4 [08:55<00:00, 137.14s/it]shard2: 100%|██████████| 4/4 [08:55<00:00, 133.93s/it]

  Shard 2 done: 250 images | clean=0.8880 | adv=0.0040
