  Using: NVIDIA H100 80GB HBM3

============================================================
  Dataset   : caltech101  [shard 2/4]
  Surrogate : siglip2_so400m
  Norm      : L1  eps=300.0  (AA: 300.00000)
  Device    : cuda
============================================================
  [shard] Waiting for download lock...
Data already present at /home/m/mheuill/links/scratch/robustgenbench/data_processed.
  Shard indices: 250–499  (250 samples of 1000 total)

Loading SigLIP2-SO400M-NaFlex surrogate: google/siglip2-so400m-patch16-naflex
Loading weights:   0%|          | 0/888 [00:00<?, ?it/s]Loading weights:  60%|██████    | 536/888 [00:00<00:00, 5355.49it/s]Loading weights: 100%|██████████| 888/888 [00:00<00:00, 4829.17it/s]
  Encoding 101 class prompts...
setting parameters for standard version
shard1:   0%|          | 0/4 [00:00<?, ?it/s]using standard version including apgd-ce, apgd-t, fab-t, square.
initial accuracy: 21.88%
apgd-ce - 1/1 - 14 out of 14 successfully perturbed
robust accuracy after APGD-CE: 0.00% (total time 14.7 s)
max L1 perturbation: 300.00238, nan in tensor: 0, max: 1.00000, min: 0.00000
robust accuracy: 0.00%
shard1:  25%|██▌       | 1/4 [00:18<00:56, 18.88s/it]using standard version including apgd-ce, apgd-t, fab-t, square.
initial accuracy: 18.75%
apgd-ce - 1/1 - 12 out of 12 successfully perturbed
robust accuracy after APGD-CE: 0.00% (total time 13.6 s)
max L1 perturbation: 300.00189, nan in tensor: 0, max: 1.00000, min: 0.00000
robust accuracy: 0.00%
shard1:  50%|█████     | 2/4 [00:35<00:35, 17.81s/it]using standard version including apgd-ce, apgd-t, fab-t, square.
initial accuracy: 12.50%
apgd-ce - 1/1 - 8 out of 8 successfully perturbed
robust accuracy after APGD-CE: 0.00% (total time 9.2 s)
max L1 perturbation: 300.00122, nan in tensor: 0, max: 1.00000, min: 0.00000
robust accuracy: 0.00%
shard1:  75%|███████▌  | 3/4 [00:48<00:15, 15.50s/it]using standard version including apgd-ce, apgd-t, fab-t, square.
initial accuracy: 15.52%
apgd-ce - 1/1 - 9 out of 9 successfully perturbed
robust accuracy after APGD-CE: 0.00% (total time 9.6 s)
max L1 perturbation: 300.00159, nan in tensor: 0, max: 1.00000, min: 0.00000
robust accuracy: 0.00%
shard1: 100%|██████████| 4/4 [01:01<00:00, 14.51s/it]shard1: 100%|██████████| 4/4 [01:01<00:00, 15.44s/it]

  Shard 1 done: 250 images | clean=0.1720 | adv=0.0000
