  Using: NVIDIA H100 80GB HBM3

============================================================
  Dataset   : caltech101  [shard 3/4]
  Surrogate : siglip2_so400m
  Norm      : L1  eps=300.0  (AA: 300.00000)
  Device    : cuda
============================================================
  [shard] Waiting for download lock...
Data already present at /home/m/mheuill/links/scratch/robustgenbench/data_processed.
  Shard indices: 500–749  (250 samples of 1000 total)

Loading SigLIP2-SO400M-NaFlex surrogate: google/siglip2-so400m-patch16-naflex
Loading weights:   0%|          | 0/888 [00:00<?, ?it/s]Loading weights:  57%|█████▋    | 509/888 [00:00<00:00, 5058.14it/s]Loading weights: 100%|██████████| 888/888 [00:00<00:00, 4801.64it/s]
  Encoding 101 class prompts...
setting parameters for standard version
shard2:   0%|          | 0/4 [00:00<?, ?it/s]using standard version including apgd-ce, apgd-t, fab-t, square.
initial accuracy: 21.88%
apgd-ce - 1/1 - 14 out of 14 successfully perturbed
robust accuracy after APGD-CE: 0.00% (total time 14.6 s)
max L1 perturbation: 300.00092, nan in tensor: 0, max: 1.00000, min: 0.00000
robust accuracy: 0.00%
shard2:  25%|██▌       | 1/4 [00:18<00:56, 18.91s/it]using standard version including apgd-ce, apgd-t, fab-t, square.
initial accuracy: 18.75%
apgd-ce - 1/1 - 12 out of 12 successfully perturbed
robust accuracy after APGD-CE: 0.00% (total time 13.6 s)
max L1 perturbation: 300.00082, nan in tensor: 0, max: 1.00000, min: 0.00000
robust accuracy: 0.00%
shard2:  50%|█████     | 2/4 [00:36<00:35, 17.87s/it]using standard version including apgd-ce, apgd-t, fab-t, square.
initial accuracy: 23.44%
apgd-ce - 1/1 - 15 out of 15 successfully perturbed
robust accuracy after APGD-CE: 0.00% (total time 15.4 s)
max L1 perturbation: 300.00122, nan in tensor: 0, max: 1.00000, min: 0.00000
robust accuracy: 0.00%
shard2:  75%|███████▌  | 3/4 [00:54<00:18, 18.35s/it]using standard version including apgd-ce, apgd-t, fab-t, square.
initial accuracy: 18.97%
apgd-ce - 1/1 - 11 out of 11 successfully perturbed
robust accuracy after APGD-CE: 0.00% (total time 12.8 s)
max L1 perturbation: 300.00116, nan in tensor: 0, max: 1.00000, min: 0.00000
robust accuracy: 0.00%
shard2: 100%|██████████| 4/4 [01:11<00:00, 17.52s/it]shard2: 100%|██████████| 4/4 [01:11<00:00, 17.82s/it]

  Shard 2 done: 250 images | clean=0.2080 | adv=0.0000
