  Using: NVIDIA H100 80GB HBM3

============================================================
  Dataset   : caltech101  [shard 2/4]
  Surrogate : siglip2_so400m
  Norm      : L1  eps=300.0  (AA: 300.00000)
  Device    : cuda
============================================================
  [shard] Waiting for download lock...
Data already present at /home/m/mheuill/links/scratch/robustgenbench/data_processed.
  Shard indices: 250–499  (250 samples of 1000 total)

Loading SigLIP2-SO400M-NaFlex surrogate: google/siglip2-so400m-patch16-naflex
Loading weights:   0%|          | 0/888 [00:00<?, ?it/s]Loading weights:  56%|█████▌    | 494/888 [00:00<00:00, 4937.80it/s]Loading weights: 100%|██████████| 888/888 [00:00<00:00, 4603.73it/s]
  Encoding 101 class prompts...
  Fixed meta keys: ['pixel_attention_mask', 'spatial_shapes']
  NaFlex: N=256 patches, patch_dim=768
setting parameters for standard version
shard1:   0%|          | 0/4 [00:00<?, ?it/s]using standard version including apgd-ce, apgd-t, fab-t, square.
initial accuracy: 92.19%
apgd-ce - 1/1 - 58 out of 59 successfully perturbed
robust accuracy after APGD-CE: 1.56% (total time 94.4 s)
apgd-t - 1/1 - 0 out of 1 successfully perturbed
robust accuracy after APGD-T: 1.56% (total time 121.1 s)
fab-t - 1/1 - 0 out of 1 successfully perturbed
robust accuracy after FAB-T: 1.56% (total time 180.2 s)
square - 1/1 - 0 out of 1 successfully perturbed
robust accuracy after SQUARE: 1.56% (total time 291.1 s)
max L1 perturbation: 300.00159, nan in tensor: 0, max: 1.00000, min: 0.00000
robust accuracy: 1.56%
shard1:  25%|██▌       | 1/4 [04:56<14:48, 296.08s/it]using standard version including apgd-ce, apgd-t, fab-t, square.
initial accuracy: 92.19%
apgd-ce - 1/1 - 59 out of 59 successfully perturbed
robust accuracy after APGD-CE: 0.00% (total time 76.1 s)
max L1 perturbation: 300.00238, nan in tensor: 0, max: 1.00000, min: 0.00000
robust accuracy: 0.00%
shard1:  50%|█████     | 2/4 [06:16<05:38, 169.21s/it]using standard version including apgd-ce, apgd-t, fab-t, square.
initial accuracy: 87.50%
apgd-ce - 1/1 - 56 out of 56 successfully perturbed
robust accuracy after APGD-CE: 0.00% (total time 70.6 s)
max L1 perturbation: 300.00165, nan in tensor: 0, max: 1.00000, min: 0.00000
robust accuracy: 0.00%
shard1:  75%|███████▌  | 3/4 [07:31<02:06, 126.13s/it]using standard version including apgd-ce, apgd-t, fab-t, square.
initial accuracy: 94.83%
apgd-ce - 1/1 - 55 out of 55 successfully perturbed
robust accuracy after APGD-CE: 0.00% (total time 68.8 s)
max L1 perturbation: 300.00128, nan in tensor: 0, max: 1.00000, min: 0.00000
robust accuracy: 0.00%
shard1: 100%|██████████| 4/4 [08:43<00:00, 105.01s/it]shard1: 100%|██████████| 4/4 [08:44<00:00, 131.01s/it]

  Shard 1 done: 250 images | clean=0.9160 | adv=0.0040
