  Using: NVIDIA H100 80GB HBM3

============================================================
  Dataset   : stanford_cars  [shard 3/4]
  Surrogate : siglip2_so400m
  Norm      : L1  eps=300.0  (AA: 300.00000)
  Device    : cuda
============================================================
  [shard] Waiting for download lock...
Data already present at /home/m/mheuill/links/scratch/robustgenbench/data_processed.
  Shard indices: 500–749  (250 samples of 1000 total)

Loading SigLIP2-SO400M-NaFlex surrogate: google/siglip2-so400m-patch16-naflex
Loading weights:   0%|          | 0/888 [00:00<?, ?it/s]Loading weights:  55%|█████▌    | 491/888 [00:00<00:00, 4908.41it/s]Loading weights: 100%|██████████| 888/888 [00:00<00:00, 4492.98it/s]
'The read operation timed out' thrown while requesting HEAD https://huggingface.co/google/siglip2-so400m-patch16-naflex/resolve/main/processor_config.json
Retrying in 1s [Retry 1/5].
  Encoding 196 class prompts...
  Fixed meta keys: ['pixel_attention_mask', 'spatial_shapes']
  NaFlex: N=256 patches, patch_dim=768
setting parameters for standard version
shard2:   0%|          | 0/4 [00:00<?, ?it/s]using standard version including apgd-ce, apgd-t, fab-t, square.
initial accuracy: 10.94%
apgd-ce - 1/1 - 7 out of 7 successfully perturbed
robust accuracy after APGD-CE: 0.00% (total time 9.7 s)
max L1 perturbation: 300.00070, nan in tensor: 0, max: 1.00000, min: 0.00000
robust accuracy: 0.00%
shard2:  25%|██▌       | 1/4 [00:14<00:43, 14.62s/it]using standard version including apgd-ce, apgd-t, fab-t, square.
initial accuracy: 6.25%
apgd-ce - 1/1 - 4 out of 4 successfully perturbed
robust accuracy after APGD-CE: 0.00% (total time 7.0 s)
max L1 perturbation: 299.99994, nan in tensor: 0, max: 1.00000, min: 0.00000
robust accuracy: 0.00%
shard2:  50%|█████     | 2/4 [00:25<00:25, 12.61s/it]using standard version including apgd-ce, apgd-t, fab-t, square.
initial accuracy: 3.12%
apgd-ce - 1/1 - 2 out of 2 successfully perturbed
robust accuracy after APGD-CE: 0.00% (total time 5.5 s)
max L1 perturbation: 300.00085, nan in tensor: 0, max: 1.00000, min: 0.00000
robust accuracy: 0.00%
shard2:  75%|███████▌  | 3/4 [00:35<00:11, 11.28s/it]using standard version including apgd-ce, apgd-t, fab-t, square.
initial accuracy: 5.17%
apgd-ce - 1/1 - 3 out of 3 successfully perturbed
robust accuracy after APGD-CE: 0.00% (total time 5.9 s)
max L1 perturbation: 300.00061, nan in tensor: 0, max: 1.00000, min: 0.00000
robust accuracy: 0.00%
shard2: 100%|██████████| 4/4 [00:45<00:00, 10.62s/it]shard2: 100%|██████████| 4/4 [00:45<00:00, 11.30s/it]

  Shard 2 done: 250 images | clean=0.0640 | adv=0.0000
