  Using: NVIDIA H100 80GB HBM3

============================================================
  Dataset   : caltech101  [shard 1/4]
  Surrogate : siglip2_so400m
  Norm      : L1  eps=300.0  (AA: 300.00000)
  Device    : cuda
============================================================
  [shard] Waiting for download lock...
Data already present at /home/m/mheuill/links/scratch/robustgenbench/data_processed.
  Shard indices: 0–249  (250 samples of 1000 total)

Loading SigLIP2-SO400M-NaFlex surrogate: google/siglip2-so400m-patch16-naflex
Loading weights:   0%|          | 0/888 [00:00<?, ?it/s]Loading weights:  66%|██████▌   | 583/888 [00:00<00:00, 5818.77it/s]Loading weights: 100%|██████████| 888/888 [00:00<00:00, 5257.06it/s]
  Encoding 101 class prompts...
  Fixed meta keys: ['pixel_attention_mask', 'spatial_shapes']
  NaFlex: N=256 patches, patch_dim=768
setting parameters for standard version
shard0:   0%|          | 0/4 [00:00<?, ?it/s]using standard version including apgd-ce, apgd-t, fab-t, square.
initial accuracy: 95.31%
apgd-ce - 1/1 - 61 out of 61 successfully perturbed
robust accuracy after APGD-CE: 0.00% (total time 94.2 s)
max L1 perturbation: 300.00162, nan in tensor: 0, max: 1.00000, min: 0.00000
robust accuracy: 0.00%
shard0:  25%|██▌       | 1/4 [01:39<04:57, 99.10s/it]using standard version including apgd-ce, apgd-t, fab-t, square.
initial accuracy: 92.19%
apgd-ce - 1/1 - 58 out of 59 successfully perturbed
robust accuracy after APGD-CE: 1.56% (total time 94.6 s)
apgd-t - 1/1 - 0 out of 1 successfully perturbed
robust accuracy after APGD-T: 1.56% (total time 121.0 s)
fab-t - 1/1 - 0 out of 1 successfully perturbed
robust accuracy after FAB-T: 1.56% (total time 179.6 s)
square - 1/1 - 0 out of 1 successfully perturbed
robust accuracy after SQUARE: 1.56% (total time 290.1 s)
max L1 perturbation: 300.00287, nan in tensor: 0, max: 1.00000, min: 0.00000
robust accuracy: 1.56%
shard0:  50%|█████     | 2/4 [06:33<07:08, 214.01s/it]using standard version including apgd-ce, apgd-t, fab-t, square.
initial accuracy: 92.19%
apgd-ce - 1/1 - 58 out of 59 successfully perturbed
robust accuracy after APGD-CE: 1.56% (total time 93.7 s)
apgd-t - 1/1 - 0 out of 1 successfully perturbed
robust accuracy after APGD-T: 1.56% (total time 120.4 s)
fab-t - 1/1 - 0 out of 1 successfully perturbed
robust accuracy after FAB-T: 1.56% (total time 179.0 s)
square - 1/1 - 0 out of 1 successfully perturbed
robust accuracy after SQUARE: 1.56% (total time 289.7 s)
max L1 perturbation: 300.00119, nan in tensor: 0, max: 1.00000, min: 0.00000
robust accuracy: 1.56%
shard0:  75%|███████▌  | 3/4 [11:27<04:10, 250.52s/it]using standard version including apgd-ce, apgd-t, fab-t, square.
initial accuracy: 96.55%
apgd-ce - 1/1 - 56 out of 56 successfully perturbed
robust accuracy after APGD-CE: 0.00% (total time 86.7 s)
max L1 perturbation: 300.00165, nan in tensor: 0, max: 1.00000, min: 0.00000
robust accuracy: 0.00%
shard0: 100%|██████████| 4/4 [12:58<00:00, 187.34s/it]shard0: 100%|██████████| 4/4 [12:58<00:00, 194.52s/it]

  Shard 0 done: 250 images | clean=0.9400 | adv=0.0080
