  Using: NVIDIA H100 80GB HBM3

============================================================
  Dataset   : oxford-iiit-pet  [shard 3/4]
  Surrogate : siglip2_so400m
  Norm      : L1  eps=300.0  (AA: 300.00000)
  Device    : cuda
============================================================
  [shard] Waiting for download lock...
Data already present at /home/m/mheuill/links/scratch/robustgenbench/data_processed.
  Shard indices: 500–749  (250 samples of 1000 total)

Loading SigLIP2-SO400M-NaFlex surrogate: google/siglip2-so400m-patch16-naflex
Loading weights:   0%|          | 0/888 [00:00<?, ?it/s]Loading weights:  54%|█████▍    | 483/888 [00:00<00:00, 4826.86it/s]Loading weights: 100%|██████████| 888/888 [00:00<00:00, 4444.21it/s]
  Encoding 37 class prompts...
  Fixed meta keys: ['pixel_attention_mask', 'spatial_shapes']
  NaFlex: N=256 patches, patch_dim=768
setting parameters for standard version
shard2:   0%|          | 0/4 [00:00<?, ?it/s]using standard version including apgd-ce, apgd-t, fab-t, square.
initial accuracy: 12.50%
apgd-ce - 1/1 - 8 out of 8 successfully perturbed
robust accuracy after APGD-CE: 0.00% (total time 12.2 s)
max L1 perturbation: 300.00159, nan in tensor: 0, max: 1.00000, min: 0.00000
robust accuracy: 0.00%
shard2:  25%|██▌       | 1/4 [00:17<00:51, 17.11s/it]using standard version including apgd-ce, apgd-t, fab-t, square.
initial accuracy: 18.75%
apgd-ce - 1/1 - 12 out of 12 successfully perturbed
robust accuracy after APGD-CE: 0.00% (total time 15.8 s)
max L1 perturbation: 300.00085, nan in tensor: 0, max: 1.00000, min: 0.00000
robust accuracy: 0.00%
shard2:  50%|█████     | 2/4 [00:37<00:37, 18.88s/it]using standard version including apgd-ce, apgd-t, fab-t, square.
initial accuracy: 18.75%
apgd-ce - 1/1 - 12 out of 12 successfully perturbed
robust accuracy after APGD-CE: 0.00% (total time 15.7 s)
max L1 perturbation: 300.00137, nan in tensor: 0, max: 1.00000, min: 0.00000
robust accuracy: 0.00%
shard2:  75%|███████▌  | 3/4 [00:57<00:19, 19.39s/it]using standard version including apgd-ce, apgd-t, fab-t, square.
initial accuracy: 17.24%
apgd-ce - 1/1 - 10 out of 10 successfully perturbed
robust accuracy after APGD-CE: 0.00% (total time 14.0 s)
max L1 perturbation: 300.00156, nan in tensor: 0, max: 1.00000, min: 0.00000
robust accuracy: 0.00%
shard2: 100%|██████████| 4/4 [01:14<00:00, 18.74s/it]shard2: 100%|██████████| 4/4 [01:15<00:00, 18.76s/it]

  Shard 2 done: 250 images | clean=0.1680 | adv=0.0000
