  Using: NVIDIA H100 80GB HBM3

============================================================
  Dataset   : flowers-102  [shard 1/4]
  Surrogate : siglip2_so400m
  Norm      : L1  eps=300.0  (AA: 300.00000)
  Device    : cuda
============================================================
  [shard] Waiting for download lock...
Data already present at /home/m/mheuill/links/scratch/robustgenbench/data_processed.
  Shard indices: 0–249  (250 samples of 1000 total)

Loading SigLIP2-SO400M-NaFlex surrogate: google/siglip2-so400m-patch16-naflex
Loading weights:   0%|          | 0/888 [00:00<?, ?it/s]Loading weights:  83%|████████▎ | 740/888 [00:00<00:00, 7398.53it/s]Loading weights: 100%|██████████| 888/888 [00:00<00:00, 7539.86it/s]
  Encoding 102 class prompts...
  Fixed meta keys: ['pixel_attention_mask', 'spatial_shapes']
  NaFlex: N=256 patches, patch_dim=768
setting parameters for standard version
shard0:   0%|          | 0/4 [00:00<?, ?it/s]using standard version including apgd-ce, apgd-t, fab-t, square.
initial accuracy: 90.62%
apgd-ce - 1/1 - 58 out of 58 successfully perturbed
robust accuracy after APGD-CE: 0.00% (total time 81.1 s)
max L1 perturbation: 300.00140, nan in tensor: 0, max: 1.00000, min: 0.00000
robust accuracy: 0.00%
shard0:  25%|██▌       | 1/4 [01:26<04:18, 86.16s/it]using standard version including apgd-ce, apgd-t, fab-t, square.
initial accuracy: 90.62%
apgd-ce - 1/1 - 58 out of 58 successfully perturbed
robust accuracy after APGD-CE: 0.00% (total time 81.2 s)
max L1 perturbation: 300.00165, nan in tensor: 0, max: 1.00000, min: 0.00000
robust accuracy: 0.00%
shard0:  50%|█████     | 2/4 [02:51<02:51, 85.83s/it]using standard version including apgd-ce, apgd-t, fab-t, square.
initial accuracy: 92.19%
apgd-ce - 1/1 - 59 out of 59 successfully perturbed
robust accuracy after APGD-CE: 0.00% (total time 70.6 s)
max L1 perturbation: 300.00143, nan in tensor: 0, max: 1.00000, min: 0.00000
robust accuracy: 0.00%
shard0:  75%|███████▌  | 3/4 [04:06<01:20, 80.89s/it]using standard version including apgd-ce, apgd-t, fab-t, square.
initial accuracy: 84.48%
apgd-ce - 1/1 - 49 out of 49 successfully perturbed
robust accuracy after APGD-CE: 0.00% (total time 75.9 s)
max L1 perturbation: 300.00143, nan in tensor: 0, max: 1.00000, min: 0.00000
robust accuracy: 0.00%
shard0: 100%|██████████| 4/4 [05:26<00:00, 80.44s/it]shard0: 100%|██████████| 4/4 [05:26<00:00, 81.64s/it]

  Shard 0 done: 250 images | clean=0.8960 | adv=0.0000
