  Using: NVIDIA H100 80GB HBM3

============================================================
  Dataset   : caltech101  [shard 4/4]
  Surrogate : siglip2_so400m
  Norm      : L1  eps=300.0  (AA: 300.00000)
  Device    : cuda
============================================================
  [shard] Waiting for download lock...
Data already present at /home/m/mheuill/links/scratch/robustgenbench/data_processed.
  Shard indices: 750–999  (250 samples of 1000 total)

Loading SigLIP2-SO400M-NaFlex surrogate: google/siglip2-so400m-patch16-naflex
Loading weights:   0%|          | 0/888 [00:00<?, ?it/s]Loading weights:  82%|████████▏ | 730/888 [00:00<00:00, 7295.05it/s]Loading weights: 100%|██████████| 888/888 [00:00<00:00, 7472.37it/s]
  Encoding 101 class prompts...
setting parameters for standard version
shard3:   0%|          | 0/4 [00:00<?, ?it/s]using standard version including apgd-ce, apgd-t, fab-t, square.
initial accuracy: 15.62%
apgd-ce - 1/1 - 10 out of 10 successfully perturbed
robust accuracy after APGD-CE: 0.00% (total time 11.6 s)
max L1 perturbation: 300.00098, nan in tensor: 0, max: 1.00000, min: 0.00000
robust accuracy: 0.00%
shard3:  25%|██▌       | 1/4 [00:15<00:47, 15.76s/it]using standard version including apgd-ce, apgd-t, fab-t, square.
initial accuracy: 18.75%
apgd-ce - 1/1 - 12 out of 12 successfully perturbed
robust accuracy after APGD-CE: 0.00% (total time 13.6 s)
max L1 perturbation: 300.00232, nan in tensor: 0, max: 1.00000, min: 0.00000
robust accuracy: 0.00%
shard3:  50%|█████     | 2/4 [00:32<00:33, 16.57s/it]using standard version including apgd-ce, apgd-t, fab-t, square.
initial accuracy: 17.19%
apgd-ce - 1/1 - 11 out of 11 successfully perturbed
robust accuracy after APGD-CE: 0.00% (total time 12.8 s)
max L1 perturbation: 300.00095, nan in tensor: 0, max: 1.00000, min: 0.00000
robust accuracy: 0.00%
shard3:  75%|███████▌  | 3/4 [00:49<00:16, 16.51s/it]using standard version including apgd-ce, apgd-t, fab-t, square.
initial accuracy: 29.31%
apgd-ce - 1/1 - 17 out of 17 successfully perturbed
robust accuracy after APGD-CE: 0.00% (total time 16.8 s)
max L1 perturbation: 300.00140, nan in tensor: 0, max: 1.00000, min: 0.00000
robust accuracy: 0.00%
shard3: 100%|██████████| 4/4 [01:09<00:00, 17.94s/it]shard3: 100%|██████████| 4/4 [01:09<00:00, 17.38s/it]

  Shard 3 done: 250 images | clean=0.2000 | adv=0.0000
