  Using: NVIDIA H100 80GB HBM3

============================================================
  Dataset   : flowers-102  [shard 3/4]
  Surrogate : siglip2_so400m
  Norm      : L1  eps=300.0  (AA: 300.00000)
  Device    : cuda
============================================================
  [shard] Waiting for download lock...
Data already present at /home/m/mheuill/links/scratch/robustgenbench/data_processed.
  Shard indices: 500–749  (250 samples of 1000 total)

Loading SigLIP2-SO400M-NaFlex surrogate: google/siglip2-so400m-patch16-naflex
Loading weights:   0%|          | 0/888 [00:00<?, ?it/s]Loading weights:  54%|█████▍    | 479/888 [00:00<00:00, 4773.70it/s]Loading weights: 100%|██████████| 888/888 [00:00<00:00, 4426.37it/s]
  Encoding 102 class prompts...
  Fixed meta keys: ['pixel_attention_mask', 'spatial_shapes']
  NaFlex: N=256 patches, patch_dim=768
setting parameters for standard version
shard2:   0%|          | 0/4 [00:00<?, ?it/s]using standard version including apgd-ce, apgd-t, fab-t, square.
initial accuracy: 96.88%
apgd-ce - 1/1 - 62 out of 62 successfully perturbed
robust accuracy after APGD-CE: 0.00% (total time 71.8 s)
max L1 perturbation: 300.00067, nan in tensor: 0, max: 1.00000, min: 0.00000
robust accuracy: 0.00%
shard2:  25%|██▌       | 1/4 [01:16<03:50, 76.90s/it]using standard version including apgd-ce, apgd-t, fab-t, square.
initial accuracy: 90.62%
apgd-ce - 1/1 - 58 out of 58 successfully perturbed
robust accuracy after APGD-CE: 0.00% (total time 69.7 s)
max L1 perturbation: 300.00171, nan in tensor: 0, max: 1.00000, min: 0.00000
robust accuracy: 0.00%
shard2:  50%|█████     | 2/4 [02:30<02:30, 75.24s/it]using standard version including apgd-ce, apgd-t, fab-t, square.
initial accuracy: 89.06%
apgd-ce - 1/1 - 57 out of 57 successfully perturbed
robust accuracy after APGD-CE: 0.00% (total time 68.9 s)
max L1 perturbation: 300.00089, nan in tensor: 0, max: 1.00000, min: 0.00000
robust accuracy: 0.00%
shard2:  75%|███████▌  | 3/4 [03:44<01:14, 74.32s/it]using standard version including apgd-ce, apgd-t, fab-t, square.
initial accuracy: 89.66%
apgd-ce - 1/1 - 52 out of 52 successfully perturbed
robust accuracy after APGD-CE: 0.00% (total time 66.4 s)
max L1 perturbation: 300.00067, nan in tensor: 0, max: 1.00000, min: 0.00000
robust accuracy: 0.00%
shard2: 100%|██████████| 4/4 [04:54<00:00, 72.69s/it]shard2: 100%|██████████| 4/4 [04:54<00:00, 73.62s/it]

  Shard 2 done: 250 images | clean=0.9160 | adv=0.0000
