  Using: NVIDIA H100 80GB HBM3

============================================================
  Dataset   : oxford-iiit-pet  [shard 1/4]
  Surrogate : siglip2_so400m
  Norm      : L1  eps=300.0  (AA: 300.00000)
  Device    : cuda
============================================================
  [shard] Waiting for download lock...
Data already present at /home/m/mheuill/links/scratch/robustgenbench/data_processed.
  Shard indices: 0–249  (250 samples of 1000 total)

Loading SigLIP2-SO400M-NaFlex surrogate: google/siglip2-so400m-patch16-naflex
Loading weights:   0%|          | 0/888 [00:00<?, ?it/s]Loading weights:  79%|███████▉  | 705/888 [00:00<00:00, 7034.73it/s]Loading weights: 100%|██████████| 888/888 [00:00<00:00, 6593.50it/s]
  Encoding 37 class prompts...
  Fixed meta keys: ['pixel_attention_mask', 'spatial_shapes']
  NaFlex: N=256 patches, patch_dim=768
setting parameters for standard version
shard0:   0%|          | 0/4 [00:00<?, ?it/s]using standard version including apgd-ce, apgd-t, fab-t, square.
initial accuracy: 15.62%
apgd-ce - 1/1 - 10 out of 10 successfully perturbed
robust accuracy after APGD-CE: 0.00% (total time 14.0 s)
max L1 perturbation: 300.00208, nan in tensor: 0, max: 1.00000, min: 0.00000
robust accuracy: 0.00%
shard0:  25%|██▌       | 1/4 [00:18<00:56, 18.91s/it]using standard version including apgd-ce, apgd-t, fab-t, square.
initial accuracy: 12.50%
apgd-ce - 1/1 - 8 out of 8 successfully perturbed
robust accuracy after APGD-CE: 0.00% (total time 12.0 s)
max L1 perturbation: 300.00214, nan in tensor: 0, max: 1.00000, min: 0.00000
robust accuracy: 0.00%
shard0:  50%|█████     | 2/4 [00:35<00:34, 17.36s/it]using standard version including apgd-ce, apgd-t, fab-t, square.
initial accuracy: 12.50%
apgd-ce - 1/1 - 8 out of 8 successfully perturbed
robust accuracy after APGD-CE: 0.00% (total time 12.1 s)
max L1 perturbation: 300.00085, nan in tensor: 0, max: 1.00000, min: 0.00000
robust accuracy: 0.00%
shard0:  75%|███████▌  | 3/4 [00:51<00:16, 16.88s/it]using standard version including apgd-ce, apgd-t, fab-t, square.
initial accuracy: 5.17%
apgd-ce - 1/1 - 3 out of 3 successfully perturbed
robust accuracy after APGD-CE: 0.00% (total time 5.8 s)
max L1 perturbation: 300.00027, nan in tensor: 0, max: 1.00000, min: 0.00000
robust accuracy: 0.00%
shard0: 100%|██████████| 4/4 [01:01<00:00, 14.01s/it]shard0: 100%|██████████| 4/4 [01:01<00:00, 15.29s/it]

  Shard 0 done: 250 images | clean=0.1160 | adv=0.0000
