  Using: NVIDIA H100 80GB HBM3

============================================================
  Dataset   : oxford-iiit-pet  [shard 2/4]
  Surrogate : siglip2_so400m
  Norm      : L1  eps=300.0  (AA: 300.00000)
  Device    : cuda
============================================================
  [shard] Waiting for download lock...
Data already present at /home/m/mheuill/links/scratch/robustgenbench/data_processed.
  Shard indices: 250–499  (250 samples of 1000 total)

Loading SigLIP2-SO400M-NaFlex surrogate: google/siglip2-so400m-patch16-naflex
Loading weights:   0%|          | 0/888 [00:00<?, ?it/s]Loading weights:  88%|████████▊ | 783/888 [00:00<00:00, 7819.77it/s]Loading weights: 100%|██████████| 888/888 [00:00<00:00, 7389.50it/s]
  Encoding 37 class prompts...
setting parameters for standard version
shard1:   0%|          | 0/4 [00:00<?, ?it/s]using standard version including apgd-ce, apgd-t, fab-t, square.
initial accuracy: 0.00%
max L1 perturbation: 0.00000, nan in tensor: 0, max: 1.00000, min: 0.00000
robust accuracy: 0.00%
shard1:  25%|██▌       | 1/4 [00:04<00:13,  4.36s/it]using standard version including apgd-ce, apgd-t, fab-t, square.
initial accuracy: 4.69%
apgd-ce - 1/1 - 3 out of 3 successfully perturbed
robust accuracy after APGD-CE: 0.00% (total time 5.9 s)
max L1 perturbation: 300.00037, nan in tensor: 0, max: 1.00000, min: 0.00000
robust accuracy: 0.00%
shard1:  50%|█████     | 2/4 [00:13<00:14,  7.44s/it]using standard version including apgd-ce, apgd-t, fab-t, square.
initial accuracy: 1.56%
apgd-ce - 1/1 - 1 out of 1 successfully perturbed
robust accuracy after APGD-CE: 0.00% (total time 5.1 s)
max L1 perturbation: 300.00037, nan in tensor: 0, max: 1.00000, min: 0.00000
robust accuracy: 0.00%
shard1:  75%|███████▌  | 3/4 [00:22<00:08,  8.05s/it]using standard version including apgd-ce, apgd-t, fab-t, square.
initial accuracy: 5.17%
apgd-ce - 1/1 - 3 out of 3 successfully perturbed
robust accuracy after APGD-CE: 0.00% (total time 5.9 s)
max L1 perturbation: 300.00049, nan in tensor: 0, max: 1.00000, min: 0.00000
robust accuracy: 0.00%
shard1: 100%|██████████| 4/4 [00:32<00:00,  8.59s/it]shard1: 100%|██████████| 4/4 [00:32<00:00,  8.06s/it]

  Shard 1 done: 250 images | clean=0.0280 | adv=0.0000
