  Using: NVIDIA H100 80GB HBM3

============================================================
  Dataset   : flowers-102  [shard 3/4]
  Surrogate : siglip2_so400m
  Norm      : L1  eps=300.0  (AA: 300.00000)
  Device    : cuda
============================================================
  [shard] Waiting for download lock...
Data already present at /home/m/mheuill/links/scratch/robustgenbench/data_processed.
  Shard indices: 500–749  (250 samples of 1000 total)

Loading SigLIP2-SO400M-NaFlex surrogate: google/siglip2-so400m-patch16-naflex
Loading weights:   0%|          | 0/888 [00:00<?, ?it/s]Loading weights:  55%|█████▍    | 488/888 [00:00<00:00, 4876.83it/s]Loading weights: 100%|██████████| 888/888 [00:00<00:00, 4500.21it/s]
  Encoding 102 class prompts...
setting parameters for standard version
shard2:   0%|          | 0/4 [00:00<?, ?it/s]using standard version including apgd-ce, apgd-t, fab-t, square.
initial accuracy: 0.00%
max L1 perturbation: 0.00000, nan in tensor: 0, max: 1.00000, min: 0.00000
robust accuracy: 0.00%
shard2:  25%|██▌       | 1/4 [00:04<00:13,  4.40s/it]using standard version including apgd-ce, apgd-t, fab-t, square.
initial accuracy: 1.56%
apgd-ce - 1/1 - 1 out of 1 successfully perturbed
robust accuracy after APGD-CE: 0.00% (total time 5.0 s)
max L1 perturbation: 300.00018, nan in tensor: 0, max: 1.00000, min: 0.00000
robust accuracy: 0.00%
shard2:  50%|█████     | 2/4 [00:13<00:13,  6.96s/it]using standard version including apgd-ce, apgd-t, fab-t, square.
initial accuracy: 0.00%
max L1 perturbation: 0.00000, nan in tensor: 0, max: 1.00000, min: 0.00000
robust accuracy: 0.00%
shard2:  75%|███████▌  | 3/4 [00:16<00:05,  5.47s/it]using standard version including apgd-ce, apgd-t, fab-t, square.
initial accuracy: 0.00%
max L1 perturbation: 0.00000, nan in tensor: 0, max: 1.00000, min: 0.00000
robust accuracy: 0.00%
shard2: 100%|██████████| 4/4 [00:20<00:00,  4.69s/it]shard2: 100%|██████████| 4/4 [00:20<00:00,  5.10s/it]

  Shard 2 done: 250 images | clean=0.0040 | adv=0.0000
