  Using: NVIDIA H100 80GB HBM3

============================================================
  Dataset   : uc-merced-land-use-dataset  [shard 4/4]
  Surrogate : siglip2_so400m
  Norm      : L1  eps=75.0  (AA: 75.00000)
  Device    : cuda
============================================================
  [shard] Waiting for download lock...
Data already present at /home/m/mheuill/links/scratch/robustgenbench/data_processed.
  Shard indices: 315–419  (105 samples of 420 total)

Loading SigLIP2-SO400M-NaFlex surrogate: google/siglip2-so400m-patch16-naflex
Loading weights:   0%|          | 0/888 [00:00<?, ?it/s]Loading weights:  68%|██████▊   | 606/888 [00:00<00:00, 6058.75it/s]Loading weights: 100%|██████████| 888/888 [00:00<00:00, 5194.26it/s]
  Encoding 21 class prompts...
setting parameters for standard version
shard3:   0%|          | 0/2 [00:00<?, ?it/s]using standard version including apgd-ce, apgd-t, fab-t, square.
initial accuracy: 6.25%
apgd-ce - 1/1 - 4 out of 4 successfully perturbed
robust accuracy after APGD-CE: 0.00% (total time 6.0 s)
max L1 perturbation: 75.00027, nan in tensor: 0, max: 1.00000, min: 0.00000
robust accuracy: 0.00%
shard3:  50%|█████     | 1/2 [00:10<00:10, 10.38s/it]using standard version including apgd-ce, apgd-t, fab-t, square.
initial accuracy: 7.32%
apgd-ce - 1/1 - 3 out of 3 successfully perturbed
robust accuracy after APGD-CE: 0.00% (total time 5.9 s)
max L1 perturbation: 75.00212, nan in tensor: 0, max: 1.00000, min: 0.00000
robust accuracy: 0.00%
shard3: 100%|██████████| 2/2 [00:18<00:00,  9.21s/it]shard3: 100%|██████████| 2/2 [00:18<00:00,  9.41s/it]

  Shard 3 done: 105 images | clean=0.0667 | adv=0.0000
