  Using: NVIDIA H100 80GB HBM3

============================================================
  Dataset   : uc-merced-land-use-dataset  [shard 4/4]
  Surrogate : siglip2_so400m
  Norm      : L1  eps=75.0  (AA: 75.00000)
  Device    : cuda
============================================================
  [shard] Waiting for download lock...
Data already present at /home/m/mheuill/links/scratch/robustgenbench/data_processed.
  Shard indices: 315–419  (105 samples of 420 total)

Loading SigLIP2-SO400M-NaFlex surrogate: google/siglip2-so400m-patch16-naflex
Loading weights:   0%|          | 0/888 [00:00<?, ?it/s]Loading weights:  56%|█████▌    | 499/888 [00:00<00:00, 4955.04it/s]Loading weights: 100%|██████████| 888/888 [00:00<00:00, 4583.52it/s]
  Encoding 21 class prompts...
  Fixed meta keys: ['pixel_attention_mask', 'spatial_shapes']
  NaFlex: N=256 patches, patch_dim=768
setting parameters for standard version
shard3:   0%|          | 0/2 [00:00<?, ?it/s]using standard version including apgd-ce, apgd-t, fab-t, square.
initial accuracy: 85.94%
apgd-ce - 1/1 - 51 out of 55 successfully perturbed
robust accuracy after APGD-CE: 6.25% (total time 103.3 s)
apgd-t - 1/1 - 1 out of 4 successfully perturbed
robust accuracy after APGD-T: 4.69% (total time 136.4 s)
fab-t - 1/1 - 0 out of 3 successfully perturbed
robust accuracy after FAB-T: 4.69% (total time 223.1 s)
square - 1/1 - 0 out of 3 successfully perturbed
robust accuracy after SQUARE: 4.69% (total time 373.8 s)
max L1 perturbation: 75.00130, nan in tensor: 0, max: 1.00000, min: 0.00000
robust accuracy: 4.69%
shard3:  50%|█████     | 1/2 [06:18<06:18, 378.73s/it]using standard version including apgd-ce, apgd-t, fab-t, square.
initial accuracy: 80.49%
apgd-ce - 1/1 - 30 out of 33 successfully perturbed
robust accuracy after APGD-CE: 7.32% (total time 70.9 s)
apgd-t - 1/1 - 2 out of 3 successfully perturbed
robust accuracy after APGD-T: 2.44% (total time 97.9 s)
fab-t - 1/1 - 0 out of 1 successfully perturbed
robust accuracy after FAB-T: 2.44% (total time 156.1 s)
square - 1/1 - 0 out of 1 successfully perturbed
robust accuracy after SQUARE: 2.44% (total time 267.7 s)
max L1 perturbation: 75.00164, nan in tensor: 0, max: 1.00000, min: 0.00000
robust accuracy: 2.44%
shard3: 100%|██████████| 2/2 [10:49<00:00, 315.01s/it]shard3: 100%|██████████| 2/2 [10:49<00:00, 324.60s/it]

  Shard 3 done: 105 images | clean=0.8381 | adv=0.0381
