  Using: NVIDIA H100 80GB HBM3

============================================================
  Dataset   : stanford_cars  [shard 1/4]
  Surrogate : siglip2_so400m
  Norm      : L1  eps=75.0  (AA: 75.00000)
  Device    : cuda
============================================================
  [shard] Waiting for download lock...
Data already present at /home/m/mheuill/links/scratch/robustgenbench/data_processed.
  Shard indices: 0–249  (250 samples of 1000 total)

Loading SigLIP2-SO400M-NaFlex surrogate: google/siglip2-so400m-patch16-naflex
Loading weights:   0%|          | 0/888 [00:00<?, ?it/s]Loading weights:  54%|█████▍    | 483/888 [00:00<00:00, 4816.98it/s]Loading weights: 100%|██████████| 888/888 [00:00<00:00, 4411.20it/s]
  Encoding 196 class prompts...
setting parameters for standard version
shard0:   0%|          | 0/4 [00:00<?, ?it/s]using standard version including apgd-ce, apgd-t, fab-t, square.
initial accuracy: 0.00%
max L1 perturbation: 0.00000, nan in tensor: 0, max: 1.00000, min: 0.00000
robust accuracy: 0.00%
shard0:  25%|██▌       | 1/4 [00:04<00:12,  4.31s/it]using standard version including apgd-ce, apgd-t, fab-t, square.
initial accuracy: 0.00%
max L1 perturbation: 0.00000, nan in tensor: 0, max: 1.00000, min: 0.00000
robust accuracy: 0.00%
shard0:  50%|█████     | 2/4 [00:07<00:07,  3.89s/it]using standard version including apgd-ce, apgd-t, fab-t, square.
initial accuracy: 0.00%
max L1 perturbation: 0.00000, nan in tensor: 0, max: 1.00000, min: 0.00000
robust accuracy: 0.00%
shard0:  75%|███████▌  | 3/4 [00:11<00:03,  3.78s/it]using standard version including apgd-ce, apgd-t, fab-t, square.
initial accuracy: 0.00%
max L1 perturbation: 0.00000, nan in tensor: 0, max: 1.00000, min: 0.00000
robust accuracy: 0.00%
shard0: 100%|██████████| 4/4 [00:14<00:00,  3.64s/it]shard0: 100%|██████████| 4/4 [00:15<00:00,  3.76s/it]

  Shard 0 done: 250 images | clean=0.0000 | adv=0.0000
