  Using: NVIDIA H100 80GB HBM3

============================================================
  Dataset   : flowers-102  [shard 4/4]
  Surrogate : siglip2_so400m
  Norm      : L1  eps=75.0  (AA: 75.00000)
  Device    : cuda
============================================================
  [shard] Waiting for download lock...
Data already present at /home/m/mheuill/links/scratch/robustgenbench/data_processed.
  Shard indices: 750–999  (250 samples of 1000 total)

Loading SigLIP2-SO400M-NaFlex surrogate: google/siglip2-so400m-patch16-naflex
Loading weights:   0%|          | 0/888 [00:00<?, ?it/s]Loading weights:  65%|██████▌   | 581/888 [00:00<00:00, 5794.74it/s]Loading weights: 100%|██████████| 888/888 [00:00<00:00, 5968.87it/s]
  Encoding 102 class prompts...
setting parameters for standard version
shard3:   0%|          | 0/4 [00:00<?, ?it/s]using standard version including apgd-ce, apgd-t, fab-t, square.
initial accuracy: 3.12%
apgd-ce - 1/1 - 2 out of 2 successfully perturbed
robust accuracy after APGD-CE: 0.00% (total time 5.3 s)
max L1 perturbation: 75.00021, nan in tensor: 0, max: 1.00000, min: 0.00000
robust accuracy: 0.00%
shard3:  25%|██▌       | 1/4 [00:09<00:28,  9.65s/it]using standard version including apgd-ce, apgd-t, fab-t, square.
initial accuracy: 3.12%
apgd-ce - 1/1 - 2 out of 2 successfully perturbed
robust accuracy after APGD-CE: 0.00% (total time 5.4 s)
max L1 perturbation: 75.00003, nan in tensor: 0, max: 1.00000, min: 0.00000
robust accuracy: 0.00%
shard3:  50%|█████     | 2/4 [00:18<00:18,  9.35s/it]using standard version including apgd-ce, apgd-t, fab-t, square.
initial accuracy: 4.69%
apgd-ce - 1/1 - 3 out of 3 successfully perturbed
robust accuracy after APGD-CE: 0.00% (total time 6.0 s)
max L1 perturbation: 75.00011, nan in tensor: 0, max: 1.00000, min: 0.00000
robust accuracy: 0.00%
shard3:  75%|███████▌  | 3/4 [00:28<00:09,  9.52s/it]using standard version including apgd-ce, apgd-t, fab-t, square.
initial accuracy: 0.00%
max L1 perturbation: 0.00000, nan in tensor: 0, max: 1.00000, min: 0.00000
robust accuracy: 0.00%
shard3: 100%|██████████| 4/4 [00:32<00:00,  7.15s/it]shard3: 100%|██████████| 4/4 [00:32<00:00,  8.03s/it]

  Shard 3 done: 250 images | clean=0.0280 | adv=0.0000
