  Using: NVIDIA H100 80GB HBM3

============================================================
  Dataset   : flowers-102  [shard 1/4]
  Surrogate : siglip2_so400m
  Norm      : L1  eps=75.0  (AA: 75.00000)
  Device    : cuda
============================================================
  [shard] Waiting for download lock...
Data already present at /home/m/mheuill/links/scratch/robustgenbench/data_processed.
  Shard indices: 0–249  (250 samples of 1000 total)

Loading SigLIP2-SO400M-NaFlex surrogate: google/siglip2-so400m-patch16-naflex
Loading weights:   0%|          | 0/888 [00:00<?, ?it/s]Loading weights:  59%|█████▉    | 527/888 [00:00<00:00, 5245.23it/s]Loading weights: 100%|██████████| 888/888 [00:00<00:00, 4726.34it/s]
  Encoding 102 class prompts...
  Fixed meta keys: ['pixel_attention_mask', 'spatial_shapes']
  NaFlex: N=256 patches, patch_dim=768
setting parameters for standard version
shard0:   0%|          | 0/4 [00:00<?, ?it/s]using standard version including apgd-ce, apgd-t, fab-t, square.
initial accuracy: 90.62%
apgd-ce - 1/1 - 43 out of 58 successfully perturbed
robust accuracy after APGD-CE: 23.44% (total time 157.4 s)
apgd-t - 1/1 - 8 out of 15 successfully perturbed
robust accuracy after APGD-T: 10.94% (total time 226.3 s)
fab-t - 1/1 - 0 out of 7 successfully perturbed
robust accuracy after FAB-T: 10.94% (total time 376.2 s)
square - 1/1 - 0 out of 7 successfully perturbed
robust accuracy after SQUARE: 10.94% (total time 604.7 s)
max L1 perturbation: 75.00044, nan in tensor: 0, max: 1.00000, min: 0.00000
robust accuracy: 10.94%
shard0:  25%|██▌       | 1/4 [10:09<30:29, 609.81s/it]using standard version including apgd-ce, apgd-t, fab-t, square.
initial accuracy: 90.62%
apgd-ce - 1/1 - 48 out of 58 successfully perturbed
robust accuracy after APGD-CE: 15.62% (total time 138.7 s)
apgd-t - 1/1 - 4 out of 10 successfully perturbed
robust accuracy after APGD-T: 9.38% (total time 197.8 s)
fab-t - 1/1 - 0 out of 6 successfully perturbed
robust accuracy after FAB-T: 9.38% (total time 338.3 s)
square - 1/1 - 0 out of 6 successfully perturbed
robust accuracy after SQUARE: 9.38% (total time 562.3 s)
max L1 perturbation: 75.00041, nan in tensor: 0, max: 1.00000, min: 0.00000
robust accuracy: 9.38%
shard0:  50%|█████     | 2/4 [19:36<19:28, 584.40s/it]using standard version including apgd-ce, apgd-t, fab-t, square.
initial accuracy: 92.19%
apgd-ce - 1/1 - 45 out of 59 successfully perturbed
robust accuracy after APGD-CE: 21.88% (total time 152.9 s)
apgd-t - 1/1 - 5 out of 14 successfully perturbed
robust accuracy after APGD-T: 14.06% (total time 226.3 s)
fab-t - 1/1 - 0 out of 9 successfully perturbed
robust accuracy after FAB-T: 14.06% (total time 432.6 s)
square - 1/1 - 0 out of 9 successfully perturbed
robust accuracy after SQUARE: 14.06% (total time 760.3 s)
max L1 perturbation: 75.00116, nan in tensor: 0, max: 1.00000, min: 0.00000
robust accuracy: 14.06%
shard0:  75%|███████▌  | 3/4 [32:21<11:06, 666.72s/it]using standard version including apgd-ce, apgd-t, fab-t, square.
initial accuracy: 84.48%
apgd-ce - 1/1 - 36 out of 49 successfully perturbed
robust accuracy after APGD-CE: 22.41% (total time 142.1 s)
apgd-t - 1/1 - 4 out of 13 successfully perturbed
robust accuracy after APGD-T: 15.52% (total time 216.1 s)
fab-t - 1/1 - 0 out of 9 successfully perturbed
robust accuracy after FAB-T: 15.52% (total time 421.9 s)
square - 1/1 - 0 out of 9 successfully perturbed
robust accuracy after SQUARE: 15.52% (total time 748.1 s)
max L1 perturbation: 75.00084, nan in tensor: 0, max: 1.00000, min: 0.00000
robust accuracy: 15.52%
shard0: 100%|██████████| 4/4 [44:52<00:00, 700.35s/it]shard0: 100%|██████████| 4/4 [44:53<00:00, 673.27s/it]

  Shard 0 done: 250 images | clean=0.8960 | adv=0.1240
