  Using: NVIDIA H100 80GB HBM3

============================================================
  Dataset   : caltech101  [shard 2/4]
  Surrogate : siglip2_so400m
  Norm      : L1  eps=75.0  (AA: 75.00000)
  Device    : cuda
============================================================
  [shard] Waiting for download lock...
Data already present at /home/m/mheuill/links/scratch/robustgenbench/data_processed.
  Shard indices: 250–499  (250 samples of 1000 total)

Loading SigLIP2-SO400M-NaFlex surrogate: google/siglip2-so400m-patch16-naflex
Loading weights:   0%|          | 0/888 [00:00<?, ?it/s]Loading weights:  85%|████████▍ | 753/888 [00:00<00:00, 7522.22it/s]Loading weights: 100%|██████████| 888/888 [00:00<00:00, 7603.51it/s]
  Encoding 101 class prompts...
  Fixed meta keys: ['pixel_attention_mask', 'spatial_shapes']
  NaFlex: N=256 patches, patch_dim=768
setting parameters for standard version
shard1:   0%|          | 0/4 [00:00<?, ?it/s]using standard version including apgd-ce, apgd-t, fab-t, square.
initial accuracy: 92.19%
apgd-ce - 1/1 - 38 out of 59 successfully perturbed
robust accuracy after APGD-CE: 32.81% (total time 191.7 s)
apgd-t - 1/1 - 0 out of 21 successfully perturbed
robust accuracy after APGD-T: 32.81% (total time 322.1 s)
fab-t - 1/1 - 0 out of 21 successfully perturbed
robust accuracy after FAB-T: 32.81% (total time 741.9 s)
square - 1/1 - 0 out of 21 successfully perturbed
robust accuracy after SQUARE: 32.81% (total time 1371.3 s)
max L1 perturbation: 75.00132, nan in tensor: 0, max: 1.00000, min: 0.00000
robust accuracy: 32.81%
shard1:  25%|██▌       | 1/4 [22:56<1:08:48, 1376.09s/it]using standard version including apgd-ce, apgd-t, fab-t, square.
initial accuracy: 92.19%
apgd-ce - 1/1 - 38 out of 59 successfully perturbed
robust accuracy after APGD-CE: 32.81% (total time 185.0 s)
apgd-t - 1/1 - 2 out of 21 successfully perturbed
robust accuracy after APGD-T: 29.69% (total time 312.8 s)
fab-t - 1/1 - 0 out of 19 successfully perturbed
robust accuracy after FAB-T: 29.69% (total time 707.4 s)
square - 1/1 - 0 out of 19 successfully perturbed
robust accuracy after SQUARE: 29.69% (total time 1314.4 s)
max L1 perturbation: 75.00154, nan in tensor: 0, max: 1.00000, min: 0.00000
robust accuracy: 29.69%
shard1:  50%|█████     | 2/4 [44:54<44:44, 1342.23s/it]  using standard version including apgd-ce, apgd-t, fab-t, square.
initial accuracy: 87.50%
apgd-ce - 1/1 - 37 out of 56 successfully perturbed
robust accuracy after APGD-CE: 29.69% (total time 170.8 s)
apgd-t - 1/1 - 2 out of 19 successfully perturbed
robust accuracy after APGD-T: 26.56% (total time 288.6 s)
fab-t - 1/1 - 0 out of 17 successfully perturbed
robust accuracy after FAB-T: 26.56% (total time 651.6 s)
square - 1/1 - 0 out of 17 successfully perturbed
robust accuracy after SQUARE: 26.56% (total time 1208.4 s)
max L1 perturbation: 75.00160, nan in tensor: 0, max: 1.00000, min: 0.00000
robust accuracy: 26.56%
shard1:  75%|███████▌  | 3/4 [1:05:07<21:23, 1283.02s/it]using standard version including apgd-ce, apgd-t, fab-t, square.
initial accuracy: 94.83%
apgd-ce - 1/1 - 38 out of 55 successfully perturbed
robust accuracy after APGD-CE: 29.31% (total time 166.6 s)
apgd-t - 1/1 - 1 out of 17 successfully perturbed
robust accuracy after APGD-T: 27.59% (total time 275.4 s)
fab-t - 1/1 - 0 out of 16 successfully perturbed
robust accuracy after FAB-T: 27.59% (total time 617.4 s)
square - 1/1 - 2 out of 16 successfully perturbed
robust accuracy after SQUARE: 24.14% (total time 1032.7 s)
Warning: Square Attack has decreased the robust accuracy of 3.45%. This might indicate that the robustness evaluation using AutoAttack is unreliable. Consider running Square Attack with more iterations and restarts or an adaptive attack. See flags_doc.md for details.
max L1 perturbation: 75.00127, nan in tensor: 0, max: 1.00000, min: 0.00000
robust accuracy: 24.14%
shard1: 100%|██████████| 4/4 [1:22:23<00:00, 1185.66s/it]shard1: 100%|██████████| 4/4 [1:22:23<00:00, 1235.91s/it]

  Shard 1 done: 250 images | clean=0.9160 | adv=0.2840
