  Using: NVIDIA H100 80GB HBM3

============================================================
  Dataset   : stanford_cars  [shard 4/4]
  Surrogate : siglip2_so400m
  Norm      : L1  eps=75.0  (AA: 75.00000)
  Device    : cuda
============================================================
  [shard] Waiting for download lock...
Data already present at /home/m/mheuill/links/scratch/robustgenbench/data_processed.
  Shard indices: 750–999  (250 samples of 1000 total)

Loading SigLIP2-SO400M-NaFlex surrogate: google/siglip2-so400m-patch16-naflex
Loading weights:   0%|          | 0/888 [00:00<?, ?it/s]Loading weights:  62%|██████▏   | 548/888 [00:00<00:00, 5446.50it/s]Loading weights: 100%|██████████| 888/888 [00:00<00:00, 4925.53it/s]
  Encoding 196 class prompts...
  Fixed meta keys: ['pixel_attention_mask', 'spatial_shapes']
  NaFlex: N=256 patches, patch_dim=768
setting parameters for standard version
shard3:   0%|          | 0/4 [00:00<?, ?it/s]using standard version including apgd-ce, apgd-t, fab-t, square.
initial accuracy: 6.25%
apgd-ce - 1/1 - 3 out of 4 successfully perturbed
robust accuracy after APGD-CE: 1.56% (total time 28.4 s)
apgd-t - 1/1 - 0 out of 1 successfully perturbed
robust accuracy after APGD-T: 1.56% (total time 54.7 s)
fab-t - 1/1 - 0 out of 1 successfully perturbed
robust accuracy after FAB-T: 1.56% (total time 113.8 s)
square - 1/1 - 0 out of 1 successfully perturbed
robust accuracy after SQUARE: 1.56% (total time 225.9 s)
max L1 perturbation: 75.00027, nan in tensor: 0, max: 1.00000, min: 0.00000
robust accuracy: 1.56%
shard3:  25%|██▌       | 1/4 [03:50<11:32, 230.80s/it]using standard version including apgd-ce, apgd-t, fab-t, square.
initial accuracy: 9.38%
apgd-ce - 1/1 - 4 out of 6 successfully perturbed
robust accuracy after APGD-CE: 3.12% (total time 30.8 s)
apgd-t - 1/1 - 2 out of 2 successfully perturbed
robust accuracy after APGD-T: 0.00% (total time 41.8 s)
max L1 perturbation: 75.00016, nan in tensor: 0, max: 1.00000, min: 0.00000
robust accuracy: 0.00%
shard3:  50%|█████     | 2/4 [04:36<04:04, 122.09s/it]using standard version including apgd-ce, apgd-t, fab-t, square.
initial accuracy: 3.12%
apgd-ce - 1/1 - 2 out of 2 successfully perturbed
robust accuracy after APGD-CE: 0.00% (total time 5.5 s)
max L1 perturbation: 74.99994, nan in tensor: 0, max: 1.00000, min: 0.00000
robust accuracy: 0.00%
shard3:  75%|███████▌  | 3/4 [04:46<01:10, 70.78s/it] using standard version including apgd-ce, apgd-t, fab-t, square.
initial accuracy: 3.45%
apgd-ce - 1/1 - 2 out of 2 successfully perturbed
robust accuracy after APGD-CE: 0.00% (total time 5.5 s)
max L1 perturbation: 75.00004, nan in tensor: 0, max: 1.00000, min: 0.00000
robust accuracy: 0.00%
shard3: 100%|██████████| 4/4 [04:55<00:00, 46.46s/it]shard3: 100%|██████████| 4/4 [04:55<00:00, 73.94s/it]

  Shard 3 done: 250 images | clean=0.0560 | adv=0.0040
