  Using: NVIDIA H100 80GB HBM3

============================================================
  Dataset   : stanford_cars  [shard 1/4]
  Surrogate : siglip2_so400m
  Norm      : L1  eps=75.0  (AA: 75.00000)
  Device    : cuda
============================================================
  [shard] Waiting for download lock...
Data already present at /home/m/mheuill/links/scratch/robustgenbench/data_processed.
  Shard indices: 0–249  (250 samples of 1000 total)

Loading SigLIP2-SO400M-NaFlex surrogate: google/siglip2-so400m-patch16-naflex
Loading weights:   0%|          | 0/888 [00:00<?, ?it/s]Loading weights:  58%|█████▊    | 517/888 [00:00<00:00, 5128.03it/s]Loading weights: 100%|██████████| 888/888 [00:00<00:00, 4605.25it/s]
  Encoding 196 class prompts...
  Fixed meta keys: ['pixel_attention_mask', 'spatial_shapes']
  NaFlex: N=256 patches, patch_dim=768
setting parameters for standard version
shard0:   0%|          | 0/4 [00:00<?, ?it/s]using standard version including apgd-ce, apgd-t, fab-t, square.
initial accuracy: 6.25%
apgd-ce - 1/1 - 4 out of 4 successfully perturbed
robust accuracy after APGD-CE: 0.00% (total time 12.3 s)
max L1 perturbation: 75.00004, nan in tensor: 0, max: 1.00000, min: 0.00000
robust accuracy: 0.00%
shard0:  25%|██▌       | 1/4 [00:17<00:51, 17.25s/it]using standard version including apgd-ce, apgd-t, fab-t, square.
initial accuracy: 4.69%
apgd-ce - 1/1 - 3 out of 3 successfully perturbed
robust accuracy after APGD-CE: 0.00% (total time 6.0 s)
max L1 perturbation: 75.00011, nan in tensor: 0, max: 1.00000, min: 0.00000
robust accuracy: 0.00%
shard0:  50%|█████     | 2/4 [00:27<00:26, 13.11s/it]using standard version including apgd-ce, apgd-t, fab-t, square.
initial accuracy: 1.56%
apgd-ce - 1/1 - 1 out of 1 successfully perturbed
robust accuracy after APGD-CE: 0.00% (total time 5.2 s)
max L1 perturbation: 74.99965, nan in tensor: 0, max: 1.00000, min: 0.00000
robust accuracy: 0.00%
shard0:  75%|███████▌  | 3/4 [00:36<00:11, 11.44s/it]using standard version including apgd-ce, apgd-t, fab-t, square.
initial accuracy: 5.17%
apgd-ce - 1/1 - 3 out of 3 successfully perturbed
robust accuracy after APGD-CE: 0.00% (total time 5.9 s)
max L1 perturbation: 75.00035, nan in tensor: 0, max: 1.00000, min: 0.00000
robust accuracy: 0.00%
shard0: 100%|██████████| 4/4 [00:46<00:00, 10.73s/it]shard0: 100%|██████████| 4/4 [00:46<00:00, 11.66s/it]

  Shard 0 done: 250 images | clean=0.0440 | adv=0.0000
