  Using: NVIDIA H100 80GB HBM3

============================================================
  Dataset   : caltech101  [shard 4/4]
  Surrogate : siglip2_so400m
  Norm      : L1  eps=75.0  (AA: 75.00000)
  Device    : cuda
============================================================
  [shard] Waiting for download lock...
Data already present at /home/m/mheuill/links/scratch/robustgenbench/data_processed.
  Shard indices: 750–999  (250 samples of 1000 total)

Loading SigLIP2-SO400M-NaFlex surrogate: google/siglip2-so400m-patch16-naflex
Loading weights:   0%|          | 0/888 [00:00<?, ?it/s]Loading weights:  85%|████████▍ | 753/888 [00:00<00:00, 7493.13it/s]Loading weights: 100%|██████████| 888/888 [00:00<00:00, 6862.04it/s]
  Encoding 101 class prompts...
setting parameters for standard version
shard3:   0%|          | 0/4 [00:00<?, ?it/s]using standard version including apgd-ce, apgd-t, fab-t, square.
initial accuracy: 15.62%
apgd-ce - 1/1 - 10 out of 10 successfully perturbed
robust accuracy after APGD-CE: 0.00% (total time 17.0 s)
max L1 perturbation: 75.00050, nan in tensor: 0, max: 1.00000, min: 0.00000
robust accuracy: 0.00%
shard3:  25%|██▌       | 1/4 [00:21<01:03, 21.19s/it]using standard version including apgd-ce, apgd-t, fab-t, square.
initial accuracy: 18.75%
apgd-ce - 1/1 - 12 out of 12 successfully perturbed
robust accuracy after APGD-CE: 0.00% (total time 13.6 s)
max L1 perturbation: 75.00093, nan in tensor: 0, max: 1.00000, min: 0.00000
robust accuracy: 0.00%
shard3:  50%|█████     | 2/4 [00:38<00:37, 18.87s/it]using standard version including apgd-ce, apgd-t, fab-t, square.
initial accuracy: 17.19%
apgd-ce - 1/1 - 11 out of 11 successfully perturbed
robust accuracy after APGD-CE: 0.00% (total time 23.4 s)
max L1 perturbation: 75.00085, nan in tensor: 0, max: 1.00000, min: 0.00000
robust accuracy: 0.00%
shard3:  75%|███████▌  | 3/4 [01:05<00:22, 22.58s/it]using standard version including apgd-ce, apgd-t, fab-t, square.
initial accuracy: 29.31%
apgd-ce - 1/1 - 16 out of 17 successfully perturbed
robust accuracy after APGD-CE: 1.72% (total time 37.9 s)
apgd-t - 1/1 - 0 out of 1 successfully perturbed
robust accuracy after APGD-T: 1.72% (total time 63.0 s)
fab-t - 1/1 - 0 out of 1 successfully perturbed
robust accuracy after FAB-T: 1.72% (total time 120.9 s)
square - 1/1 - 0 out of 1 successfully perturbed
robust accuracy after SQUARE: 1.72% (total time 227.7 s)
max L1 perturbation: 75.00063, nan in tensor: 0, max: 1.00000, min: 0.00000
robust accuracy: 1.72%
shard3: 100%|██████████| 4/4 [04:56<00:00, 104.87s/it]shard3: 100%|██████████| 4/4 [04:56<00:00, 74.13s/it] 

  Shard 3 done: 250 images | clean=0.2000 | adv=0.0040
