  Using: NVIDIA H100 80GB HBM3

============================================================
  Dataset   : oxford-iiit-pet  [shard 3/4]
  Surrogate : siglip2_so400m
  Norm      : L1  eps=75.0  (AA: 75.00000)
  Device    : cuda
============================================================
  [shard] Waiting for download lock...
Data already present at /home/m/mheuill/links/scratch/robustgenbench/data_processed.
  Shard indices: 500–749  (250 samples of 1000 total)

Loading SigLIP2-SO400M-NaFlex surrogate: google/siglip2-so400m-patch16-naflex
Loading weights:   0%|          | 0/888 [00:00<?, ?it/s]Loading weights:  56%|█████▌    | 495/888 [00:00<00:00, 4933.28it/s]Loading weights: 100%|██████████| 888/888 [00:00<00:00, 4563.38it/s]
  Encoding 37 class prompts...
setting parameters for standard version
shard2:   0%|          | 0/4 [00:00<?, ?it/s]using standard version including apgd-ce, apgd-t, fab-t, square.
initial accuracy: 4.69%
apgd-ce - 1/1 - 3 out of 3 successfully perturbed
robust accuracy after APGD-CE: 0.00% (total time 5.8 s)
max L1 perturbation: 75.00047, nan in tensor: 0, max: 1.00000, min: 0.00000
robust accuracy: 0.00%
shard2:  25%|██▌       | 1/4 [00:10<00:30, 10.10s/it]using standard version including apgd-ce, apgd-t, fab-t, square.
initial accuracy: 1.56%
apgd-ce - 1/1 - 1 out of 1 successfully perturbed
robust accuracy after APGD-CE: 0.00% (total time 5.1 s)
max L1 perturbation: 74.99988, nan in tensor: 0, max: 1.00000, min: 0.00000
robust accuracy: 0.00%
shard2:  50%|█████     | 2/4 [00:18<00:18,  9.33s/it]using standard version including apgd-ce, apgd-t, fab-t, square.
initial accuracy: 1.56%
apgd-ce - 1/1 - 1 out of 1 successfully perturbed
robust accuracy after APGD-CE: 0.00% (total time 5.0 s)
max L1 perturbation: 75.00072, nan in tensor: 0, max: 1.00000, min: 0.00000
robust accuracy: 0.00%
shard2:  75%|███████▌  | 3/4 [00:27<00:09,  9.05s/it]using standard version including apgd-ce, apgd-t, fab-t, square.
initial accuracy: 1.72%
apgd-ce - 1/1 - 1 out of 1 successfully perturbed
robust accuracy after APGD-CE: 0.00% (total time 5.1 s)
max L1 perturbation: 75.00000, nan in tensor: 0, max: 1.00000, min: 0.00000
robust accuracy: 0.00%
shard2: 100%|██████████| 4/4 [00:36<00:00,  8.84s/it]shard2: 100%|██████████| 4/4 [00:36<00:00,  9.05s/it]

  Shard 2 done: 250 images | clean=0.0240 | adv=0.0000
