  Using: NVIDIA H100 80GB HBM3

============================================================
  Dataset   : flowers-102  [shard 2/4]
  Surrogate : siglip2_so400m
  Norm      : L1  eps=75.0  (AA: 75.00000)
  Device    : cuda
============================================================
  [shard] Waiting for download lock...
Data already present at /home/m/mheuill/links/scratch/robustgenbench/data_processed.
  Shard indices: 250–499  (250 samples of 1000 total)

Loading SigLIP2-SO400M-NaFlex surrogate: google/siglip2-so400m-patch16-naflex
Loading weights:   0%|          | 0/888 [00:00<?, ?it/s]Loading weights:  58%|█████▊    | 514/888 [00:00<00:00, 5136.64it/s]Loading weights: 100%|██████████| 888/888 [00:00<00:00, 4694.95it/s]
  Encoding 102 class prompts...
  Fixed meta keys: ['pixel_attention_mask', 'spatial_shapes']
  NaFlex: N=256 patches, patch_dim=768
setting parameters for standard version
shard1:   0%|          | 0/4 [00:00<?, ?it/s]using standard version including apgd-ce, apgd-t, fab-t, square.
initial accuracy: 85.94%
apgd-ce - 1/1 - 43 out of 55 successfully perturbed
robust accuracy after APGD-CE: 18.75% (total time 160.9 s)
apgd-t - 1/1 - 7 out of 12 successfully perturbed
robust accuracy after APGD-T: 7.81% (total time 214.3 s)
fab-t - 1/1 - 0 out of 5 successfully perturbed
robust accuracy after FAB-T: 7.81% (total time 341.4 s)
square - 1/1 - 0 out of 5 successfully perturbed
robust accuracy after SQUARE: 7.81% (total time 551.4 s)
max L1 perturbation: 75.00052, nan in tensor: 0, max: 1.00000, min: 0.00000
robust accuracy: 7.81%
shard1:  25%|██▌       | 1/4 [09:16<27:49, 556.56s/it]using standard version including apgd-ce, apgd-t, fab-t, square.
initial accuracy: 89.06%
apgd-ce - 1/1 - 45 out of 57 successfully perturbed
robust accuracy after APGD-CE: 18.75% (total time 159.1 s)
apgd-t - 1/1 - 3 out of 12 successfully perturbed
robust accuracy after APGD-T: 14.06% (total time 228.8 s)
fab-t - 1/1 - 0 out of 9 successfully perturbed
robust accuracy after FAB-T: 14.06% (total time 434.9 s)
square - 1/1 - 0 out of 9 successfully perturbed
robust accuracy after SQUARE: 14.06% (total time 762.0 s)
max L1 perturbation: 75.00037, nan in tensor: 0, max: 1.00000, min: 0.00000
robust accuracy: 14.06%
shard1:  50%|█████     | 2/4 [22:02<22:39, 679.97s/it]using standard version including apgd-ce, apgd-t, fab-t, square.
initial accuracy: 93.75%
apgd-ce - 1/1 - 50 out of 60 successfully perturbed
robust accuracy after APGD-CE: 15.62% (total time 157.6 s)
apgd-t - 1/1 - 7 out of 10 successfully perturbed
robust accuracy after APGD-T: 4.69% (total time 214.0 s)
fab-t - 1/1 - 0 out of 3 successfully perturbed
robust accuracy after FAB-T: 4.69% (total time 301.5 s)
square - 1/1 - 0 out of 3 successfully perturbed
robust accuracy after SQUARE: 4.69% (total time 452.2 s)
max L1 perturbation: 75.00082, nan in tensor: 0, max: 1.00000, min: 0.00000
robust accuracy: 4.69%
shard1:  75%|███████▌  | 3/4 [29:39<09:37, 577.96s/it]using standard version including apgd-ce, apgd-t, fab-t, square.
initial accuracy: 93.10%
apgd-ce - 1/1 - 42 out of 54 successfully perturbed
robust accuracy after APGD-CE: 20.69% (total time 135.6 s)
apgd-t - 1/1 - 5 out of 12 successfully perturbed
robust accuracy after APGD-T: 12.07% (total time 196.6 s)
fab-t - 1/1 - 0 out of 7 successfully perturbed
robust accuracy after FAB-T: 12.07% (total time 347.0 s)
square - 1/1 - 0 out of 7 successfully perturbed
robust accuracy after SQUARE: 12.07% (total time 574.2 s)
max L1 perturbation: 75.00050, nan in tensor: 0, max: 1.00000, min: 0.00000
robust accuracy: 12.07%
shard1: 100%|██████████| 4/4 [39:17<00:00, 577.98s/it]shard1: 100%|██████████| 4/4 [39:17<00:00, 589.39s/it]

  Shard 1 done: 250 images | clean=0.9040 | adv=0.0960
