  Using: NVIDIA H100 80GB HBM3

============================================================
  Dataset   : fgvc-aircraft-2013b  [shard 1/4]
  Surrogate : siglip2_so400m
  Norm      : L1  eps=75.0  (AA: 75.00000)
  Device    : cuda
============================================================
  [shard] Waiting for download lock...
Data already present at /home/m/mheuill/links/scratch/robustgenbench/data_processed.
  Shard indices: 0–249  (250 samples of 1000 total)

Loading SigLIP2-SO400M-NaFlex surrogate: google/siglip2-so400m-patch16-naflex
Loading weights:   0%|          | 0/888 [00:00<?, ?it/s]Loading weights:  18%|█▊        | 164/888 [00:00<00:00, 1611.14it/s]Loading weights:  37%|███▋      | 326/888 [00:00<00:00, 1411.29it/s]Loading weights:  53%|█████▎    | 469/888 [00:00<00:00, 1356.22it/s]Loading weights:  75%|███████▍  | 664/888 [00:00<00:00, 1572.83it/s]Loading weights:  96%|█████████▌| 850/888 [00:00<00:00, 1652.22it/s]Loading weights: 100%|██████████| 888/888 [00:00<00:00, 1599.43it/s]
  Encoding 100 class prompts...
setting parameters for standard version
shard0:   0%|          | 0/4 [00:00<?, ?it/s]using standard version including apgd-ce, apgd-t, fab-t, square.
initial accuracy: 1.56%
apgd-ce - 1/1 - 1 out of 1 successfully perturbed
robust accuracy after APGD-CE: 0.00% (total time 5.0 s)
max L1 perturbation: 74.99959, nan in tensor: 0, max: 1.00000, min: 0.00000
robust accuracy: 0.00%
shard0:  25%|██▌       | 1/4 [00:09<00:29,  9.67s/it]using standard version including apgd-ce, apgd-t, fab-t, square.
initial accuracy: 0.00%
max L1 perturbation: 0.00000, nan in tensor: 0, max: 1.00000, min: 0.00000
robust accuracy: 0.00%
shard0:  50%|█████     | 2/4 [00:13<00:12,  6.33s/it]using standard version including apgd-ce, apgd-t, fab-t, square.
initial accuracy: 1.56%
apgd-ce - 1/1 - 1 out of 1 successfully perturbed
robust accuracy after APGD-CE: 0.00% (total time 5.0 s)
max L1 perturbation: 74.99933, nan in tensor: 0, max: 1.00000, min: 0.00000
robust accuracy: 0.00%
shard0:  75%|███████▌  | 3/4 [00:22<00:07,  7.56s/it]using standard version including apgd-ce, apgd-t, fab-t, square.
initial accuracy: 0.00%
max L1 perturbation: 0.00000, nan in tensor: 0, max: 1.00000, min: 0.00000
robust accuracy: 0.00%
shard0: 100%|██████████| 4/4 [00:26<00:00,  6.07s/it]shard0: 100%|██████████| 4/4 [00:26<00:00,  6.63s/it]

  Shard 0 done: 250 images | clean=0.0080 | adv=0.0000
