  Using: NVIDIA H100 80GB HBM3

============================================================
  Dataset   : flowers-102  [shard 3/4]
  Surrogate : siglip2_so400m
  Norm      : L1  eps=75.0  (AA: 75.00000)
  Device    : cuda
============================================================
  [shard] Waiting for download lock...
Data already present at /home/m/mheuill/links/scratch/robustgenbench/data_processed.
  Shard indices: 500–749  (250 samples of 1000 total)

Loading SigLIP2-SO400M-NaFlex surrogate: google/siglip2-so400m-patch16-naflex
Loading weights:   0%|          | 0/888 [00:00<?, ?it/s]Loading weights:  56%|█████▌    | 494/888 [00:00<00:00, 4928.77it/s]Loading weights: 100%|██████████| 888/888 [00:00<00:00, 4500.07it/s]
  Encoding 102 class prompts...
  Fixed meta keys: ['pixel_attention_mask', 'spatial_shapes']
  NaFlex: N=256 patches, patch_dim=768
setting parameters for standard version
shard2:   0%|          | 0/4 [00:00<?, ?it/s]using standard version including apgd-ce, apgd-t, fab-t, square.
initial accuracy: 96.88%
apgd-ce - 1/1 - 48 out of 62 successfully perturbed
robust accuracy after APGD-CE: 21.88% (total time 158.4 s)
apgd-t - 1/1 - 8 out of 14 successfully perturbed
robust accuracy after APGD-T: 9.38% (total time 218.3 s)
fab-t - 1/1 - 0 out of 6 successfully perturbed
robust accuracy after FAB-T: 9.38% (total time 358.0 s)
square - 1/1 - 0 out of 6 successfully perturbed
robust accuracy after SQUARE: 9.38% (total time 580.3 s)
max L1 perturbation: 75.00078, nan in tensor: 0, max: 1.00000, min: 0.00000
robust accuracy: 9.38%
shard2:  25%|██▌       | 1/4 [09:45<29:16, 585.43s/it]using standard version including apgd-ce, apgd-t, fab-t, square.
initial accuracy: 90.62%
apgd-ce - 1/1 - 42 out of 58 successfully perturbed
robust accuracy after APGD-CE: 25.00% (total time 174.9 s)
apgd-t - 1/1 - 7 out of 16 successfully perturbed
robust accuracy after APGD-T: 14.06% (total time 254.4 s)
fab-t - 1/1 - 0 out of 9 successfully perturbed
robust accuracy after FAB-T: 14.06% (total time 458.6 s)
square - 1/1 - 0 out of 9 successfully perturbed
robust accuracy after SQUARE: 14.06% (total time 782.9 s)
max L1 perturbation: 75.00093, nan in tensor: 0, max: 1.00000, min: 0.00000
robust accuracy: 14.06%
shard2:  50%|█████     | 2/4 [22:52<23:28, 704.12s/it]using standard version including apgd-ce, apgd-t, fab-t, square.
initial accuracy: 89.06%
apgd-ce - 1/1 - 39 out of 57 successfully perturbed
robust accuracy after APGD-CE: 28.12% (total time 176.4 s)
apgd-t - 1/1 - 8 out of 18 successfully perturbed
robust accuracy after APGD-T: 15.62% (total time 264.5 s)
fab-t - 1/1 - 0 out of 10 successfully perturbed
robust accuracy after FAB-T: 15.62% (total time 489.6 s)
square - 1/1 - 0 out of 10 successfully perturbed
robust accuracy after SQUARE: 15.62% (total time 840.0 s)
max L1 perturbation: 75.00038, nan in tensor: 0, max: 1.00000, min: 0.00000
robust accuracy: 15.62%
shard2:  75%|███████▌  | 3/4 [36:56<12:48, 768.15s/it]using standard version including apgd-ce, apgd-t, fab-t, square.
initial accuracy: 89.66%
apgd-ce - 1/1 - 40 out of 52 successfully perturbed
robust accuracy after APGD-CE: 20.69% (total time 146.7 s)
apgd-t - 1/1 - 7 out of 12 successfully perturbed
robust accuracy after APGD-T: 8.62% (total time 208.6 s)
fab-t - 1/1 - 0 out of 5 successfully perturbed
robust accuracy after FAB-T: 8.62% (total time 335.5 s)
square - 1/1 - 0 out of 5 successfully perturbed
robust accuracy after SQUARE: 8.62% (total time 541.7 s)
max L1 perturbation: 75.00082, nan in tensor: 0, max: 1.00000, min: 0.00000
robust accuracy: 8.62%
shard2: 100%|██████████| 4/4 [46:02<00:00, 680.24s/it]shard2: 100%|██████████| 4/4 [46:02<00:00, 690.63s/it]

  Shard 2 done: 250 images | clean=0.9160 | adv=0.1200
