  Using: NVIDIA H100 80GB HBM3

============================================================
  Dataset   : caltech101  [shard 1/4]
  Surrogate : siglip2_so400m
  Norm      : L1  eps=75.0  (AA: 75.00000)
  Device    : cuda
============================================================
  [shard] Waiting for download lock...
Data already present at /home/m/mheuill/links/scratch/robustgenbench/data_processed.
  Shard indices: 0–249  (250 samples of 1000 total)

Loading SigLIP2-SO400M-NaFlex surrogate: google/siglip2-so400m-patch16-naflex
Loading weights:   0%|          | 0/888 [00:00<?, ?it/s]Loading weights:  55%|█████▍    | 486/888 [00:00<00:00, 4805.11it/s]Loading weights: 100%|██████████| 888/888 [00:00<00:00, 4397.16it/s]
  Encoding 101 class prompts...
setting parameters for standard version
shard0:   0%|          | 0/4 [00:00<?, ?it/s]using standard version including apgd-ce, apgd-t, fab-t, square.
initial accuracy: 25.00%
apgd-ce - 1/1 - 16 out of 16 successfully perturbed
robust accuracy after APGD-CE: 0.00% (total time 21.8 s)
max L1 perturbation: 75.00050, nan in tensor: 0, max: 1.00000, min: 0.00000
robust accuracy: 0.00%
shard0:  25%|██▌       | 1/4 [00:26<01:18, 26.04s/it]using standard version including apgd-ce, apgd-t, fab-t, square.
initial accuracy: 10.94%
apgd-ce - 1/1 - 6 out of 7 successfully perturbed
robust accuracy after APGD-CE: 1.56% (total time 29.2 s)
apgd-t - 1/1 - 1 out of 1 successfully perturbed
robust accuracy after APGD-T: 0.00% (total time 50.1 s)
max L1 perturbation: 75.00086, nan in tensor: 0, max: 1.00000, min: 0.00000
robust accuracy: 0.00%
shard0:  50%|█████     | 2/4 [01:19<01:24, 42.23s/it]using standard version including apgd-ce, apgd-t, fab-t, square.
initial accuracy: 14.06%
apgd-ce - 1/1 - 9 out of 9 successfully perturbed
robust accuracy after APGD-CE: 0.00% (total time 9.7 s)
max L1 perturbation: 75.00043, nan in tensor: 0, max: 1.00000, min: 0.00000
robust accuracy: 0.00%
shard0:  75%|███████▌  | 3/4 [01:32<00:28, 28.95s/it]using standard version including apgd-ce, apgd-t, fab-t, square.
initial accuracy: 12.07%
apgd-ce - 1/1 - 7 out of 7 successfully perturbed
robust accuracy after APGD-CE: 0.00% (total time 8.3 s)
max L1 perturbation: 75.00108, nan in tensor: 0, max: 1.00000, min: 0.00000
robust accuracy: 0.00%
shard0: 100%|██████████| 4/4 [01:44<00:00, 22.12s/it]shard0: 100%|██████████| 4/4 [01:44<00:00, 26.12s/it]

  Shard 0 done: 250 images | clean=0.1560 | adv=0.0000
