  Using: NVIDIA H100 80GB HBM3

============================================================
  Dataset   : uc-merced-land-use-dataset  [shard 2/4]
  Surrogate : siglip2_so400m
  Norm      : L1  eps=75.0  (AA: 75.00000)
  Device    : cuda
============================================================
  [shard] Waiting for download lock...
Data already present at /home/m/mheuill/links/scratch/robustgenbench/data_processed.
  Shard indices: 105–209  (105 samples of 420 total)

Loading SigLIP2-SO400M-NaFlex surrogate: google/siglip2-so400m-patch16-naflex
Loading weights:   0%|          | 0/888 [00:00<?, ?it/s]Loading weights:  56%|█████▋    | 500/888 [00:00<00:00, 4996.29it/s]Loading weights: 100%|██████████| 888/888 [00:00<00:00, 4551.84it/s]
  Encoding 21 class prompts...
  Fixed meta keys: ['pixel_attention_mask', 'spatial_shapes']
  NaFlex: N=256 patches, patch_dim=768
setting parameters for standard version
shard1:   0%|          | 0/2 [00:00<?, ?it/s]using standard version including apgd-ce, apgd-t, fab-t, square.
initial accuracy: 78.12%
apgd-ce - 1/1 - 48 out of 50 successfully perturbed
robust accuracy after APGD-CE: 3.12% (total time 82.7 s)
apgd-t - 1/1 - 0 out of 2 successfully perturbed
robust accuracy after APGD-T: 3.12% (total time 110.6 s)
fab-t - 1/1 - 0 out of 2 successfully perturbed
robust accuracy after FAB-T: 3.12% (total time 180.2 s)
square - 1/1 - 0 out of 2 successfully perturbed
robust accuracy after SQUARE: 3.12% (total time 313.3 s)
max L1 perturbation: 75.00051, nan in tensor: 0, max: 1.00000, min: 0.00000
robust accuracy: 3.12%
shard1:  50%|█████     | 1/2 [05:18<05:18, 318.19s/it]using standard version including apgd-ce, apgd-t, fab-t, square.
initial accuracy: 80.49%
apgd-ce - 1/1 - 31 out of 33 successfully perturbed
robust accuracy after APGD-CE: 4.88% (total time 62.5 s)
apgd-t - 1/1 - 0 out of 2 successfully perturbed
robust accuracy after APGD-T: 4.88% (total time 89.9 s)
fab-t - 1/1 - 0 out of 2 successfully perturbed
robust accuracy after FAB-T: 4.88% (total time 159.5 s)
square - 1/1 - 0 out of 2 successfully perturbed
robust accuracy after SQUARE: 4.88% (total time 292.6 s)
max L1 perturbation: 75.00125, nan in tensor: 0, max: 1.00000, min: 0.00000
robust accuracy: 4.88%
shard1: 100%|██████████| 2/2 [10:13<00:00, 304.75s/it]shard1: 100%|██████████| 2/2 [10:13<00:00, 306.80s/it]

  Shard 1 done: 105 images | clean=0.7905 | adv=0.0381
