  Using: NVIDIA H100 80GB HBM3

============================================================
  Dataset   : caltech101  [shard 3/4]
  Surrogate : siglip2_so400m
  Norm      : L1  eps=75.0  (AA: 75.00000)
  Device    : cuda
============================================================
  [shard] Waiting for download lock...
Data already present at /home/m/mheuill/links/scratch/robustgenbench/data_processed.
  Shard indices: 500–749  (250 samples of 1000 total)

Loading SigLIP2-SO400M-NaFlex surrogate: google/siglip2-so400m-patch16-naflex
Loading weights:   0%|          | 0/888 [00:00<?, ?it/s]Loading weights:  57%|█████▋    | 506/888 [00:00<00:00, 5052.26it/s]Loading weights: 100%|██████████| 888/888 [00:00<00:00, 4645.85it/s]
  Encoding 101 class prompts...
  Fixed meta keys: ['pixel_attention_mask', 'spatial_shapes']
  NaFlex: N=256 patches, patch_dim=768
setting parameters for standard version
shard2:   0%|          | 0/4 [00:00<?, ?it/s]using standard version including apgd-ce, apgd-t, fab-t, square.
initial accuracy: 84.38%
apgd-ce - 1/1 - 30 out of 54 successfully perturbed
robust accuracy after APGD-CE: 37.50% (total time 191.4 s)
apgd-t - 1/1 - 2 out of 24 successfully perturbed
robust accuracy after APGD-T: 34.38% (total time 336.7 s)
fab-t - 1/1 - 0 out of 22 successfully perturbed
robust accuracy after FAB-T: 34.38% (total time 761.7 s)
square - 1/1 - 0 out of 22 successfully perturbed
robust accuracy after SQUARE: 34.38% (total time 1391.2 s)
max L1 perturbation: 75.00181, nan in tensor: 0, max: 1.00000, min: 0.00000
robust accuracy: 34.38%
shard2:  25%|██▌       | 1/4 [23:16<1:09:48, 1396.07s/it]using standard version including apgd-ce, apgd-t, fab-t, square.
initial accuracy: 89.06%
apgd-ce - 1/1 - 36 out of 57 successfully perturbed
robust accuracy after APGD-CE: 32.81% (total time 207.1 s)
apgd-t - 1/1 - 2 out of 21 successfully perturbed
robust accuracy after APGD-T: 29.69% (total time 332.5 s)
fab-t - 1/1 - 0 out of 19 successfully perturbed
robust accuracy after FAB-T: 29.69% (total time 727.1 s)
square - 1/1 - 1 out of 19 successfully perturbed
robust accuracy after SQUARE: 28.12% (total time 1330.0 s)
Warning: Square Attack has decreased the robust accuracy of 1.56%. This might indicate that the robustness evaluation using AutoAttack is unreliable. Consider running Square Attack with more iterations and restarts or an adaptive attack. See flags_doc.md for details.
max L1 perturbation: 75.00091, nan in tensor: 0, max: 1.00000, min: 0.00000
robust accuracy: 28.12%
shard2:  50%|█████     | 2/4 [45:30<45:19, 1359.62s/it]  using standard version including apgd-ce, apgd-t, fab-t, square.
initial accuracy: 93.75%
apgd-ce - 1/1 - 36 out of 60 successfully perturbed
robust accuracy after APGD-CE: 37.50% (total time 212.7 s)
apgd-t - 1/1 - 3 out of 24 successfully perturbed
robust accuracy after APGD-T: 32.81% (total time 352.1 s)
fab-t - 1/1 - 0 out of 21 successfully perturbed
robust accuracy after FAB-T: 32.81% (total time 771.3 s)
square - 1/1 - 0 out of 21 successfully perturbed
robust accuracy after SQUARE: 32.81% (total time 1398.9 s)
max L1 perturbation: 75.00098, nan in tensor: 0, max: 1.00000, min: 0.00000
robust accuracy: 32.81%
shard2:  75%|███████▌  | 3/4 [1:08:53<22:59, 1379.46s/it]using standard version including apgd-ce, apgd-t, fab-t, square.
initial accuracy: 87.93%
apgd-ce - 1/1 - 43 out of 51 successfully perturbed
robust accuracy after APGD-CE: 13.79% (total time 125.9 s)
apgd-t - 1/1 - 0 out of 8 successfully perturbed
robust accuracy after APGD-T: 13.79% (total time 186.7 s)
fab-t - 1/1 - 0 out of 8 successfully perturbed
robust accuracy after FAB-T: 13.79% (total time 382.2 s)
square - 1/1 - 0 out of 8 successfully perturbed
robust accuracy after SQUARE: 13.79% (total time 702.2 s)
max L1 perturbation: 75.00126, nan in tensor: 0, max: 1.00000, min: 0.00000
robust accuracy: 13.79%
shard2: 100%|██████████| 4/4 [1:20:39<00:00, 1113.57s/it]shard2: 100%|██████████| 4/4 [1:20:39<00:00, 1209.82s/it]

  Shard 2 done: 250 images | clean=0.8880 | adv=0.2760
