  Using: NVIDIA H100 80GB HBM3

============================================================
  Dataset   : uc-merced-land-use-dataset  [shard 3/4]
  Surrogate : siglip2_so400m
  Norm      : L1  eps=75.0  (AA: 75.00000)
  Device    : cuda
============================================================
  [shard] Waiting for download lock...
Data already present at /home/m/mheuill/links/scratch/robustgenbench/data_processed.
  Shard indices: 210–314  (105 samples of 420 total)

Loading SigLIP2-SO400M-NaFlex surrogate: google/siglip2-so400m-patch16-naflex
Loading weights:   0%|          | 0/888 [00:00<?, ?it/s]Loading weights:  56%|█████▋    | 500/888 [00:00<00:00, 4981.19it/s]Loading weights: 100%|██████████| 888/888 [00:00<00:00, 4580.28it/s]
  Encoding 21 class prompts...
  Fixed meta keys: ['pixel_attention_mask', 'spatial_shapes']
  NaFlex: N=256 patches, patch_dim=768
setting parameters for standard version
shard2:   0%|          | 0/2 [00:00<?, ?it/s]using standard version including apgd-ce, apgd-t, fab-t, square.
initial accuracy: 87.50%
apgd-ce - 1/1 - 52 out of 56 successfully perturbed
robust accuracy after APGD-CE: 6.25% (total time 105.0 s)
apgd-t - 1/1 - 0 out of 4 successfully perturbed
robust accuracy after APGD-T: 6.25% (total time 140.4 s)
fab-t - 1/1 - 0 out of 4 successfully perturbed
robust accuracy after FAB-T: 6.25% (total time 251.3 s)
square - 1/1 - 0 out of 4 successfully perturbed
robust accuracy after SQUARE: 6.25% (total time 442.9 s)
max L1 perturbation: 75.00089, nan in tensor: 0, max: 1.00000, min: 0.00000
robust accuracy: 6.25%
shard2:  50%|█████     | 1/2 [07:27<07:27, 447.75s/it]using standard version including apgd-ce, apgd-t, fab-t, square.
initial accuracy: 80.49%
apgd-ce - 1/1 - 28 out of 33 successfully perturbed
robust accuracy after APGD-CE: 12.20% (total time 72.1 s)
apgd-t - 1/1 - 2 out of 5 successfully perturbed
robust accuracy after APGD-T: 7.32% (total time 108.4 s)
fab-t - 1/1 - 0 out of 3 successfully perturbed
robust accuracy after FAB-T: 7.32% (total time 195.3 s)
square - 1/1 - 0 out of 3 successfully perturbed
robust accuracy after SQUARE: 7.32% (total time 343.8 s)
max L1 perturbation: 75.00091, nan in tensor: 0, max: 1.00000, min: 0.00000
robust accuracy: 7.32%
shard2: 100%|██████████| 2/2 [13:14<00:00, 388.16s/it]shard2: 100%|██████████| 2/2 [13:14<00:00, 397.13s/it]

  Shard 2 done: 105 images | clean=0.8476 | adv=0.0667
