  Using: NVIDIA H100 80GB HBM3

============================================================
  Dataset   : caltech101  [shard 1/4]
  Surrogate : siglip2_so400m
  Norm      : L1  eps=75.0  (AA: 75.00000)
  Device    : cuda
============================================================
  [shard] Waiting for download lock...
Data already present at /home/m/mheuill/links/scratch/robustgenbench/data_processed.
  Shard indices: 0–249  (250 samples of 1000 total)

Loading SigLIP2-SO400M-NaFlex surrogate: google/siglip2-so400m-patch16-naflex
Loading weights:   0%|          | 0/888 [00:00<?, ?it/s]Loading weights:  56%|█████▋    | 500/888 [00:00<00:00, 4992.14it/s]Loading weights: 100%|██████████| 888/888 [00:00<00:00, 4586.21it/s]
  Encoding 101 class prompts...
  Fixed meta keys: ['pixel_attention_mask', 'spatial_shapes']
  NaFlex: N=256 patches, patch_dim=768
setting parameters for standard version
shard0:   0%|          | 0/4 [00:00<?, ?it/s]using standard version including apgd-ce, apgd-t, fab-t, square.
initial accuracy: 95.31%
apgd-ce - 1/1 - 34 out of 61 successfully perturbed
robust accuracy after APGD-CE: 42.19% (total time 222.8 s)
apgd-t - 1/1 - 6 out of 27 successfully perturbed
robust accuracy after APGD-T: 32.81% (total time 365.2 s)
fab-t - 1/1 - 0 out of 21 successfully perturbed
robust accuracy after FAB-T: 32.81% (total time 784.5 s)
square - 1/1 - 0 out of 21 successfully perturbed
robust accuracy after SQUARE: 32.81% (total time 1412.3 s)
max L1 perturbation: 75.00119, nan in tensor: 0, max: 1.00000, min: 0.00000
robust accuracy: 32.81%
shard0:  25%|██▌       | 1/4 [23:37<1:10:51, 1417.04s/it]using standard version including apgd-ce, apgd-t, fab-t, square.
initial accuracy: 92.19%
apgd-ce - 1/1 - 32 out of 59 successfully perturbed
robust accuracy after APGD-CE: 42.19% (total time 214.5 s)
apgd-t - 1/1 - 1 out of 27 successfully perturbed
robust accuracy after APGD-T: 40.62% (total time 370.4 s)
fab-t - 1/1 - 0 out of 26 successfully perturbed
robust accuracy after FAB-T: 40.62% (total time 871.0 s)
square - 1/1 - 0 out of 26 successfully perturbed
robust accuracy after SQUARE: 40.62% (total time 1592.4 s)
max L1 perturbation: 75.00094, nan in tensor: 0, max: 1.00000, min: 0.00000
robust accuracy: 40.62%
shard0:  50%|█████     | 2/4 [50:13<50:45, 1522.61s/it]  using standard version including apgd-ce, apgd-t, fab-t, square.
initial accuracy: 92.19%
apgd-ce - 1/1 - 39 out of 59 successfully perturbed
robust accuracy after APGD-CE: 31.25% (total time 195.7 s)
apgd-t - 1/1 - 4 out of 20 successfully perturbed
robust accuracy after APGD-T: 25.00% (total time 308.5 s)
fab-t - 1/1 - 0 out of 16 successfully perturbed
robust accuracy after FAB-T: 25.00% (total time 650.6 s)
square - 1/1 - 0 out of 16 successfully perturbed
robust accuracy after SQUARE: 25.00% (total time 1174.5 s)
max L1 perturbation: 75.00062, nan in tensor: 0, max: 1.00000, min: 0.00000
robust accuracy: 25.00%
shard0:  75%|███████▌  | 3/4 [1:09:52<22:45, 1365.55s/it]using standard version including apgd-ce, apgd-t, fab-t, square.
initial accuracy: 96.55%
apgd-ce - 1/1 - 34 out of 56 successfully perturbed
robust accuracy after APGD-CE: 37.93% (total time 185.0 s)
apgd-t - 1/1 - 2 out of 22 successfully perturbed
robust accuracy after APGD-T: 34.48% (total time 315.1 s)
fab-t - 1/1 - 0 out of 20 successfully perturbed
robust accuracy after FAB-T: 34.48% (total time 726.2 s)
