  Using: NVIDIA H100 80GB HBM3

============================================================
  Dataset   : caltech101  [shard 3/4]
  Surrogate : siglip2_so400m
  Norm      : L1  eps=75.0  (AA: 75.00000)
  Device    : cuda
============================================================
  [shard] Waiting for download lock...
Data already present at /home/m/mheuill/links/scratch/robustgenbench/data_processed.
  Shard indices: 500–749  (250 samples of 1000 total)

Loading SigLIP2-SO400M-NaFlex surrogate: google/siglip2-so400m-patch16-naflex
Loading weights:   0%|          | 0/888 [00:00<?, ?it/s]Loading weights:  55%|█████▍    | 487/888 [00:00<00:00, 4865.30it/s]Loading weights: 100%|██████████| 888/888 [00:00<00:00, 4490.58it/s]
  Encoding 101 class prompts...
setting parameters for standard version
shard2:   0%|          | 0/4 [00:00<?, ?it/s]using standard version including apgd-ce, apgd-t, fab-t, square.
initial accuracy: 21.88%
apgd-ce - 1/1 - 13 out of 14 successfully perturbed
robust accuracy after APGD-CE: 1.56% (total time 36.7 s)
apgd-t - 1/1 - 0 out of 1 successfully perturbed
robust accuracy after APGD-T: 1.56% (total time 62.4 s)
fab-t - 1/1 - 0 out of 1 successfully perturbed
robust accuracy after FAB-T: 1.56% (total time 119.5 s)
square - 1/1 - 0 out of 1 successfully perturbed
robust accuracy after SQUARE: 1.56% (total time 224.3 s)
max L1 perturbation: 75.00082, nan in tensor: 0, max: 1.00000, min: 0.00000
robust accuracy: 1.56%
shard2:  25%|██▌       | 1/4 [03:48<11:25, 228.50s/it]using standard version including apgd-ce, apgd-t, fab-t, square.
initial accuracy: 18.75%
apgd-ce - 1/1 - 11 out of 12 successfully perturbed
robust accuracy after APGD-CE: 1.56% (total time 34.3 s)
apgd-t - 1/1 - 1 out of 1 successfully perturbed
robust accuracy after APGD-T: 0.00% (total time 50.1 s)
max L1 perturbation: 75.00163, nan in tensor: 0, max: 1.00000, min: 0.00000
robust accuracy: 0.00%
shard2:  50%|█████     | 2/4 [04:42<04:11, 125.58s/it]using standard version including apgd-ce, apgd-t, fab-t, square.
initial accuracy: 23.44%
apgd-ce - 1/1 - 14 out of 15 successfully perturbed
robust accuracy after APGD-CE: 1.56% (total time 36.2 s)
apgd-t - 1/1 - 0 out of 1 successfully perturbed
robust accuracy after APGD-T: 1.56% (total time 62.4 s)
fab-t - 1/1 - 0 out of 1 successfully perturbed
robust accuracy after FAB-T: 1.56% (total time 119.6 s)
square - 1/1 - 0 out of 1 successfully perturbed
robust accuracy after SQUARE: 1.56% (total time 224.0 s)
max L1 perturbation: 75.00061, nan in tensor: 0, max: 1.00000, min: 0.00000
robust accuracy: 1.56%
shard2:  75%|███████▌  | 3/4 [08:29<02:52, 172.15s/it]using standard version including apgd-ce, apgd-t, fab-t, square.
initial accuracy: 18.97%
apgd-ce - 1/1 - 11 out of 11 successfully perturbed
robust accuracy after APGD-CE: 0.00% (total time 12.8 s)
max L1 perturbation: 75.00058, nan in tensor: 0, max: 1.00000, min: 0.00000
robust accuracy: 0.00%
shard2: 100%|██████████| 4/4 [08:45<00:00, 110.58s/it]shard2: 100%|██████████| 4/4 [08:45<00:00, 131.46s/it]

  Shard 2 done: 250 images | clean=0.2080 | adv=0.0080
