  Using: NVIDIA H100 80GB HBM3

============================================================
  Dataset   : stanford_cars  [shard 3/4]
  Surrogate : siglip2_so400m
  Norm      : L2  eps=2.0  (AA: 2.00000)
  Device    : cuda
============================================================
  [shard] Waiting for download lock...
Data already present at /home/m/mheuill/links/scratch/robustgenbench/data_processed.
  Shard indices: 500–749  (250 samples of 1000 total)

Loading SigLIP2-SO400M-NaFlex surrogate: google/siglip2-so400m-patch16-naflex
Loading weights:   0%|          | 0/888 [00:00<?, ?it/s]Loading weights:  95%|█████████▌| 845/888 [00:00<00:00, 8445.22it/s]Loading weights: 100%|██████████| 888/888 [00:00<00:00, 8167.94it/s]
  Encoding 196 class prompts...
  Fixed meta keys: ['pixel_attention_mask', 'spatial_shapes']
  NaFlex: N=256 patches, patch_dim=768
setting parameters for standard version
shard2:   0%|          | 0/4 [00:00<?, ?it/s]using standard version including apgd-ce, apgd-t, fab-t, square.
initial accuracy: 10.94%
apgd-ce - 1/1 - 7 out of 7 successfully perturbed
robust accuracy after APGD-CE: 0.00% (total time 8.9 s)
max L2 perturbation: 2.00000, nan in tensor: 0, max: 1.00000, min: 0.00000
robust accuracy: 0.00%
shard2:  25%|██▌       | 1/4 [00:13<00:41, 13.90s/it]using standard version including apgd-ce, apgd-t, fab-t, square.
initial accuracy: 6.25%
apgd-ce - 1/1 - 4 out of 4 successfully perturbed
robust accuracy after APGD-CE: 0.00% (total time 6.4 s)
max L2 perturbation: 2.00000, nan in tensor: 0, max: 1.00000, min: 0.00000
robust accuracy: 0.00%
shard2:  50%|█████     | 2/4 [00:24<00:23, 11.98s/it]using standard version including apgd-ce, apgd-t, fab-t, square.
initial accuracy: 3.12%
apgd-ce - 1/1 - 2 out of 2 successfully perturbed
robust accuracy after APGD-CE: 0.00% (total time 5.1 s)
max L2 perturbation: 1.99988, nan in tensor: 0, max: 1.00000, min: 0.00000
robust accuracy: 0.00%
shard2:  75%|███████▌  | 3/4 [00:33<00:10, 10.75s/it]using standard version including apgd-ce, apgd-t, fab-t, square.
initial accuracy: 5.17%
apgd-ce - 1/1 - 3 out of 3 successfully perturbed
robust accuracy after APGD-CE: 0.00% (total time 5.4 s)
max L2 perturbation: 1.99995, nan in tensor: 0, max: 1.00000, min: 0.00000
robust accuracy: 0.00%
shard2: 100%|██████████| 4/4 [00:42<00:00, 10.10s/it]shard2: 100%|██████████| 4/4 [00:42<00:00, 10.75s/it]

  Shard 2 done: 250 images | clean=0.0640 | adv=0.0000
