  Using: NVIDIA H100 80GB HBM3

============================================================
  Dataset   : uc-merced-land-use-dataset  [shard 1/4]
  Surrogate : siglip2_so400m
  Norm      : L2  eps=8.0  (AA: 8.00000)
  Device    : cuda
============================================================
  [shard] Waiting for download lock...
Data already present at /home/m/mheuill/links/scratch/robustgenbench/data_processed.
  Shard indices: 0–104  (105 samples of 420 total)

Loading SigLIP2-SO400M-NaFlex surrogate: google/siglip2-so400m-patch16-naflex
Loading weights:   0%|          | 0/888 [00:00<?, ?it/s]Loading weights:  54%|█████▍    | 479/888 [00:00<00:00, 4750.72it/s]Loading weights: 100%|██████████| 888/888 [00:00<00:00, 4316.13it/s]
HTTP Error 500 thrown while requesting HEAD https://huggingface.co/google/siglip2-so400m-patch16-naflex/resolve/main/processor_config.json
Retrying in 1s [Retry 1/5].
  Encoding 21 class prompts...
  Fixed meta keys: ['pixel_attention_mask', 'spatial_shapes']
  NaFlex: N=256 patches, patch_dim=768
setting parameters for standard version
shard0:   0%|          | 0/2 [00:00<?, ?it/s]using standard version including apgd-ce, apgd-t, fab-t, square.
initial accuracy: 82.81%
apgd-ce - 1/1 - 53 out of 53 successfully perturbed
robust accuracy after APGD-CE: 0.00% (total time 59.8 s)
max L2 perturbation: 8.00000, nan in tensor: 0, max: 1.00000, min: 0.00000
robust accuracy: 0.00%
shard0:  50%|█████     | 1/2 [01:04<01:04, 64.51s/it]using standard version including apgd-ce, apgd-t, fab-t, square.
initial accuracy: 82.93%
apgd-ce - 1/1 - 34 out of 34 successfully perturbed
robust accuracy after APGD-CE: 0.00% (total time 39.4 s)
max L2 perturbation: 8.00000, nan in tensor: 0, max: 1.00000, min: 0.00000
robust accuracy: 0.00%
shard0: 100%|██████████| 2/2 [01:46<00:00, 51.22s/it]shard0: 100%|██████████| 2/2 [01:46<00:00, 53.25s/it]

  Shard 0 done: 105 images | clean=0.8286 | adv=0.0000
