  Using: NVIDIA H100 80GB HBM3

============================================================
  Dataset   : fgvc-aircraft-2013b  [shard 2/4]
  Surrogate : siglip2_so400m
  Norm      : L2  eps=8.0  (AA: 8.00000)
  Device    : cuda
============================================================
  [shard] Waiting for download lock...
Data already present at /home/m/mheuill/links/scratch/robustgenbench/data_processed.
  Shard indices: 250–499  (250 samples of 1000 total)

Loading SigLIP2-SO400M-NaFlex surrogate: google/siglip2-so400m-patch16-naflex
Loading weights:   0%|          | 0/888 [00:00<?, ?it/s]Loading weights:  16%|█▌        | 144/888 [00:00<00:00, 1439.01it/s]Loading weights:  33%|███▎      | 289/888 [00:00<00:00, 1438.79it/s]Loading weights:  49%|████▉     | 433/888 [00:00<00:00, 1356.82it/s]Loading weights:  71%|███████   | 627/888 [00:00<00:00, 1566.72it/s]Loading weights:  90%|█████████ | 803/888 [00:00<00:00, 1623.20it/s]Loading weights: 100%|██████████| 888/888 [00:00<00:00, 1595.81it/s]
  Encoding 100 class prompts...
  Fixed meta keys: ['pixel_attention_mask', 'spatial_shapes']
  NaFlex: N=256 patches, patch_dim=768
setting parameters for standard version
shard1:   0%|          | 0/4 [00:00<?, ?it/s]using standard version including apgd-ce, apgd-t, fab-t, square.
initial accuracy: 25.00%
apgd-ce - 1/1 - 16 out of 16 successfully perturbed
robust accuracy after APGD-CE: 0.00% (total time 20.3 s)
max L2 perturbation: 8.00000, nan in tensor: 0, max: 1.00000, min: 0.00000
robust accuracy: 0.00%
shard1:  25%|██▌       | 1/4 [00:25<01:16, 25.59s/it]using standard version including apgd-ce, apgd-t, fab-t, square.
initial accuracy: 26.56%
apgd-ce - 1/1 - 17 out of 17 successfully perturbed
robust accuracy after APGD-CE: 0.00% (total time 21.5 s)
max L2 perturbation: 8.00000, nan in tensor: 0, max: 1.00000, min: 0.00000
robust accuracy: 0.00%
shard1:  50%|█████     | 2/4 [00:51<00:51, 25.86s/it]using standard version including apgd-ce, apgd-t, fab-t, square.
initial accuracy: 32.81%
apgd-ce - 1/1 - 21 out of 21 successfully perturbed
robust accuracy after APGD-CE: 0.00% (total time 24.9 s)
max L2 perturbation: 8.00000, nan in tensor: 0, max: 1.00000, min: 0.00000
robust accuracy: 0.00%
shard1:  75%|███████▌  | 3/4 [01:21<00:27, 27.49s/it]using standard version including apgd-ce, apgd-t, fab-t, square.
initial accuracy: 18.97%
apgd-ce - 1/1 - 11 out of 11 successfully perturbed
robust accuracy after APGD-CE: 0.00% (total time 13.6 s)
max L2 perturbation: 8.00000, nan in tensor: 0, max: 1.00000, min: 0.00000
robust accuracy: 0.00%
shard1: 100%|██████████| 4/4 [01:38<00:00, 23.59s/it]shard1: 100%|██████████| 4/4 [01:38<00:00, 24.69s/it]

  Shard 1 done: 250 images | clean=0.2600 | adv=0.0000
