  Using: NVIDIA H100 80GB HBM3

============================================================
  Dataset   : caltech101  [shard 1/4]
  Surrogate : siglip2_so400m
  Norm      : L2  eps=8.0  (AA: 8.00000)
  Device    : cuda
============================================================
  [shard] Waiting for download lock...
Data already present at /home/m/mheuill/links/scratch/robustgenbench/data_processed.
  Shard indices: 0–249  (250 samples of 1000 total)

Loading SigLIP2-SO400M-NaFlex surrogate: google/siglip2-so400m-patch16-naflex
Loading weights:   0%|          | 0/888 [00:00<?, ?it/s]Loading weights:  69%|██████▉   | 615/888 [00:00<00:00, 6106.94it/s]Loading weights: 100%|██████████| 888/888 [00:00<00:00, 5469.75it/s]
  Encoding 101 class prompts...
setting parameters for standard version
shard0:   0%|          | 0/4 [00:00<?, ?it/s]using standard version including apgd-ce, apgd-t, fab-t, square.
initial accuracy: 25.00%
apgd-ce - 1/1 - 16 out of 16 successfully perturbed
robust accuracy after APGD-CE: 0.00% (total time 15.8 s)
max L2 perturbation: 8.00000, nan in tensor: 0, max: 1.00000, min: 0.00000
robust accuracy: 0.00%
shard0:  25%|██▌       | 1/4 [00:19<00:59, 19.83s/it]using standard version including apgd-ce, apgd-t, fab-t, square.
initial accuracy: 10.94%
apgd-ce - 1/1 - 7 out of 7 successfully perturbed
robust accuracy after APGD-CE: 0.00% (total time 7.7 s)
max L2 perturbation: 7.99999, nan in tensor: 0, max: 1.00000, min: 0.00000
robust accuracy: 0.00%
shard0:  50%|█████     | 2/4 [00:31<00:29, 14.74s/it]using standard version including apgd-ce, apgd-t, fab-t, square.
initial accuracy: 14.06%
apgd-ce - 1/1 - 9 out of 9 successfully perturbed
robust accuracy after APGD-CE: 0.00% (total time 9.0 s)
max L2 perturbation: 7.99983, nan in tensor: 0, max: 1.00000, min: 0.00000
robust accuracy: 0.00%
shard0:  75%|███████▌  | 3/4 [00:43<00:13, 13.67s/it]using standard version including apgd-ce, apgd-t, fab-t, square.
initial accuracy: 12.07%
apgd-ce - 1/1 - 7 out of 7 successfully perturbed
robust accuracy after APGD-CE: 0.00% (total time 7.7 s)
max L2 perturbation: 8.00000, nan in tensor: 0, max: 1.00000, min: 0.00000
robust accuracy: 0.00%
shard0: 100%|██████████| 4/4 [00:54<00:00, 12.62s/it]shard0: 100%|██████████| 4/4 [00:54<00:00, 13.62s/it]

  Shard 0 done: 250 images | clean=0.1560 | adv=0.0000
