  Using: NVIDIA H100 80GB HBM3

============================================================
  Dataset   : uc-merced-land-use-dataset  [shard 3/4]
  Surrogate : siglip2_so400m
  Norm      : L2  eps=8.0  (AA: 8.00000)
  Device    : cuda
============================================================
  [shard] Waiting for download lock...
Data already present at /home/m/mheuill/links/scratch/robustgenbench/data_processed.
  Shard indices: 210–314  (105 samples of 420 total)

Loading SigLIP2-SO400M-NaFlex surrogate: google/siglip2-so400m-patch16-naflex
Loading weights:   0%|          | 0/888 [00:00<?, ?it/s]Loading weights:  55%|█████▌    | 491/888 [00:00<00:00, 4898.47it/s]Loading weights: 100%|██████████| 888/888 [00:00<00:00, 4513.29it/s]
  Encoding 21 class prompts...
setting parameters for standard version
shard2:   0%|          | 0/2 [00:00<?, ?it/s]using standard version including apgd-ce, apgd-t, fab-t, square.
initial accuracy: 7.81%
apgd-ce - 1/1 - 5 out of 5 successfully perturbed
robust accuracy after APGD-CE: 0.00% (total time 6.7 s)
max L2 perturbation: 8.00000, nan in tensor: 0, max: 1.00000, min: 0.00000
robust accuracy: 0.00%
shard2:  50%|█████     | 1/2 [00:10<00:10, 10.80s/it]using standard version including apgd-ce, apgd-t, fab-t, square.
initial accuracy: 12.20%
apgd-ce - 1/1 - 5 out of 5 successfully perturbed
robust accuracy after APGD-CE: 0.00% (total time 6.6 s)
max L2 perturbation: 7.99954, nan in tensor: 0, max: 1.00000, min: 0.00000
robust accuracy: 0.00%
shard2: 100%|██████████| 2/2 [00:19<00:00,  9.77s/it]shard2: 100%|██████████| 2/2 [00:19<00:00,  9.95s/it]

  Shard 2 done: 105 images | clean=0.0952 | adv=0.0000
