  Using: NVIDIA H100 80GB HBM3

============================================================
  Dataset   : caltech101  [shard 2/4]
  Surrogate : siglip2_so400m
  Norm      : L2  eps=8.0  (AA: 8.00000)
  Device    : cuda
============================================================
  [shard] Waiting for download lock...
Data already present at /home/m/mheuill/links/scratch/robustgenbench/data_processed.
  Shard indices: 250–499  (250 samples of 1000 total)

Loading SigLIP2-SO400M-NaFlex surrogate: google/siglip2-so400m-patch16-naflex
Loading weights:   0%|          | 0/888 [00:00<?, ?it/s]Loading weights:  52%|█████▏    | 459/888 [00:00<00:00, 4579.39it/s]Loading weights: 100%|██████████| 888/888 [00:00<00:00, 4208.25it/s]
'The read operation timed out' thrown while requesting HEAD https://huggingface.co/google/siglip2-so400m-patch16-naflex/resolve/main/processor_config.json
Retrying in 1s [Retry 1/5].
  Encoding 101 class prompts...
  Fixed meta keys: ['pixel_attention_mask', 'spatial_shapes']
  NaFlex: N=256 patches, patch_dim=768
setting parameters for standard version
shard1:   0%|          | 0/4 [00:00<?, ?it/s]using standard version including apgd-ce, apgd-t, fab-t, square.
initial accuracy: 92.19%
apgd-ce - 1/1 - 59 out of 59 successfully perturbed
robust accuracy after APGD-CE: 0.00% (total time 68.8 s)
max L2 perturbation: 8.00000, nan in tensor: 0, max: 1.00000, min: 0.00000
robust accuracy: 0.00%
shard1:  25%|██▌       | 1/4 [01:13<03:41, 73.70s/it]using standard version including apgd-ce, apgd-t, fab-t, square.
initial accuracy: 92.19%
apgd-ce - 1/1 - 59 out of 59 successfully perturbed
robust accuracy after APGD-CE: 0.00% (total time 68.7 s)
max L2 perturbation: 8.00000, nan in tensor: 0, max: 1.00000, min: 0.00000
robust accuracy: 0.00%
shard1:  50%|█████     | 2/4 [02:26<02:26, 73.22s/it]using standard version including apgd-ce, apgd-t, fab-t, square.
initial accuracy: 87.50%
apgd-ce - 1/1 - 56 out of 56 successfully perturbed
robust accuracy after APGD-CE: 0.00% (total time 61.2 s)
max L2 perturbation: 8.00000, nan in tensor: 0, max: 1.00000, min: 0.00000
robust accuracy: 0.00%
shard1:  75%|███████▌  | 3/4 [03:31<01:09, 69.62s/it]using standard version including apgd-ce, apgd-t, fab-t, square.
initial accuracy: 94.83%
apgd-ce - 1/1 - 55 out of 55 successfully perturbed
robust accuracy after APGD-CE: 0.00% (total time 60.9 s)
max L2 perturbation: 8.00000, nan in tensor: 0, max: 1.00000, min: 0.00000
robust accuracy: 0.00%
shard1: 100%|██████████| 4/4 [04:36<00:00, 67.63s/it]shard1: 100%|██████████| 4/4 [04:36<00:00, 69.14s/it]

  Shard 1 done: 250 images | clean=0.9160 | adv=0.0000
