  Using: NVIDIA H100 80GB HBM3

============================================================
  Dataset   : stanford_cars  [shard 1/4]
  Surrogate : siglip2_so400m
  Norm      : L2  eps=8.0  (AA: 8.00000)
  Device    : cuda
============================================================
  [shard] Waiting for download lock...
Data already present at /home/m/mheuill/links/scratch/robustgenbench/data_processed.
  Shard indices: 0–249  (250 samples of 1000 total)

Loading SigLIP2-SO400M-NaFlex surrogate: google/siglip2-so400m-patch16-naflex
Loading weights:   0%|          | 0/888 [00:00<?, ?it/s]Loading weights:  53%|█████▎    | 474/888 [00:00<00:00, 4714.62it/s]Loading weights: 100%|██████████| 888/888 [00:00<00:00, 4282.02it/s]
  Encoding 196 class prompts...
  Fixed meta keys: ['pixel_attention_mask', 'spatial_shapes']
  NaFlex: N=256 patches, patch_dim=768
setting parameters for standard version
shard0:   0%|          | 0/4 [00:00<?, ?it/s]using standard version including apgd-ce, apgd-t, fab-t, square.
initial accuracy: 6.25%
apgd-ce - 1/1 - 4 out of 4 successfully perturbed
robust accuracy after APGD-CE: 0.00% (total time 6.5 s)
max L2 perturbation: 8.00000, nan in tensor: 0, max: 1.00000, min: 0.00000
robust accuracy: 0.00%
shard0:  25%|██▌       | 1/4 [00:11<00:34, 11.42s/it]using standard version including apgd-ce, apgd-t, fab-t, square.
initial accuracy: 4.69%
apgd-ce - 1/1 - 3 out of 3 successfully perturbed
robust accuracy after APGD-CE: 0.00% (total time 5.1 s)
max L2 perturbation: 7.99985, nan in tensor: 0, max: 1.00000, min: 0.00000
robust accuracy: 0.00%
shard0:  50%|█████     | 2/4 [00:20<00:20, 10.16s/it]using standard version including apgd-ce, apgd-t, fab-t, square.
initial accuracy: 1.56%
apgd-ce - 1/1 - 1 out of 1 successfully perturbed
robust accuracy after APGD-CE: 0.00% (total time 4.1 s)
max L2 perturbation: 7.99872, nan in tensor: 0, max: 1.00000, min: 0.00000
robust accuracy: 0.00%
shard0:  75%|███████▌  | 3/4 [00:29<00:09,  9.33s/it]using standard version including apgd-ce, apgd-t, fab-t, square.
initial accuracy: 5.17%
apgd-ce - 1/1 - 3 out of 3 successfully perturbed
robust accuracy after APGD-CE: 0.00% (total time 5.1 s)
max L2 perturbation: 7.99957, nan in tensor: 0, max: 1.00000, min: 0.00000
robust accuracy: 0.00%
shard0: 100%|██████████| 4/4 [00:37<00:00,  9.10s/it]shard0: 100%|██████████| 4/4 [00:37<00:00,  9.46s/it]

  Shard 0 done: 250 images | clean=0.0440 | adv=0.0000
