  Using: NVIDIA H100 80GB HBM3

============================================================
  Dataset   : oxford-iiit-pet  [shard 4/4]
  Surrogate : siglip2_so400m
  Norm      : Linf  eps=8.0  (AA: 0.03137)
  Device    : cuda
============================================================
  [shard] Waiting for download lock...
Data already present at /home/m/mheuill/links/scratch/robustgenbench/data_processed.
  Shard indices: 750–999  (250 samples of 1000 total)

Loading SigLIP2-SO400M-NaFlex surrogate: google/siglip2-so400m-patch16-naflex
Loading weights:   0%|          | 0/888 [00:00<?, ?it/s]Loading weights:  53%|█████▎    | 470/888 [00:00<00:00, 4642.23it/s]Loading weights: 100%|██████████| 888/888 [00:00<00:00, 4406.49it/s]
  Encoding 37 class prompts...
setting parameters for standard version
shard3:   0%|          | 0/4 [00:00<?, ?it/s]using standard version including apgd-ce, apgd-t, fab-t, square.
initial accuracy: 1.56%
apgd-ce - 1/1 - 1 out of 1 successfully perturbed
robust accuracy after APGD-CE: 0.00% (total time 4.5 s)
max Linf perturbation: 0.03137, nan in tensor: 0, max: 1.00000, min: 0.00000
robust accuracy: 0.00%
shard3:  25%|██▌       | 1/4 [00:08<00:26,  8.76s/it]using standard version including apgd-ce, apgd-t, fab-t, square.
initial accuracy: 0.00%
max Linf perturbation: 0.00000, nan in tensor: 0, max: 1.00000, min: 0.00000
robust accuracy: 0.00%
shard3:  50%|█████     | 2/4 [00:12<00:11,  5.74s/it]using standard version including apgd-ce, apgd-t, fab-t, square.
initial accuracy: 1.56%
apgd-ce - 1/1 - 1 out of 1 successfully perturbed
robust accuracy after APGD-CE: 0.00% (total time 4.6 s)
max Linf perturbation: 0.03137, nan in tensor: 0, max: 1.00000, min: 0.00000
robust accuracy: 0.00%
shard3:  75%|███████▌  | 3/4 [00:20<00:06,  6.88s/it]using standard version including apgd-ce, apgd-t, fab-t, square.
initial accuracy: 0.00%
max Linf perturbation: 0.00000, nan in tensor: 0, max: 1.00000, min: 0.00000
robust accuracy: 0.00%
shard3: 100%|██████████| 4/4 [00:24<00:00,  5.54s/it]shard3: 100%|██████████| 4/4 [00:24<00:00,  6.04s/it]

  Shard 3 done: 250 images | clean=0.0080 | adv=0.0000
