  Using: NVIDIA H100 80GB HBM3

============================================================
  Dataset   : fgvc-aircraft-2013b  [shard 4/4]
  Surrogate : siglip2_so400m
  Norm      : Linf  eps=30.0  (AA: 0.11765)
  Device    : cuda
============================================================
  [shard] Waiting for download lock...
Data already present at /home/m/mheuill/links/scratch/robustgenbench/data_processed.
  Shard indices: 750–999  (250 samples of 1000 total)

Loading SigLIP2-SO400M-NaFlex surrogate: google/siglip2-so400m-patch16-naflex
Loading weights:   0%|          | 0/888 [00:00<?, ?it/s]Loading weights:  19%|█▉        | 171/888 [00:00<00:00, 1684.36it/s]Loading weights:  38%|███▊      | 340/888 [00:00<00:00, 1372.14it/s]Loading weights:  54%|█████▍    | 481/888 [00:00<00:00, 1360.94it/s]Loading weights:  76%|███████▋  | 679/888 [00:00<00:00, 1584.25it/s]Loading weights:  96%|█████████▋| 855/888 [00:00<00:00, 1632.60it/s]Loading weights: 100%|██████████| 888/888 [00:00<00:00, 1590.95it/s]
  Encoding 100 class prompts...
  Fixed meta keys: ['pixel_attention_mask', 'spatial_shapes']
  NaFlex: N=256 patches, patch_dim=768
setting parameters for standard version
shard3:   0%|          | 0/4 [00:00<?, ?it/s]using standard version including apgd-ce, apgd-t, fab-t, square.
initial accuracy: 34.38%
apgd-ce - 1/1 - 22 out of 22 successfully perturbed
robust accuracy after APGD-CE: 0.00% (total time 25.0 s)
max Linf perturbation: 0.11765, nan in tensor: 0, max: 1.00000, min: 0.00000
robust accuracy: 0.00%
shard3:  25%|██▌       | 1/4 [00:30<01:30, 30.05s/it]using standard version including apgd-ce, apgd-t, fab-t, square.
initial accuracy: 25.00%
apgd-ce - 1/1 - 16 out of 16 successfully perturbed
robust accuracy after APGD-CE: 0.00% (total time 20.2 s)
max Linf perturbation: 0.11765, nan in tensor: 0, max: 1.00000, min: 0.00000
robust accuracy: 0.00%
shard3:  50%|█████     | 2/4 [00:54<00:53, 26.82s/it]using standard version including apgd-ce, apgd-t, fab-t, square.
initial accuracy: 29.69%
apgd-ce - 1/1 - 19 out of 19 successfully perturbed
robust accuracy after APGD-CE: 0.00% (total time 23.3 s)
max Linf perturbation: 0.11765, nan in tensor: 0, max: 1.00000, min: 0.00000
robust accuracy: 0.00%
shard3:  75%|███████▌  | 3/4 [01:22<00:27, 27.20s/it]using standard version including apgd-ce, apgd-t, fab-t, square.
initial accuracy: 29.31%
apgd-ce - 1/1 - 17 out of 17 successfully perturbed
robust accuracy after APGD-CE: 0.00% (total time 21.4 s)
max Linf perturbation: 0.11765, nan in tensor: 0, max: 1.00000, min: 0.00000
robust accuracy: 0.00%
shard3: 100%|██████████| 4/4 [01:47<00:00, 26.42s/it]shard3: 100%|██████████| 4/4 [01:47<00:00, 26.89s/it]

  Shard 3 done: 250 images | clean=0.2960 | adv=0.0000
