  Using: NVIDIA H100 80GB HBM3

============================================================
  Dataset   : oxford-iiit-pet  [shard 1/4]
  Surrogate : siglip2_so400m
  Norm      : Linf  eps=30.0  (AA: 0.11765)
  Device    : cuda
============================================================
  [shard] Waiting for download lock...
Data already present at /home/m/mheuill/links/scratch/robustgenbench/data_processed.
  Shard indices: 0–249  (250 samples of 1000 total)

Loading SigLIP2-SO400M-NaFlex surrogate: google/siglip2-so400m-patch16-naflex
Loading weights:   0%|          | 0/888 [00:00<?, ?it/s]Loading weights:  65%|██████▍   | 573/888 [00:00<00:00, 5727.30it/s]Loading weights: 100%|██████████| 888/888 [00:00<00:00, 6154.79it/s]
  Encoding 37 class prompts...
setting parameters for standard version
shard0:   0%|          | 0/4 [00:00<?, ?it/s]shard0:   0%|          | 0/4 [00:00<?, ?it/s]
Traceback (most recent call last):
  File "/project/6102313/mheuill/robust_training/craft_shard.py", line 253, in <module>
    main()
  File "/project/6102313/mheuill/robust_training/craft_shard.py", line 246, in main
    run_shard(args)
  File "/project/6102313/mheuill/robust_training/craft_shard.py", line 126, in run_shard
    n_correct_clean += (model(x).argmax(1) == labels_t).sum().item()
                        ^^^^^^^^
  File "/tmp/myenv_reprod/lib/python3.11/site-packages/torch/nn/modules/module.py", line 1779, in _wrapped_call_impl
    return self._call_impl(*args, **kwargs)
           ^^^^^^^^^^^^^^^^^^^^^^^^^^^^^^^^
  File "/tmp/myenv_reprod/lib/python3.11/site-packages/torch/nn/modules/module.py", line 1790, in _call_impl
    return forward_call(*args, **kwargs)
           ^^^^^^^^^^^^^^^^^^^^^^^^^^^^^
  File "/project/6102313/mheuill/robust_training/craft_adversarial.py", line 333, in forward
    image_features = F.normalize(self._encode_fn(x), dim=-1)
                                 ^^^^^^^^^^^^^^^^^^
  File "/project/6102313/mheuill/robust_training/craft_adversarial.py", line 490, in encode_fn
    vision_out = hf_model.vision_model(
                 ^^^^^^^^^^^^^^^^^^^^^^
  File "/tmp/myenv_reprod/lib/python3.11/site-packages/torch/nn/modules/module.py", line 1779, in _wrapped_call_impl
    return self._call_impl(*args, **kwargs)
           ^^^^^^^^^^^^^^^^^^^^^^^^^^^^^^^^
  File "/tmp/myenv_reprod/lib/python3.11/site-packages/torch/nn/modules/module.py", line 1790, in _call_impl
    return forward_call(*args, **kwargs)
           ^^^^^^^^^^^^^^^^^^^^^^^^^^^^^
  File "/tmp/myenv_reprod/lib/python3.11/site-packages/transformers/utils/generic.py", line 952, in wrapper
    output = func(self, *args, **kwargs)
             ^^^^^^^^^^^^^^^^^^^^^^^^^^^
  File "/tmp/myenv_reprod/lib/python3.11/site-packages/transformers/utils/output_capturing.py", line 248, in wrapper
    outputs = func(self, *args, **kwargs)
              ^^^^^^^^^^^^^^^^^^^^^^^^^^^
TypeError: Siglip2VisionTransformer.forward() missing 1 required positional argument: 'attention_mask'
