  Using: NVIDIA H100 80GB HBM3

============================================================
  Dataset   : stanford_cars  [shard 4/4]
  Surrogate : siglip2_so400m
  Norm      : Linf  eps=30.0  (AA: 0.11765)
  Device    : cuda
============================================================
  [shard] Waiting for download lock...
Data already present at /home/m/mheuill/links/scratch/robustgenbench/data_processed.
  Shard indices: 750–999  (250 samples of 1000 total)

Loading SigLIP2-SO400M-NaFlex surrogate: google/siglip2-so400m-patch16-naflex
Loading weights:   0%|          | 0/888 [00:00<?, ?it/s]Loading weights:  56%|█████▌    | 498/888 [00:00<00:00, 4977.79it/s]Loading weights: 100%|██████████| 888/888 [00:00<00:00, 4563.58it/s]
  Encoding 196 class prompts...
  Fixed meta keys: ['pixel_attention_mask', 'spatial_shapes']
  NaFlex: N=256 patches, patch_dim=768
setting parameters for standard version
shard3:   0%|          | 0/4 [00:00<?, ?it/s]using standard version including apgd-ce, apgd-t, fab-t, square.
initial accuracy: 6.25%
apgd-ce - 1/1 - 4 out of 4 successfully perturbed
robust accuracy after APGD-CE: 0.00% (total time 6.5 s)
max Linf perturbation: 0.11765, nan in tensor: 0, max: 1.00000, min: 0.00000
robust accuracy: 0.00%
shard3:  25%|██▌       | 1/4 [00:11<00:34, 11.36s/it]using standard version including apgd-ce, apgd-t, fab-t, square.
initial accuracy: 9.38%
apgd-ce - 1/1 - 6 out of 6 successfully perturbed
robust accuracy after APGD-CE: 0.00% (total time 8.1 s)
max Linf perturbation: 0.11765, nan in tensor: 0, max: 1.00000, min: 0.00000
robust accuracy: 0.00%
shard3:  50%|█████     | 2/4 [00:23<00:23, 11.89s/it]using standard version including apgd-ce, apgd-t, fab-t, square.
initial accuracy: 3.12%
apgd-ce - 1/1 - 2 out of 2 successfully perturbed
robust accuracy after APGD-CE: 0.00% (total time 4.9 s)
max Linf perturbation: 0.11765, nan in tensor: 0, max: 1.00000, min: 0.00000
robust accuracy: 0.00%
shard3:  75%|███████▌  | 3/4 [00:32<00:10, 10.60s/it]using standard version including apgd-ce, apgd-t, fab-t, square.
initial accuracy: 3.45%
apgd-ce - 1/1 - 2 out of 2 successfully perturbed
robust accuracy after APGD-CE: 0.00% (total time 4.8 s)
max Linf perturbation: 0.11765, nan in tensor: 0, max: 1.00000, min: 0.00000
robust accuracy: 0.00%
shard3: 100%|██████████| 4/4 [00:41<00:00,  9.75s/it]shard3: 100%|██████████| 4/4 [00:41<00:00, 10.30s/it]

  Shard 3 done: 250 images | clean=0.0560 | adv=0.0000
