  Using: NVIDIA H100 80GB HBM3

============================================================
  Dataset   : fgvc-aircraft-2013b  [shard 3/4]
  Surrogate : siglip2_so400m
  Norm      : Linf  eps=30.0  (AA: 0.11765)
  Device    : cuda
============================================================
  [shard] Waiting for download lock...
Data already present at /home/m/mheuill/links/scratch/robustgenbench/data_processed.
  Shard indices: 500–749  (250 samples of 1000 total)

Loading SigLIP2-SO400M-NaFlex surrogate: google/siglip2-so400m-patch16-naflex
Loading weights:   0%|          | 0/888 [00:00<?, ?it/s]Loading weights:  54%|█████▍    | 481/888 [00:00<00:00, 4797.56it/s]Loading weights: 100%|██████████| 888/888 [00:00<00:00, 4385.71it/s]
  Encoding 100 class prompts...
setting parameters for standard version
shard2:   0%|          | 0/4 [00:00<?, ?it/s]using standard version including apgd-ce, apgd-t, fab-t, square.
initial accuracy: 1.56%
apgd-ce - 1/1 - 1 out of 1 successfully perturbed
robust accuracy after APGD-CE: 0.00% (total time 4.5 s)
max Linf perturbation: 0.11765, nan in tensor: 0, max: 1.00000, min: 0.00000
robust accuracy: 0.00%
shard2:  25%|██▌       | 1/4 [00:09<00:27,  9.23s/it]using standard version including apgd-ce, apgd-t, fab-t, square.
initial accuracy: 0.00%
max Linf perturbation: 0.00000, nan in tensor: 0, max: 1.00000, min: 0.00000
robust accuracy: 0.00%
shard2:  50%|█████     | 2/4 [00:13<00:12,  6.18s/it]using standard version including apgd-ce, apgd-t, fab-t, square.
initial accuracy: 1.56%
apgd-ce - 1/1 - 1 out of 1 successfully perturbed
robust accuracy after APGD-CE: 0.00% (total time 4.5 s)
max Linf perturbation: 0.11765, nan in tensor: 0, max: 1.00000, min: 0.00000
robust accuracy: 0.00%
shard2:  75%|███████▌  | 3/4 [00:21<00:07,  7.27s/it]using standard version including apgd-ce, apgd-t, fab-t, square.
initial accuracy: 1.72%
apgd-ce - 1/1 - 1 out of 1 successfully perturbed
robust accuracy after APGD-CE: 0.00% (total time 4.5 s)
max Linf perturbation: 0.11765, nan in tensor: 0, max: 1.00000, min: 0.00000
robust accuracy: 0.00%
shard2: 100%|██████████| 4/4 [00:30<00:00,  7.67s/it]shard2: 100%|██████████| 4/4 [00:30<00:00,  7.55s/it]

  Shard 2 done: 250 images | clean=0.0120 | adv=0.0000
