  Using: NVIDIA H100 80GB HBM3

============================================================
  Dataset   : caltech101  [shard 3/4]
  Surrogate : siglip2_so400m
  Norm      : Linf  eps=30.0  (AA: 0.11765)
  Device    : cuda
============================================================
  [shard] Waiting for download lock...
Data already present at /home/m/mheuill/links/scratch/robustgenbench/data_processed.
  Shard indices: 500–749  (250 samples of 1000 total)

Loading SigLIP2-SO400M-NaFlex surrogate: google/siglip2-so400m-patch16-naflex
Loading weights:   0%|          | 0/888 [00:00<?, ?it/s]Loading weights:  75%|███████▌  | 670/888 [00:00<00:00, 6696.77it/s]Loading weights: 100%|██████████| 888/888 [00:00<00:00, 6538.68it/s]
  Encoding 101 class prompts...
setting parameters for standard version
shard2:   0%|          | 0/4 [00:00<?, ?it/s]using standard version including apgd-ce, apgd-t, fab-t, square.
initial accuracy: 21.88%
apgd-ce - 1/1 - 14 out of 14 successfully perturbed
robust accuracy after APGD-CE: 0.00% (total time 13.8 s)
max Linf perturbation: 0.11765, nan in tensor: 0, max: 1.00000, min: 0.00000
robust accuracy: 0.00%
shard2:  25%|██▌       | 1/4 [00:17<00:53, 17.87s/it]using standard version including apgd-ce, apgd-t, fab-t, square.
initial accuracy: 18.75%
apgd-ce - 1/1 - 12 out of 12 successfully perturbed
robust accuracy after APGD-CE: 0.00% (total time 12.7 s)
max Linf perturbation: 0.11765, nan in tensor: 0, max: 1.00000, min: 0.00000
robust accuracy: 0.00%
shard2:  50%|█████     | 2/4 [00:33<00:33, 16.81s/it]using standard version including apgd-ce, apgd-t, fab-t, square.
initial accuracy: 23.44%
apgd-ce - 1/1 - 15 out of 15 successfully perturbed
robust accuracy after APGD-CE: 0.00% (total time 14.5 s)
max Linf perturbation: 0.11765, nan in tensor: 0, max: 1.00000, min: 0.00000
robust accuracy: 0.00%
shard2:  75%|███████▌  | 3/4 [00:51<00:17, 17.32s/it]using standard version including apgd-ce, apgd-t, fab-t, square.
initial accuracy: 18.97%
apgd-ce - 1/1 - 11 out of 11 successfully perturbed
robust accuracy after APGD-CE: 0.00% (total time 12.1 s)
max Linf perturbation: 0.11765, nan in tensor: 0, max: 1.00000, min: 0.00000
robust accuracy: 0.00%
shard2: 100%|██████████| 4/4 [01:07<00:00, 16.54s/it]shard2: 100%|██████████| 4/4 [01:07<00:00, 16.82s/it]

  Shard 2 done: 250 images | clean=0.2080 | adv=0.0000
