  Using: NVIDIA H100 80GB HBM3

============================================================
  Dataset   : caltech101  [shard 3/4]
  Surrogate : siglip2_so400m
  Norm      : Linf  eps=30.0  (AA: 0.11765)
  Device    : cuda
============================================================
  [shard] Waiting for download lock...
Data already present at /home/m/mheuill/links/scratch/robustgenbench/data_processed.
  Shard indices: 500–749  (250 samples of 1000 total)

Loading SigLIP2-SO400M-NaFlex surrogate: google/siglip2-so400m-patch16-naflex
Loading weights:   0%|          | 0/888 [00:00<?, ?it/s]Loading weights:  87%|████████▋ | 775/888 [00:00<00:00, 7741.59it/s]Loading weights: 100%|██████████| 888/888 [00:00<00:00, 6969.08it/s]
  Encoding 101 class prompts...
  Fixed meta keys: ['pixel_attention_mask', 'spatial_shapes']
  NaFlex: N=256 patches, patch_dim=768
setting parameters for standard version
shard2:   0%|          | 0/4 [00:00<?, ?it/s]using standard version including apgd-ce, apgd-t, fab-t, square.
initial accuracy: 84.38%
apgd-ce - 1/1 - 54 out of 54 successfully perturbed
robust accuracy after APGD-CE: 0.00% (total time 59.8 s)
max Linf perturbation: 0.11765, nan in tensor: 0, max: 1.00000, min: 0.00000
robust accuracy: 0.00%
shard2:  25%|██▌       | 1/4 [01:04<03:12, 64.20s/it]using standard version including apgd-ce, apgd-t, fab-t, square.
initial accuracy: 89.06%
apgd-ce - 1/1 - 57 out of 57 successfully perturbed
robust accuracy after APGD-CE: 0.00% (total time 61.7 s)
max Linf perturbation: 0.11765, nan in tensor: 0, max: 1.00000, min: 0.00000
robust accuracy: 0.00%
shard2:  50%|█████     | 2/4 [02:09<02:09, 64.88s/it]using standard version including apgd-ce, apgd-t, fab-t, square.
initial accuracy: 93.75%
apgd-ce - 1/1 - 60 out of 60 successfully perturbed
robust accuracy after APGD-CE: 0.00% (total time 69.2 s)
max Linf perturbation: 0.11765, nan in tensor: 0, max: 1.00000, min: 0.00000
robust accuracy: 0.00%
shard2:  75%|███████▌  | 3/4 [03:22<01:08, 68.53s/it]using standard version including apgd-ce, apgd-t, fab-t, square.
initial accuracy: 87.93%
apgd-ce - 1/1 - 51 out of 51 successfully perturbed
robust accuracy after APGD-CE: 0.00% (total time 57.0 s)
max Linf perturbation: 0.11765, nan in tensor: 0, max: 1.00000, min: 0.00000
robust accuracy: 0.00%
shard2: 100%|██████████| 4/4 [04:22<00:00, 65.26s/it]shard2: 100%|██████████| 4/4 [04:22<00:00, 65.68s/it]

  Shard 2 done: 250 images | clean=0.8880 | adv=0.0000
