  Using: NVIDIA H100 80GB HBM3

============================================================
  Dataset   : uc-merced-land-use-dataset  [shard 3/4]
  Surrogate : siglip2_so400m
  Norm      : Linf  eps=8.0  (AA: 0.03137)
  Device    : cuda
============================================================
  [shard] Waiting for download lock...
Data already present at /home/m/mheuill/links/scratch/robustgenbench/data_processed.
  Shard indices: 210–314  (105 samples of 420 total)

Loading SigLIP2-SO400M-NaFlex surrogate: google/siglip2-so400m-patch16-naflex
Loading weights:   0%|          | 0/888 [00:00<?, ?it/s]Loading weights:  60%|█████▉    | 530/888 [00:00<00:00, 5294.02it/s]Loading weights: 100%|██████████| 888/888 [00:00<00:00, 4788.14it/s]
  Encoding 21 class prompts...
  Fixed meta keys: ['pixel_attention_mask', 'spatial_shapes']
  NaFlex: N=256 patches, patch_dim=768
setting parameters for standard version
shard2:   0%|          | 0/2 [00:00<?, ?it/s]using standard version including apgd-ce, apgd-t, fab-t, square.
initial accuracy: 87.50%
apgd-ce - 1/1 - 56 out of 56 successfully perturbed
robust accuracy after APGD-CE: 0.00% (total time 61.4 s)
max Linf perturbation: 0.03137, nan in tensor: 0, max: 1.00000, min: 0.00000
robust accuracy: 0.00%
shard2:  50%|█████     | 1/2 [01:05<01:05, 65.78s/it]using standard version including apgd-ce, apgd-t, fab-t, square.
initial accuracy: 80.49%
apgd-ce - 1/1 - 33 out of 33 successfully perturbed
robust accuracy after APGD-CE: 0.00% (total time 39.0 s)
max Linf perturbation: 0.03137, nan in tensor: 0, max: 1.00000, min: 0.00000
robust accuracy: 0.00%
shard2: 100%|██████████| 2/2 [01:47<00:00, 51.48s/it]shard2: 100%|██████████| 2/2 [01:47<00:00, 53.64s/it]

  Shard 2 done: 105 images | clean=0.8476 | adv=0.0000
