  Using: NVIDIA H100 80GB HBM3

============================================================
  Dataset   : fgvc-aircraft-2013b  [shard 3/4]
  Surrogate : siglip2_so400m
  Norm      : Linf  eps=30.0  (AA: 0.11765)
  Device    : cuda
============================================================
  [shard] Waiting for download lock...
Data already present at /home/m/mheuill/links/scratch/robustgenbench/data_processed.
  Shard indices: 500–749  (250 samples of 1000 total)

Loading SigLIP2-SO400M-NaFlex surrogate: google/siglip2-so400m-patch16-naflex
Loading weights:   0%|          | 0/888 [00:00<?, ?it/s]Loading weights:  57%|█████▋    | 510/888 [00:00<00:00, 5091.13it/s]Loading weights: 100%|██████████| 888/888 [00:00<00:00, 5574.44it/s]
  Encoding 100 class prompts...
  Fixed meta keys: ['pixel_attention_mask', 'spatial_shapes']
  NaFlex: N=256 patches, patch_dim=768
setting parameters for standard version
shard2:   0%|          | 0/4 [00:00<?, ?it/s]using standard version including apgd-ce, apgd-t, fab-t, square.
initial accuracy: 34.38%
apgd-ce - 1/1 - 22 out of 22 successfully perturbed
robust accuracy after APGD-CE: 0.00% (total time 25.0 s)
max Linf perturbation: 0.11765, nan in tensor: 0, max: 1.00000, min: 0.00000
robust accuracy: 0.00%
shard2:  25%|██▌       | 1/4 [00:29<01:29, 29.91s/it]using standard version including apgd-ce, apgd-t, fab-t, square.
initial accuracy: 29.69%
apgd-ce - 1/1 - 19 out of 19 successfully perturbed
robust accuracy after APGD-CE: 0.00% (total time 23.3 s)
max Linf perturbation: 0.11765, nan in tensor: 0, max: 1.00000, min: 0.00000
robust accuracy: 0.00%
shard2:  50%|█████     | 2/4 [00:57<00:57, 28.56s/it]using standard version including apgd-ce, apgd-t, fab-t, square.
initial accuracy: 28.12%
apgd-ce - 1/1 - 18 out of 18 successfully perturbed
robust accuracy after APGD-CE: 0.00% (total time 22.5 s)
max Linf perturbation: 0.11765, nan in tensor: 0, max: 1.00000, min: 0.00000
robust accuracy: 0.00%
shard2:  75%|███████▌  | 3/4 [01:24<00:27, 27.79s/it]using standard version including apgd-ce, apgd-t, fab-t, square.
initial accuracy: 18.97%
apgd-ce - 1/1 - 11 out of 11 successfully perturbed
robust accuracy after APGD-CE: 0.00% (total time 13.6 s)
max Linf perturbation: 0.11765, nan in tensor: 0, max: 1.00000, min: 0.00000
robust accuracy: 0.00%
shard2: 100%|██████████| 4/4 [01:41<00:00, 23.73s/it]shard2: 100%|██████████| 4/4 [01:41<00:00, 25.49s/it]

  Shard 2 done: 250 images | clean=0.2800 | adv=0.0000
