
======== GPU REPORT ========

==============NVSMI LOG==============

Timestamp                                 : Wed Apr  8 11:40:36 2026
Driver Version                            : 570.211.01
CUDA Version                              : 12.8

Attached GPUs                             : 4
GPU 00000000:4E:00.0
    Accounting Mode                       : Enabled
    Accounting Mode Buffer Size           : 4000
    Accounted Processes
        Process ID                        : 3619688
            GPU Utilization               : 2 %
            Memory Utilization            : 0 %
            Max memory usage              : 7452 MiB
            Time                          : 10653 ms
            Is Running                    : 0
        Process ID                        : 3620004
            GPU Utilization               : 62 %
            Memory Utilization            : 8 %
            Max memory usage              : 29692 MiB
            Time                          : 25738 ms
            Is Running                    : 0
        Process ID                        : 3620189
            GPU Utilization               : 1 %
            Memory Utilization            : 0 %
            Max memory usage              : 5942 MiB
            Time                          : 8435 ms
            Is Running                    : 0
        Process ID                        : 3620262
            GPU Utilization               : 9 %
            Memory Utilization            : 1 %
            Max memory usage              : 6900 MiB
            Time                          : 10321 ms
            Is Running                    : 0
        Process ID                        : 3621060
            GPU Utilization               : 11 %
            Memory Utilization            : 2 %
            Max memory usage              : 7038 MiB
            Time                          : 10116 ms
            Is Running                    : 0
        Process ID                        : 3621257
            GPU Utilization               : 12 %
            Memory Utilization            : 2 %
            Max memory usage              : 7038 MiB
            Time                          : 10389 ms
            Is Running                    : 0
        Process ID                        : 3621429
            GPU Utilization               : 12 %
            Memory Utilization            : 2 %
            Max memory usage              : 7038 MiB
            Time                          : 9984 ms
            Is Running                    : 0
        Process ID                        : 3621698
            GPU Utilization               : 2 %
            Memory Utilization            : 0 %
            Max memory usage              : 5944 MiB
            Time                          : 11430 ms
            Is Running                    : 0
        Process ID                        : 3621891
            GPU Utilization               : 2 %
            Memory Utilization            : 0 %
            Max memory usage              : 5944 MiB
            Time                          : 11306 ms
            Is Running                    : 0
        Process ID                        : 3622077
            GPU Utilization               : 5 %
            Memory Utilization            : 1 %
            Max memory usage              : 7414 MiB
            Time                          : 22954 ms
            Is Running                    : 0
        Process ID                        : 3622991
            GPU Utilization               : 8 %
            Memory Utilization            : 1 %
            Max memory usage              : 7414 MiB
            Time                          : 13915 ms
            Is Running                    : 0

GPU 00000000:5F:00.0
    Accounting Mode                       : Enabled
    Accounting Mode Buffer Size           : 4000
    Accounted Processes                   : None

GPU 00000000:CB:00.0
    Accounting Mode                       : Enabled
    Accounting Mode Buffer Size           : 4000
    Accounted Processes                   : None

GPU 00000000:DB:00.0
    Accounting Mode                       : Enabled
    Accounting Mode Buffer Size           : 4000
    Accounted Processes                   : None

Wed Apr  8 11:40:36 2026       
+-----------------------------------------------------------------------------------------+
| NVIDIA-SMI 570.211.01             Driver Version: 570.211.01     CUDA Version: 12.8     |
|-----------------------------------------+------------------------+----------------------+
| GPU  Name                 Persistence-M | Bus-Id          Disp.A | Volatile Uncorr. ECC |
| Fan  Temp   Perf          Pwr:Usage/Cap |           Memory-Usage | GPU-Util  Compute M. |
|                                         |                        |               MIG M. |
|=========================================+========================+======================|
|   0  NVIDIA H100 80GB HBM3          On  |   00000000:4E:00.0 Off |                    0 |
| N/A   33C    P0             68W /  700W |       0MiB /  81559MiB |      0%      Default |
|                                         |                        |             Disabled |
+-----------------------------------------+------------------------+----------------------+
|   1  NVIDIA H100 80GB HBM3          On  |   00000000:5F:00.0 Off |                    0 |
| N/A   32C    P0             71W /  700W |       0MiB /  81559MiB |      0%      Default |
|                                         |                        |             Disabled |
+-----------------------------------------+------------------------+----------------------+
|   2  NVIDIA H100 80GB HBM3          On  |   00000000:CB:00.0 Off |                    0 |
| N/A   33C    P0             70W /  700W |       0MiB /  81559MiB |      0%      Default |
|                                         |                        |             Disabled |
+-----------------------------------------+------------------------+----------------------+
|   3  NVIDIA H100 80GB HBM3          On  |   00000000:DB:00.0 Off |                    0 |
| N/A   33C    P0             71W /  700W |       0MiB /  81559MiB |      0%      Default |
|                                         |                        |             Disabled |
+-----------------------------------------+------------------------+----------------------+
                                                                                         
+-----------------------------------------------------------------------------------------+
| Processes:                                                                              |
|  GPU   GI   CI              PID   Type   Process name                        GPU Memory |
|        ID   ID                                                               Usage      |
|=========================================================================================|
|  No running processes found                                                             |
+-----------------------------------------------------------------------------------------+
