  Using: NVIDIA H100 80GB HBM3

============================================================
  Dataset   : stanford_cars  [shard 1/4]
  Surrogate : clip_vith14
  Norm      : L1  eps=300.0  (AA: 300.00000)
  Device    : cuda
============================================================
  [shard] Waiting for download lock...

Downloading 'MaxHeuillet/RobustGenBench' → /tmp/robustgenbench/data_processed
Fetching 13 files:   0%|          | 0/13 [00:00<?, ?it/s]Fetching 13 files:   8%|▊         | 1/13 [00:00<00:01,  6.88it/s]Fetching 13 files:  15%|█▌        | 2/13 [05:22<34:46, 189.70s/it]Fetching 13 files:  69%|██████▉   | 9/13 [05:29<01:53, 28.40s/it] Fetching 13 files: 100%|██████████| 13/13 [05:29<00:00, 25.34s/it]

Download complete. Data stored at /tmp/robustgenbench/data_processed

Extracting stanford_cars_processed.tar.zst → /tmp/robustgenbench/work/stanford_cars
  Shard indices: 0–249  (250 samples of 1000 total)

Loading CLIP ViT-H/14 surrogate: ViT-H-14 / laion2b_s32b_b79k
  Encoding 196 class prompts...
setting parameters for standard version
shard0:   0%|          | 0/4 [00:00<?, ?it/s]using standard version including apgd-ce, apgd-t, fab-t, square.
initial accuracy: 93.75%
apgd-ce - 1/1 - 60 out of 60 successfully perturbed
robust accuracy after APGD-CE: 0.00% (total time 110.9 s)
max L1 perturbation: 300.00140, nan in tensor: 0, max: 1.00000, min: 0.00000
robust accuracy: 0.00%
shard0:  25%|██▌       | 1/4 [01:57<05:52, 117.40s/it]using standard version including apgd-ce, apgd-t, fab-t, square.
initial accuracy: 92.19%
apgd-ce - 1/1 - 59 out of 59 successfully perturbed
robust accuracy after APGD-CE: 0.00% (total time 109.7 s)
max L1 perturbation: 300.00140, nan in tensor: 0, max: 1.00000, min: 0.00000
robust accuracy: 0.00%
shard0:  50%|█████     | 2/4 [03:52<03:52, 116.30s/it]using standard version including apgd-ce, apgd-t, fab-t, square.
initial accuracy: 96.88%
apgd-ce - 1/1 - 62 out of 62 successfully perturbed
robust accuracy after APGD-CE: 0.00% (total time 112.6 s)
max L1 perturbation: 300.00150, nan in tensor: 0, max: 1.00000, min: 0.00000
robust accuracy: 0.00%
shard0:  75%|███████▌  | 3/4 [05:51<01:57, 117.31s/it]using standard version including apgd-ce, apgd-t, fab-t, square.
initial accuracy: 93.10%
apgd-ce - 1/1 - 54 out of 54 successfully perturbed
robust accuracy after APGD-CE: 0.00% (total time 101.7 s)
max L1 perturbation: 300.00183, nan in tensor: 0, max: 1.00000, min: 0.00000
robust accuracy: 0.00%
shard0: 100%|██████████| 4/4 [07:38<00:00, 113.27s/it]shard0: 100%|██████████| 4/4 [07:38<00:00, 114.65s/it]

  Shard 0 done: 250 images | clean=0.9400 | adv=0.0000
