  Using: NVIDIA H100 80GB HBM3

============================================================
  Dataset   : fgvc-aircraft-2013b  [shard 4/4]
  Surrogate : clip_vith14
  Norm      : L1  eps=300.0  (AA: 300.00000)
  Device    : cuda
============================================================
  [shard] Waiting for download lock...
Data already present at /tmp/robustgenbench/data_processed.
Extracting fgvc-aircraft-2013b_processed.tar.zst → /tmp/robustgenbench/work/fgvc-aircraft-2013b
  Shard indices: 750–999  (250 samples of 1000 total)

Loading CLIP ViT-H/14 surrogate: ViT-H-14 / laion2b_s32b_b79k
  Encoding 100 class prompts...
setting parameters for standard version
shard3:   0%|          | 0/4 [00:00<?, ?it/s]using standard version including apgd-ce, apgd-t, fab-t, square.
initial accuracy: 43.75%
apgd-ce - 1/1 - 28 out of 28 successfully perturbed
robust accuracy after APGD-CE: 0.00% (total time 55.5 s)
max L1 perturbation: 300.00208, nan in tensor: 0, max: 1.00000, min: 0.00000
robust accuracy: 0.00%
shard3:  25%|██▌       | 1/4 [01:02<03:06, 62.24s/it]using standard version including apgd-ce, apgd-t, fab-t, square.
initial accuracy: 59.38%
apgd-ce - 1/1 - 38 out of 38 successfully perturbed
robust accuracy after APGD-CE: 0.00% (total time 69.1 s)
max L1 perturbation: 300.00177, nan in tensor: 0, max: 1.00000, min: 0.00000
robust accuracy: 0.00%
shard3:  50%|█████     | 2/4 [02:17<02:19, 69.85s/it]using standard version including apgd-ce, apgd-t, fab-t, square.
initial accuracy: 48.44%
apgd-ce - 1/1 - 31 out of 31 successfully perturbed
robust accuracy after APGD-CE: 0.00% (total time 60.2 s)
max L1 perturbation: 300.00113, nan in tensor: 0, max: 1.00000, min: 0.00000
robust accuracy: 0.00%
shard3:  75%|███████▌  | 3/4 [03:23<01:08, 68.25s/it]using standard version including apgd-ce, apgd-t, fab-t, square.
initial accuracy: 48.28%
apgd-ce - 1/1 - 28 out of 28 successfully perturbed
robust accuracy after APGD-CE: 0.00% (total time 55.4 s)
max L1 perturbation: 300.00119, nan in tensor: 0, max: 1.00000, min: 0.00000
robust accuracy: 0.00%
shard3: 100%|██████████| 4/4 [04:24<00:00, 65.40s/it]shard3: 100%|██████████| 4/4 [04:24<00:00, 66.21s/it]

  Shard 3 done: 250 images | clean=0.5000 | adv=0.0000
