  Using: NVIDIA H100 80GB HBM3

============================================================
  Dataset   : caltech101  [shard 4/4]
  Surrogate : clip_vith14
  Norm      : L1  eps=75.0  (AA: 75.00000)
  Device    : cuda
============================================================
  [shard] Waiting for download lock...
Data already present at /home/m/mheuill/links/scratch/robustgenbench/data_processed.
  Shard indices: 750–999  (250 samples of 1000 total)

Loading CLIP ViT-H/14 surrogate: ViT-H-14 / laion2b_s32b_b79k
  Encoding 101 class prompts...
setting parameters for standard version
shard3:   0%|          | 0/4 [00:00<?, ?it/s]using standard version including apgd-ce, apgd-t, fab-t, square.
initial accuracy: 93.75%
apgd-ce - 1/1 - 43 out of 60 successfully perturbed
robust accuracy after APGD-CE: 26.56% (total time 291.4 s)
apgd-t - 1/1 - 5 out of 17 successfully perturbed
robust accuracy after APGD-T: 18.75% (total time 434.5 s)
fab-t - 1/1 - 0 out of 12 successfully perturbed
robust accuracy after FAB-T: 18.75% (total time 802.9 s)
square - 1/1 - 0 out of 12 successfully perturbed
robust accuracy after SQUARE: 18.75% (total time 1315.0 s)
max L1 perturbation: 75.00182, nan in tensor: 0, max: 1.00000, min: 0.00000
robust accuracy: 18.75%
shard3:  25%|██▌       | 1/4 [22:01<1:06:04, 1321.41s/it]using standard version including apgd-ce, apgd-t, fab-t, square.
initial accuracy: 85.94%
apgd-ce - 1/1 - 46 out of 55 successfully perturbed
robust accuracy after APGD-CE: 14.06% (total time 238.0 s)
apgd-t - 1/1 - 2 out of 9 successfully perturbed
robust accuracy after APGD-T: 10.94% (total time 330.9 s)
fab-t - 1/1 - 0 out of 7 successfully perturbed
robust accuracy after FAB-T: 10.94% (total time 590.4 s)
square - 1/1 - 0 out of 7 successfully perturbed
robust accuracy after SQUARE: 10.94% (total time 981.8 s)
max L1 perturbation: 75.00103, nan in tensor: 0, max: 1.00000, min: 0.00000
robust accuracy: 10.94%
shard3:  50%|█████     | 2/4 [38:29<37:30, 1125.05s/it]  using standard version including apgd-ce, apgd-t, fab-t, square.
initial accuracy: 87.50%
apgd-ce - 1/1 - 44 out of 56 successfully perturbed
robust accuracy after APGD-CE: 18.75% (total time 251.0 s)
apgd-t - 1/1 - 2 out of 12 successfully perturbed
robust accuracy after APGD-T: 15.62% (total time 363.2 s)
fab-t - 1/1 - 0 out of 10 successfully perturbed
robust accuracy after FAB-T: 15.62% (total time 707.6 s)
square - 1/1 - 0 out of 10 successfully perturbed
robust accuracy after SQUARE: 15.62% (total time 1207.6 s)
max L1 perturbation: 75.00089, nan in tensor: 0, max: 1.00000, min: 0.00000
robust accuracy: 15.62%
shard3:  75%|███████▌  | 3/4 [58:42<19:25, 1165.36s/it]using standard version including apgd-ce, apgd-t, fab-t, square.
initial accuracy: 87.93%
apgd-ce - 1/1 - 37 out of 51 successfully perturbed
robust accuracy after APGD-CE: 24.14% (total time 248.8 s)
apgd-t - 1/1 - 3 out of 14 successfully perturbed
robust accuracy after APGD-T: 18.97% (total time 375.5 s)
fab-t - 1/1 - 0 out of 11 successfully perturbed
robust accuracy after FAB-T: 18.97% (total time 730.2 s)
square - 1/1 - 0 out of 11 successfully perturbed
robust accuracy after SQUARE: 18.97% (total time 1234.9 s)
max L1 perturbation: 75.00119, nan in tensor: 0, max: 1.00000, min: 0.00000
robust accuracy: 18.97%
shard3: 100%|██████████| 4/4 [1:19:22<00:00, 1194.93s/it]shard3: 100%|██████████| 4/4 [1:19:22<00:00, 1190.66s/it]

  Shard 3 done: 250 images | clean=0.8880 | adv=0.1600
