  Using: NVIDIA H100 80GB HBM3

============================================================
  Dataset   : stanford_cars  [shard 2/4]
  Surrogate : clip_vith14
  Norm      : L1  eps=75.0  (AA: 75.00000)
  Device    : cuda
============================================================
  [shard] Waiting for download lock...
Data already present at /home/m/mheuill/links/scratch/robustgenbench/data_processed.
  Shard indices: 250–499  (250 samples of 1000 total)

Loading CLIP ViT-H/14 surrogate: ViT-H-14 / laion2b_s32b_b79k
  Encoding 196 class prompts...
setting parameters for standard version
shard1:   0%|          | 0/4 [00:00<?, ?it/s]using standard version including apgd-ce, apgd-t, fab-t, square.
initial accuracy: 92.19%
apgd-ce - 1/1 - 54 out of 59 successfully perturbed
robust accuracy after APGD-CE: 7.81% (total time 202.6 s)
apgd-t - 1/1 - 2 out of 5 successfully perturbed
robust accuracy after APGD-T: 4.69% (total time 261.7 s)
fab-t - 1/1 - 0 out of 3 successfully perturbed
robust accuracy after FAB-T: 4.69% (total time 380.2 s)
square - 1/1 - 0 out of 3 successfully perturbed
robust accuracy after SQUARE: 4.69% (total time 563.6 s)
max L1 perturbation: 75.00105, nan in tensor: 0, max: 1.00000, min: 0.00000
robust accuracy: 4.69%
shard1:  25%|██▌       | 1/4 [09:30<28:30, 570.11s/it]using standard version including apgd-ce, apgd-t, fab-t, square.
initial accuracy: 93.75%
apgd-ce - 1/1 - 56 out of 60 successfully perturbed
robust accuracy after APGD-CE: 6.25% (total time 199.4 s)
apgd-t - 1/1 - 0 out of 4 successfully perturbed
robust accuracy after APGD-T: 6.25% (total time 250.6 s)
fab-t - 1/1 - 0 out of 4 successfully perturbed
robust accuracy after FAB-T: 6.25% (total time 407.6 s)
square - 1/1 - 0 out of 4 successfully perturbed
robust accuracy after SQUARE: 6.25% (total time 652.7 s)
max L1 perturbation: 75.00073, nan in tensor: 0, max: 1.00000, min: 0.00000
robust accuracy: 6.25%
shard1:  50%|█████     | 2/4 [20:28<20:44, 622.13s/it]using standard version including apgd-ce, apgd-t, fab-t, square.
initial accuracy: 95.31%
apgd-ce - 1/1 - 59 out of 61 successfully perturbed
robust accuracy after APGD-CE: 3.12% (total time 201.8 s)
apgd-t - 1/1 - 2 out of 2 successfully perturbed
robust accuracy after APGD-T: 0.00% (total time 220.4 s)
max L1 perturbation: 75.00079, nan in tensor: 0, max: 1.00000, min: 0.00000
robust accuracy: 0.00%
shard1:  75%|███████▌  | 3/4 [24:14<07:21, 441.35s/it]using standard version including apgd-ce, apgd-t, fab-t, square.
initial accuracy: 98.28%
apgd-ce - 1/1 - 54 out of 57 successfully perturbed
robust accuracy after APGD-CE: 5.17% (total time 185.8 s)
apgd-t - 1/1 - 0 out of 3 successfully perturbed
robust accuracy after APGD-T: 5.17% (total time 223.4 s)
fab-t - 1/1 - 0 out of 3 successfully perturbed
robust accuracy after FAB-T: 5.17% (total time 340.5 s)
square - 1/1 - 0 out of 3 successfully perturbed
robust accuracy after SQUARE: 5.17% (total time 524.8 s)
max L1 perturbation: 75.00163, nan in tensor: 0, max: 1.00000, min: 0.00000
robust accuracy: 5.17%
shard1: 100%|██████████| 4/4 [33:05<00:00, 476.41s/it]shard1: 100%|██████████| 4/4 [33:05<00:00, 496.27s/it]

  Shard 1 done: 250 images | clean=0.9480 | adv=0.0400
