  Using: NVIDIA H100 80GB HBM3

============================================================
  Dataset   : uc-merced-land-use-dataset  [shard 3/4]
  Surrogate : clip_vith14
  Norm      : L1  eps=300.0  (AA: 300.00000)
  Device    : cuda
============================================================
  [shard] Waiting for download lock...
Data already present at /tmp/robustgenbench/data_processed.
Extracting uc-merced-land-use-dataset_processed.tar.zst → /tmp/robustgenbench/work/uc-merced-land-use-dataset
  Shard indices: 210–314  (105 samples of 420 total)

Loading CLIP ViT-H/14 surrogate: ViT-H-14 / laion2b_s32b_b79k
  Encoding 21 class prompts...
setting parameters for standard version
shard2:   0%|          | 0/2 [00:00<?, ?it/s]using standard version including apgd-ce, apgd-t, fab-t, square.
initial accuracy: 81.25%
apgd-ce - 1/1 - 52 out of 52 successfully perturbed
robust accuracy after APGD-CE: 0.00% (total time 94.2 s)
max L1 perturbation: 300.00146, nan in tensor: 0, max: 1.00000, min: 0.00000
robust accuracy: 0.00%
shard2:  50%|█████     | 1/2 [01:40<01:40, 100.60s/it]using standard version including apgd-ce, apgd-t, fab-t, square.
initial accuracy: 75.61%
apgd-ce - 1/1 - 31 out of 31 successfully perturbed
robust accuracy after APGD-CE: 0.00% (total time 60.3 s)
max L1 perturbation: 300.00162, nan in tensor: 0, max: 1.00000, min: 0.00000
robust accuracy: 0.00%
shard2: 100%|██████████| 2/2 [02:44<00:00, 79.23s/it] shard2: 100%|██████████| 2/2 [02:44<00:00, 82.46s/it]

  Shard 2 done: 105 images | clean=0.7905 | adv=0.0000
