  Using: NVIDIA H100 80GB HBM3

============================================================
  Dataset   : stanford_cars  [shard 1/4]
  Surrogate : clip_vith14
  Norm      : L1  eps=75.0  (AA: 75.00000)
  Device    : cuda
============================================================
  [shard] Waiting for download lock...
Data already present at /home/m/mheuill/links/scratch/robustgenbench/data_processed.
  Shard indices: 0–249  (250 samples of 1000 total)

Loading CLIP ViT-H/14 surrogate: ViT-H-14 / laion2b_s32b_b79k
  Encoding 196 class prompts...
setting parameters for standard version
shard0:   0%|          | 0/4 [00:00<?, ?it/s]using standard version including apgd-ce, apgd-t, fab-t, square.
initial accuracy: 93.75%
apgd-ce - 1/1 - 54 out of 60 successfully perturbed
robust accuracy after APGD-CE: 9.38% (total time 201.1 s)
apgd-t - 1/1 - 1 out of 6 successfully perturbed
robust accuracy after APGD-T: 7.81% (total time 263.2 s)
fab-t - 1/1 - 0 out of 5 successfully perturbed
robust accuracy after FAB-T: 7.81% (total time 451.9 s)
square - 1/1 - 0 out of 5 successfully perturbed
robust accuracy after SQUARE: 7.81% (total time 737.9 s)
max L1 perturbation: 75.00079, nan in tensor: 0, max: 1.00000, min: 0.00000
robust accuracy: 7.81%
shard0:  25%|██▌       | 1/4 [12:24<37:13, 744.38s/it]using standard version including apgd-ce, apgd-t, fab-t, square.
initial accuracy: 92.19%
apgd-ce - 1/1 - 52 out of 59 successfully perturbed
robust accuracy after APGD-CE: 10.94% (total time 223.5 s)
apgd-t - 1/1 - 2 out of 7 successfully perturbed
robust accuracy after APGD-T: 7.81% (total time 289.9 s)
fab-t - 1/1 - 0 out of 5 successfully perturbed
robust accuracy after FAB-T: 7.81% (total time 475.9 s)
square - 1/1 - 1 out of 5 successfully perturbed
robust accuracy after SQUARE: 6.25% (total time 721.4 s)
Warning: Square Attack has decreased the robust accuracy of 1.56%. This might indicate that the robustness evaluation using AutoAttack is unreliable. Consider running Square Attack with more iterations and restarts or an adaptive attack. See flags_doc.md for details.
max L1 perturbation: 75.00098, nan in tensor: 0, max: 1.00000, min: 0.00000
robust accuracy: 6.25%
shard0:  50%|█████     | 2/4 [24:31<24:28, 734.31s/it]using standard version including apgd-ce, apgd-t, fab-t, square.
initial accuracy: 96.88%
apgd-ce - 1/1 - 56 out of 62 successfully perturbed
robust accuracy after APGD-CE: 9.38% (total time 242.7 s)
apgd-t - 1/1 - 3 out of 6 successfully perturbed
robust accuracy after APGD-T: 4.69% (total time 295.4 s)
fab-t - 1/1 - 0 out of 3 successfully perturbed
robust accuracy after FAB-T: 4.69% (total time 412.2 s)
square - 1/1 - 0 out of 3 successfully perturbed
robust accuracy after SQUARE: 4.69% (total time 593.8 s)
max L1 perturbation: 75.00114, nan in tensor: 0, max: 1.00000, min: 0.00000
robust accuracy: 4.69%
shard0:  75%|███████▌  | 3/4 [34:31<11:12, 672.83s/it]using standard version including apgd-ce, apgd-t, fab-t, square.
initial accuracy: 93.10%
apgd-ce - 1/1 - 47 out of 54 successfully perturbed
robust accuracy after APGD-CE: 12.07% (total time 216.1 s)
apgd-t - 1/1 - 3 out of 7 successfully perturbed
robust accuracy after APGD-T: 6.90% (total time 275.2 s)
fab-t - 1/1 - 0 out of 4 successfully perturbed
robust accuracy after FAB-T: 6.90% (total time 431.7 s)
square - 1/1 - 0 out of 4 successfully perturbed
robust accuracy after SQUARE: 6.90% (total time 674.8 s)
max L1 perturbation: 75.00079, nan in tensor: 0, max: 1.00000, min: 0.00000
robust accuracy: 6.90%
shard0: 100%|██████████| 4/4 [45:51<00:00, 675.72s/it]shard0: 100%|██████████| 4/4 [45:51<00:00, 687.88s/it]

  Shard 0 done: 250 images | clean=0.9400 | adv=0.0640
