  Using: NVIDIA H100 80GB HBM3

============================================================
  Dataset   : caltech101  [shard 3/4]
  Surrogate : clip_vith14
  Norm      : L1  eps=300.0  (AA: 300.00000)
  Device    : cuda
============================================================
  [shard] Waiting for download lock...
Data already present at /tmp/robustgenbench/data_processed.
Extracting caltech101_processed.tar.zst → /tmp/robustgenbench/work/caltech101
  Shard indices: 500–749  (250 samples of 1000 total)

Loading CLIP ViT-H/14 surrogate: ViT-H-14 / laion2b_s32b_b79k
  Encoding 101 class prompts...
setting parameters for standard version
shard2:   0%|          | 0/4 [00:00<?, ?it/s]using standard version including apgd-ce, apgd-t, fab-t, square.
initial accuracy: 87.50%
apgd-ce - 1/1 - 56 out of 56 successfully perturbed
robust accuracy after APGD-CE: 0.00% (total time 105.2 s)
max L1 perturbation: 300.00238, nan in tensor: 0, max: 1.00000, min: 0.00000
robust accuracy: 0.00%
shard2:  25%|██▌       | 1/4 [01:51<05:34, 111.62s/it]using standard version including apgd-ce, apgd-t, fab-t, square.
initial accuracy: 93.75%
apgd-ce - 1/1 - 60 out of 60 successfully perturbed
robust accuracy after APGD-CE: 0.00% (total time 131.4 s)
max L1 perturbation: 300.00119, nan in tensor: 0, max: 1.00000, min: 0.00000
robust accuracy: 0.00%
shard2:  50%|█████     | 2/4 [04:08<04:13, 126.61s/it]using standard version including apgd-ce, apgd-t, fab-t, square.
initial accuracy: 85.94%
apgd-ce - 1/1 - 55 out of 55 successfully perturbed
robust accuracy after APGD-CE: 0.00% (total time 102.5 s)
max L1 perturbation: 300.00134, nan in tensor: 0, max: 1.00000, min: 0.00000
robust accuracy: 0.00%
shard2:  75%|███████▌  | 3/4 [05:56<01:58, 118.22s/it]using standard version including apgd-ce, apgd-t, fab-t, square.
initial accuracy: 93.10%
apgd-ce - 1/1 - 54 out of 54 successfully perturbed
robust accuracy after APGD-CE: 0.00% (total time 101.7 s)
max L1 perturbation: 300.00195, nan in tensor: 0, max: 1.00000, min: 0.00000
robust accuracy: 0.00%
shard2: 100%|██████████| 4/4 [07:43<00:00, 113.81s/it]shard2: 100%|██████████| 4/4 [07:44<00:00, 116.01s/it]

  Shard 2 done: 250 images | clean=0.9000 | adv=0.0000
