  Using: NVIDIA H100 80GB HBM3

============================================================
  Dataset   : fgvc-aircraft-2013b  [shard 3/4]
  Surrogate : clip_vith14
  Norm      : L1  eps=300.0  (AA: 300.00000)
  Device    : cuda
============================================================
  [shard] Waiting for download lock...
Data already present at /tmp/robustgenbench/data_processed.
Extracting fgvc-aircraft-2013b_processed.tar.zst → /tmp/robustgenbench/work/fgvc-aircraft-2013b
  Shard indices: 500–749  (250 samples of 1000 total)

Loading CLIP ViT-H/14 surrogate: ViT-H-14 / laion2b_s32b_b79k
  Encoding 100 class prompts...
setting parameters for standard version
shard2:   0%|          | 0/4 [00:00<?, ?it/s]using standard version including apgd-ce, apgd-t, fab-t, square.
initial accuracy: 50.00%
apgd-ce - 1/1 - 32 out of 32 successfully perturbed
robust accuracy after APGD-CE: 0.00% (total time 61.3 s)
max L1 perturbation: 300.00192, nan in tensor: 0, max: 1.00000, min: 0.00000
robust accuracy: 0.00%
shard2:  25%|██▌       | 1/4 [01:07<03:23, 67.97s/it]using standard version including apgd-ce, apgd-t, fab-t, square.
initial accuracy: 50.00%
apgd-ce - 1/1 - 32 out of 32 successfully perturbed
robust accuracy after APGD-CE: 0.00% (total time 61.2 s)
max L1 perturbation: 300.00214, nan in tensor: 0, max: 1.00000, min: 0.00000
robust accuracy: 0.00%
shard2:  50%|█████     | 2/4 [02:15<02:15, 67.59s/it]using standard version including apgd-ce, apgd-t, fab-t, square.
initial accuracy: 53.12%
apgd-ce - 1/1 - 34 out of 34 successfully perturbed
robust accuracy after APGD-CE: 0.00% (total time 64.8 s)
max L1 perturbation: 300.00140, nan in tensor: 0, max: 1.00000, min: 0.00000
robust accuracy: 0.00%
shard2:  75%|███████▌  | 3/4 [03:26<01:09, 69.10s/it]using standard version including apgd-ce, apgd-t, fab-t, square.
initial accuracy: 44.83%
apgd-ce - 1/1 - 26 out of 26 successfully perturbed
robust accuracy after APGD-CE: 0.00% (total time 50.9 s)
max L1 perturbation: 300.00232, nan in tensor: 0, max: 1.00000, min: 0.00000
robust accuracy: 0.00%
shard2: 100%|██████████| 4/4 [04:22<00:00, 64.18s/it]shard2: 100%|██████████| 4/4 [04:22<00:00, 65.72s/it]

  Shard 2 done: 250 images | clean=0.4960 | adv=0.0000
