  Using: NVIDIA H100 80GB HBM3

============================================================
  Dataset   : caltech101  [shard 2/4]
  Surrogate : clip_vith14
  Norm      : L1  eps=75.0  (AA: 75.00000)
  Device    : cuda
============================================================
  [shard] Waiting for download lock...
Data already present at /home/m/mheuill/links/scratch/robustgenbench/data_processed.
Extracting caltech101_processed.tar.zst → /home/m/mheuill/links/scratch/robustgenbench/work/caltech101
  Shard indices: 250–499  (250 samples of 1000 total)

Loading CLIP ViT-H/14 surrogate: ViT-H-14 / laion2b_s32b_b79k
  Encoding 101 class prompts...
setting parameters for standard version
shard1:   0%|          | 0/4 [00:00<?, ?it/s]using standard version including apgd-ce, apgd-t, fab-t, square.
initial accuracy: 92.19%
apgd-ce - 1/1 - 41 out of 59 successfully perturbed
robust accuracy after APGD-CE: 28.12% (total time 287.2 s)
apgd-t - 1/1 - 1 out of 18 successfully perturbed
robust accuracy after APGD-T: 26.56% (total time 463.3 s)
fab-t - 1/1 - 0 out of 17 successfully perturbed
robust accuracy after FAB-T: 26.56% (total time 1005.2 s)
square - 1/1 - 0 out of 17 successfully perturbed
robust accuracy after SQUARE: 26.56% (total time 1776.1 s)
max L1 perturbation: 75.00133, nan in tensor: 0, max: 1.00000, min: 0.00000
robust accuracy: 26.56%
shard1:  25%|██▌       | 1/4 [29:42<1:29:07, 1782.43s/it]using standard version including apgd-ce, apgd-t, fab-t, square.
initial accuracy: 92.19%
apgd-ce - 1/1 - 39 out of 59 successfully perturbed
robust accuracy after APGD-CE: 31.25% (total time 305.0 s)
apgd-t - 1/1 - 7 out of 20 successfully perturbed
robust accuracy after APGD-T: 20.31% (total time 469.1 s)
fab-t - 1/1 - 0 out of 13 successfully perturbed
robust accuracy after FAB-T: 20.31% (total time 913.9 s)
square - 1/1 - 0 out of 13 successfully perturbed
robust accuracy after SQUARE: 20.31% (total time 1580.2 s)
max L1 perturbation: 75.00078, nan in tensor: 0, max: 1.00000, min: 0.00000
robust accuracy: 20.31%
shard1:  50%|█████     | 2/4 [56:08<55:33, 1666.79s/it]  using standard version including apgd-ce, apgd-t, fab-t, square.
initial accuracy: 87.50%
apgd-ce - 1/1 - 47 out of 56 successfully perturbed
robust accuracy after APGD-CE: 14.06% (total time 225.8 s)
apgd-t - 1/1 - 2 out of 9 successfully perturbed
robust accuracy after APGD-T: 10.94% (total time 314.5 s)
fab-t - 1/1 - 0 out of 7 successfully perturbed
robust accuracy after FAB-T: 10.94% (total time 571.0 s)
square - 1/1 - 0 out of 7 successfully perturbed
robust accuracy after SQUARE: 10.94% (total time 955.8 s)
max L1 perturbation: 75.00081, nan in tensor: 0, max: 1.00000, min: 0.00000
robust accuracy: 10.94%
shard1:  75%|███████▌  | 3/4 [1:12:09<22:24, 1344.72s/it]using standard version including apgd-ce, apgd-t, fab-t, square.
initial accuracy: 89.66%
apgd-ce - 1/1 - 44 out of 52 successfully perturbed
robust accuracy after APGD-CE: 13.79% (total time 208.8 s)
apgd-t - 1/1 - 3 out of 8 successfully perturbed
robust accuracy after APGD-T: 8.62% (total time 275.8 s)
fab-t - 1/1 - 0 out of 5 successfully perturbed
robust accuracy after FAB-T: 8.62% (total time 465.4 s)
square - 1/1 - 0 out of 5 successfully perturbed
robust accuracy after SQUARE: 8.62% (total time 754.8 s)
max L1 perturbation: 75.00102, nan in tensor: 0, max: 1.00000, min: 0.00000
robust accuracy: 8.62%
shard1: 100%|██████████| 4/4 [1:24:49<00:00, 1113.90s/it]shard1: 100%|██████████| 4/4 [1:24:49<00:00, 1272.46s/it]

  Shard 1 done: 250 images | clean=0.9040 | adv=0.1680
