  Using: NVIDIA H100 80GB HBM3

============================================================
  Dataset   : caltech101  [shard 3/4]
  Surrogate : clip_vith14
  Norm      : L1  eps=75.0  (AA: 75.00000)
  Device    : cuda
============================================================
  [shard] Waiting for download lock...
Data already present at /home/m/mheuill/links/scratch/robustgenbench/data_processed.
  Shard indices: 500–749  (250 samples of 1000 total)

Loading CLIP ViT-H/14 surrogate: ViT-H-14 / laion2b_s32b_b79k
  Encoding 101 class prompts...
setting parameters for standard version
shard2:   0%|          | 0/4 [00:00<?, ?it/s]using standard version including apgd-ce, apgd-t, fab-t, square.
initial accuracy: 87.50%
apgd-ce - 1/1 - 44 out of 56 successfully perturbed
robust accuracy after APGD-CE: 18.75% (total time 233.5 s)
apgd-t - 1/1 - 3 out of 12 successfully perturbed
robust accuracy after APGD-T: 14.06% (total time 346.0 s)
fab-t - 1/1 - 0 out of 9 successfully perturbed
robust accuracy after FAB-T: 14.06% (total time 654.9 s)
square - 1/1 - 0 out of 9 successfully perturbed
robust accuracy after SQUARE: 14.06% (total time 1115.2 s)
max L1 perturbation: 75.00101, nan in tensor: 0, max: 1.00000, min: 0.00000
robust accuracy: 14.06%
shard2:  25%|██▌       | 1/4 [18:41<56:04, 1121.52s/it]using standard version including apgd-ce, apgd-t, fab-t, square.
initial accuracy: 93.75%
apgd-ce - 1/1 - 45 out of 60 successfully perturbed
robust accuracy after APGD-CE: 23.44% (total time 276.7 s)
apgd-t - 1/1 - 2 out of 15 successfully perturbed
robust accuracy after APGD-T: 20.31% (total time 423.3 s)
fab-t - 1/1 - 0 out of 13 successfully perturbed
robust accuracy after FAB-T: 20.31% (total time 873.7 s)
square - 1/1 - 0 out of 13 successfully perturbed
robust accuracy after SQUARE: 20.31% (total time 1539.8 s)
max L1 perturbation: 75.00143, nan in tensor: 0, max: 1.00000, min: 0.00000
robust accuracy: 20.31%
shard2:  50%|█████     | 2/4 [44:26<45:41, 1370.85s/it]using standard version including apgd-ce, apgd-t, fab-t, square.
initial accuracy: 85.94%
apgd-ce - 1/1 - 41 out of 55 successfully perturbed
robust accuracy after APGD-CE: 21.88% (total time 266.7 s)
apgd-t - 1/1 - 3 out of 14 successfully perturbed
robust accuracy after APGD-T: 17.19% (total time 390.2 s)
fab-t - 1/1 - 0 out of 11 successfully perturbed
robust accuracy after FAB-T: 17.19% (total time 744.9 s)
square - 1/1 - 0 out of 11 successfully perturbed
robust accuracy after SQUARE: 17.19% (total time 1249.5 s)
max L1 perturbation: 75.00137, nan in tensor: 0, max: 1.00000, min: 0.00000
robust accuracy: 17.19%
shard2:  75%|███████▌  | 3/4 [1:05:22<21:58, 1318.03s/it]using standard version including apgd-ce, apgd-t, fab-t, square.
initial accuracy: 93.10%
apgd-ce - 1/1 - 41 out of 54 successfully perturbed
robust accuracy after APGD-CE: 22.41% (total time 243.4 s)
apgd-t - 1/1 - 3 out of 13 successfully perturbed
robust accuracy after APGD-T: 17.24% (total time 361.7 s)
fab-t - 1/1 - 0 out of 10 successfully perturbed
robust accuracy after FAB-T: 17.24% (total time 704.2 s)
square - 1/1 - 0 out of 10 successfully perturbed
robust accuracy after SQUARE: 17.24% (total time 1207.9 s)
max L1 perturbation: 75.00043, nan in tensor: 0, max: 1.00000, min: 0.00000
robust accuracy: 17.24%
shard2: 100%|██████████| 4/4 [1:25:35<00:00, 1276.65s/it]shard2: 100%|██████████| 4/4 [1:25:35<00:00, 1283.84s/it]

  Shard 2 done: 250 images | clean=0.9000 | adv=0.1720
