  Using: NVIDIA H100 80GB HBM3

============================================================
  Dataset   : flowers-102  [shard 3/4]
  Surrogate : clip_vith14
  Norm      : L1  eps=300.0  (AA: 300.00000)
  Device    : cuda
============================================================
  [shard] Waiting for download lock...
Data already present at /tmp/robustgenbench/data_processed.
Extracting flowers-102_processed.tar.zst → /tmp/robustgenbench/work/flowers-102
  Shard indices: 500–749  (250 samples of 1000 total)

Loading CLIP ViT-H/14 surrogate: ViT-H-14 / laion2b_s32b_b79k
  Encoding 102 class prompts...
setting parameters for standard version
shard2:   0%|          | 0/4 [00:00<?, ?it/s]using standard version including apgd-ce, apgd-t, fab-t, square.
initial accuracy: 81.25%
apgd-ce - 1/1 - 52 out of 52 successfully perturbed
robust accuracy after APGD-CE: 0.00% (total time 94.0 s)
max L1 perturbation: 300.00171, nan in tensor: 0, max: 1.00000, min: 0.00000
robust accuracy: 0.00%
shard2:  25%|██▌       | 1/4 [01:40<05:01, 100.46s/it]using standard version including apgd-ce, apgd-t, fab-t, square.
initial accuracy: 85.94%
apgd-ce - 1/1 - 55 out of 55 successfully perturbed
robust accuracy after APGD-CE: 0.00% (total time 102.5 s)
max L1 perturbation: 300.00104, nan in tensor: 0, max: 1.00000, min: 0.00000
robust accuracy: 0.00%
shard2:  50%|█████     | 2/4 [03:28<03:30, 105.09s/it]using standard version including apgd-ce, apgd-t, fab-t, square.
initial accuracy: 78.12%
apgd-ce - 1/1 - 50 out of 50 successfully perturbed
robust accuracy after APGD-CE: 0.00% (total time 91.9 s)
max L1 perturbation: 300.00131, nan in tensor: 0, max: 1.00000, min: 0.00000
robust accuracy: 0.00%
shard2:  75%|███████▌  | 3/4 [05:06<01:41, 101.71s/it]using standard version including apgd-ce, apgd-t, fab-t, square.
initial accuracy: 79.31%
apgd-ce - 1/1 - 46 out of 46 successfully perturbed
robust accuracy after APGD-CE: 0.00% (total time 87.3 s)
max L1 perturbation: 300.00079, nan in tensor: 0, max: 1.00000, min: 0.00000
robust accuracy: 0.00%
shard2: 100%|██████████| 4/4 [06:39<00:00, 98.14s/it] shard2: 100%|██████████| 4/4 [06:39<00:00, 99.80s/it]

  Shard 2 done: 250 images | clean=0.8120 | adv=0.0000
