  Using: NVIDIA H100 80GB HBM3

============================================================
  Dataset   : uc-merced-land-use-dataset  [shard 4/4]
  Surrogate : clip_vith14
  Norm      : L1  eps=300.0  (AA: 300.00000)
  Device    : cuda
============================================================
  [shard] Waiting for download lock...
Data already present at /tmp/robustgenbench/data_processed.
Extracting uc-merced-land-use-dataset_processed.tar.zst → /tmp/robustgenbench/work/uc-merced-land-use-dataset
  Shard indices: 315–419  (105 samples of 420 total)

Loading CLIP ViT-H/14 surrogate: ViT-H-14 / laion2b_s32b_b79k
  Encoding 21 class prompts...
setting parameters for standard version
shard3:   0%|          | 0/2 [00:00<?, ?it/s]using standard version including apgd-ce, apgd-t, fab-t, square.
initial accuracy: 79.69%
apgd-ce - 1/1 - 51 out of 51 successfully perturbed
robust accuracy after APGD-CE: 0.00% (total time 92.7 s)
max L1 perturbation: 300.00159, nan in tensor: 0, max: 1.00000, min: 0.00000
robust accuracy: 0.00%
shard3:  50%|█████     | 1/2 [01:38<01:38, 98.97s/it]using standard version including apgd-ce, apgd-t, fab-t, square.
initial accuracy: 80.49%
apgd-ce - 1/1 - 33 out of 33 successfully perturbed
robust accuracy after APGD-CE: 0.00% (total time 64.0 s)
max L1 perturbation: 300.00156, nan in tensor: 0, max: 1.00000, min: 0.00000
robust accuracy: 0.00%
shard3: 100%|██████████| 2/2 [02:46<00:00, 80.74s/it]shard3: 100%|██████████| 2/2 [02:47<00:00, 83.50s/it]

  Shard 3 done: 105 images | clean=0.8000 | adv=0.0000
