  Using: NVIDIA H100 80GB HBM3

============================================================
  Dataset   : uc-merced-land-use-dataset  [shard 3/4]
  Surrogate : clip_vith14
  Norm      : L1  eps=75.0  (AA: 75.00000)
  Device    : cuda
============================================================
  [shard] Waiting for download lock...
Data already present at /tmp/robustgenbench/data_processed.
Extracting uc-merced-land-use-dataset_processed.tar.zst → /tmp/robustgenbench/work/uc-merced-land-use-dataset
  Shard indices: 210–314  (105 samples of 420 total)

Loading CLIP ViT-H/14 surrogate: ViT-H-14 / laion2b_s32b_b79k
  Encoding 21 class prompts...
setting parameters for standard version
shard2:   0%|          | 0/2 [00:00<?, ?it/s]using standard version including apgd-ce, apgd-t, fab-t, square.
initial accuracy: 81.25%
apgd-ce - 1/1 - 51 out of 52 successfully perturbed
robust accuracy after APGD-CE: 1.56% (total time 117.2 s)
apgd-t - 1/1 - 1 out of 1 successfully perturbed
robust accuracy after APGD-T: 0.00% (total time 122.6 s)
max L1 perturbation: 75.00098, nan in tensor: 0, max: 1.00000, min: 0.00000
robust accuracy: 0.00%
shard2:  50%|█████     | 1/2 [02:08<02:08, 128.62s/it]using standard version including apgd-ce, apgd-t, fab-t, square.
initial accuracy: 75.61%
apgd-ce - 1/1 - 31 out of 31 successfully perturbed
robust accuracy after APGD-CE: 0.00% (total time 73.9 s)
max L1 perturbation: 75.00060, nan in tensor: 0, max: 1.00000, min: 0.00000
robust accuracy: 0.00%
shard2: 100%|██████████| 2/2 [03:26<00:00, 98.77s/it] shard2: 100%|██████████| 2/2 [03:26<00:00, 103.27s/it]

  Shard 2 done: 105 images | clean=0.7905 | adv=0.0000
