  Using: NVIDIA H100 80GB HBM3

============================================================
  Dataset   : stanford_cars  [shard 3/4]
  Surrogate : clip_vith14
  Norm      : L1  eps=75.0  (AA: 75.00000)
  Device    : cuda
============================================================
  [shard] Waiting for download lock...
Data already present at /home/m/mheuill/links/scratch/robustgenbench/data_processed.
  Shard indices: 500–749  (250 samples of 1000 total)

Loading CLIP ViT-H/14 surrogate: ViT-H-14 / laion2b_s32b_b79k
  Encoding 196 class prompts...
setting parameters for standard version
shard2:   0%|          | 0/4 [00:00<?, ?it/s]using standard version including apgd-ce, apgd-t, fab-t, square.
initial accuracy: 95.31%
apgd-ce - 1/1 - 58 out of 61 successfully perturbed
robust accuracy after APGD-CE: 4.69% (total time 190.4 s)
apgd-t - 1/1 - 1 out of 3 successfully perturbed
robust accuracy after APGD-T: 3.12% (total time 226.9 s)
fab-t - 1/1 - 0 out of 2 successfully perturbed
robust accuracy after FAB-T: 3.12% (total time 327.9 s)
square - 1/1 - 0 out of 2 successfully perturbed
robust accuracy after SQUARE: 3.12% (total time 499.7 s)
max L1 perturbation: 75.00095, nan in tensor: 0, max: 1.00000, min: 0.00000
robust accuracy: 3.12%
shard2:  25%|██▌       | 1/4 [08:26<25:18, 506.14s/it]using standard version including apgd-ce, apgd-t, fab-t, square.
initial accuracy: 93.75%
apgd-ce - 1/1 - 53 out of 60 successfully perturbed
robust accuracy after APGD-CE: 10.94% (total time 212.8 s)
apgd-t - 1/1 - 2 out of 7 successfully perturbed
robust accuracy after APGD-T: 7.81% (total time 287.7 s)
fab-t - 1/1 - 0 out of 5 successfully perturbed
robust accuracy after FAB-T: 7.81% (total time 474.3 s)
square - 1/1 - 0 out of 5 successfully perturbed
robust accuracy after SQUARE: 7.81% (total time 761.2 s)
max L1 perturbation: 75.00097, nan in tensor: 0, max: 1.00000, min: 0.00000
robust accuracy: 7.81%
shard2:  50%|█████     | 2/4 [21:13<21:59, 659.61s/it]using standard version including apgd-ce, apgd-t, fab-t, square.
initial accuracy: 96.88%
apgd-ce - 1/1 - 55 out of 62 successfully perturbed
robust accuracy after APGD-CE: 10.94% (total time 213.9 s)
apgd-t - 1/1 - 0 out of 7 successfully perturbed
robust accuracy after APGD-T: 10.94% (total time 296.4 s)
fab-t - 1/1 - 0 out of 7 successfully perturbed
robust accuracy after FAB-T: 10.94% (total time 552.3 s)
square - 1/1 - 0 out of 7 successfully perturbed
robust accuracy after SQUARE: 10.94% (total time 941.9 s)
max L1 perturbation: 75.00078, nan in tensor: 0, max: 1.00000, min: 0.00000
robust accuracy: 10.94%
shard2:  75%|███████▌  | 3/4 [37:00<13:11, 791.14s/it]using standard version including apgd-ce, apgd-t, fab-t, square.
initial accuracy: 96.55%
apgd-ce - 1/1 - 51 out of 56 successfully perturbed
robust accuracy after APGD-CE: 8.62% (total time 191.5 s)
apgd-t - 1/1 - 1 out of 5 successfully perturbed
robust accuracy after APGD-T: 6.90% (total time 245.1 s)
fab-t - 1/1 - 0 out of 4 successfully perturbed
robust accuracy after FAB-T: 6.90% (total time 404.0 s)
square - 1/1 - 0 out of 4 successfully perturbed
robust accuracy after SQUARE: 6.90% (total time 647.0 s)
max L1 perturbation: 75.00053, nan in tensor: 0, max: 1.00000, min: 0.00000
robust accuracy: 6.90%
shard2: 100%|██████████| 4/4 [47:53<00:00, 736.36s/it]shard2: 100%|██████████| 4/4 [47:53<00:00, 718.32s/it]

  Shard 2 done: 250 images | clean=0.9560 | adv=0.0720
