  Running command git clone --filter=blob:none --quiet https://github.com/fra31/auto-attack /tmp/pip-req-build-0m67y97b
ERROR: pip's dependency resolver does not currently take into account all the packages that are installed. This behaviour is the source of the following dependency conflicts.
torchaudio 2.3.1+computecanada requires torch~=2.3.0, but you have torch 2.11.0+computecanada which is incompatible.
  Compressing: 0it [00:00, ?it/s]                                 Traceback (most recent call last):
  File "/tmp/myenv_reprod/lib/python3.11/site-packages/huggingface_hub/utils/_http.py", line 761, in hf_raise_for_status
    response.raise_for_status()
  File "/tmp/myenv_reprod/lib/python3.11/site-packages/httpx/_models.py", line 829, in raise_for_status
    raise HTTPStatusError(message, request=request, response=self)
httpx.HTTPStatusError: Client error '401 Unauthorized' for url 'https://huggingface.co/api/datasets/MaxHeuillet/RobustGenBench/preupload/main'
For more information check: https://developer.mozilla.org/en-US/docs/Web/HTTP/Status/401

The above exception was the direct cause of the following exception:

Traceback (most recent call last):
  File "/home/m/mheuill/links/projects/aip-adurand/mheuill/robust_training/craft_shard.py", line 241, in <module>
    main()
  File "/home/m/mheuill/links/projects/aip-adurand/mheuill/robust_training/craft_shard.py", line 232, in main
    merge_shards(args)
  File "/home/m/mheuill/links/projects/aip-adurand/mheuill/robust_training/craft_shard.py", line 208, in merge_shards
    upload_to_hf(archive_path, args.surrogate, norm, eps)
  File "/home/m/mheuill/links/projects/aip-adurand/mheuill/robust_training/craft_adversarial.py", line 526, in upload_to_hf
    api.upload_file(
  File "/tmp/myenv_reprod/lib/python3.11/site-packages/huggingface_hub/utils/_validators.py", line 89, in _inner_fn
    return fn(*args, **kwargs)
           ^^^^^^^^^^^^^^^^^^^
  File "/tmp/myenv_reprod/lib/python3.11/site-packages/huggingface_hub/hf_api.py", line 1938, in _inner
    return fn(self, *args, **kwargs)
           ^^^^^^^^^^^^^^^^^^^^^^^^^
  File "/tmp/myenv_reprod/lib/python3.11/site-packages/huggingface_hub/hf_api.py", line 5120, in upload_file
    return self.create_commit(
           ^^^^^^^^^^^^^^^^^^^
  File "/tmp/myenv_reprod/lib/python3.11/site-packages/huggingface_hub/utils/_validators.py", line 89, in _inner_fn
    return fn(*args, **kwargs)
           ^^^^^^^^^^^^^^^^^^^
  File "/tmp/myenv_reprod/lib/python3.11/site-packages/huggingface_hub/hf_api.py", line 1938, in _inner
    return fn(self, *args, **kwargs)
           ^^^^^^^^^^^^^^^^^^^^^^^^^
  File "/tmp/myenv_reprod/lib/python3.11/site-packages/huggingface_hub/hf_api.py", line 4675, in create_commit
    self.preupload_lfs_files(
  File "/tmp/myenv_reprod/lib/python3.11/site-packages/huggingface_hub/hf_api.py", line 4902, in preupload_lfs_files
    _fetch_upload_modes(
  File "/tmp/myenv_reprod/lib/python3.11/site-packages/huggingface_hub/utils/_validators.py", line 89, in _inner_fn
    return fn(*args, **kwargs)
           ^^^^^^^^^^^^^^^^^^^
  File "/tmp/myenv_reprod/lib/python3.11/site-packages/huggingface_hub/_commit_api.py", line 759, in _fetch_upload_modes
    hf_raise_for_status(resp)
  File "/tmp/myenv_reprod/lib/python3.11/site-packages/huggingface_hub/utils/_http.py", line 847, in hf_raise_for_status
    raise repo_err from e
huggingface_hub.errors.RepositoryNotFoundError: 401 Client Error. (Request ID: Root=1-69cac5a2-734657f45476991619bfca17;4560b5af-72c4-49f4-bbcc-b065ae999e9f)

Repository Not Found for url: https://huggingface.co/api/datasets/MaxHeuillet/RobustGenBench/preupload/main.
Please make sure you specified the correct `repo_id` and `repo_type`.
If you are trying to access a private or gated repo, make sure you are authenticated. For more details, see https://huggingface.co/docs/huggingface_hub/authentication
Invalid username or password.
Note: Creating a commit assumes that the repo already exists on the Huggingface Hub. Please use `create_repo` if it's not the case.
