Looking in links: /cvmfs/soft.computecanada.ca/custom/python/wheelhouse/gentoo2023/x86-64-v4, /cvmfs/soft.computecanada.ca/custom/python/wheelhouse/gentoo2023/x86-64-v3, /cvmfs/soft.computecanada.ca/custom/python/wheelhouse/gentoo2023/generic, /cvmfs/soft.computecanada.ca/custom/python/wheelhouse/generic
Collecting git+https://github.com/fra31/auto-attack (from -r ./requirements.txt (line 21))
  Cloning https://github.com/fra31/auto-attack to /tmp/pip-req-build-96tgkmho
  Resolved https://github.com/fra31/auto-attack to commit a39220048b3c9f2cca9a4d3a54604793c68eca7e
  Installing build dependencies: started
  Installing build dependencies: finished with status 'done'
  Getting requirements to build wheel: started
  Getting requirements to build wheel: finished with status 'done'
  Preparing metadata (pyproject.toml): started
  Preparing metadata (pyproject.toml): finished with status 'done'
Processing /cvmfs/soft.computecanada.ca/custom/python/wheelhouse/gentoo2023/x86-64-v3/torch-2.3.1+computecanada-cp311-cp311-linux_x86_64.whl (from -r ./requirements.txt (line 1))
Processing /cvmfs/soft.computecanada.ca/custom/python/wheelhouse/gentoo2023/generic/torchvision-0.18.1+torch23.computecanada-cp311-cp311-linux_x86_64.whl (from -r ./requirements.txt (line 2))
Processing /cvmfs/soft.computecanada.ca/custom/python/wheelhouse/gentoo2023/x86-64-v3/torchaudio-2.3.1+computecanada-cp311-cp311-linux_x86_64.whl (from -r ./requirements.txt (line 3))
Collecting open_clip_torch==2.31.0 (from -r ./requirements.txt (line 4))
  Obtaining dependency information for open_clip_torch==2.31.0 from https://files.pythonhosted.org/packages/02/91/8b1da3a397948edb8082f2838a24de7dda807adae6cbfcd56db475b9df16/open_clip_torch-2.31.0-py3-none-any.whl.metadata
  Using cached open_clip_torch-2.31.0-py3-none-any.whl.metadata (31 kB)
Processing /cvmfs/soft.computecanada.ca/custom/python/wheelhouse/generic/peft-0.11.1+computecanada-py3-none-any.whl (from -r ./requirements.txt (line 5))
Processing /cvmfs/soft.computecanada.ca/custom/python/wheelhouse/generic/timm-1.0.3+computecanada-py3-none-any.whl (from -r ./requirements.txt (line 6))
Processing /cvmfs/soft.computecanada.ca/custom/python/wheelhouse/generic/transformers-4.41.2+computecanada-py3-none-any.whl (from -r ./requirements.txt (line 7))
Processing /cvmfs/soft.computecanada.ca/custom/python/wheelhouse/generic/huggingface_hub-0.23.4+computecanada-py3-none-any.whl (from -r ./requirements.txt (line 8))
Requirement already satisfied: Pillow==10.3.0 in /cvmfs/soft.computecanada.ca/easybuild/software/2023/x86-64-v4/Compiler/gcccore/scipy-stack/2024a/lib/python3.11/site-packages (from -r ./requirements.txt (line 9)) (10.3.0+computecanada)
Requirement already satisfied: numpy==1.26.4 in /cvmfs/soft.computecanada.ca/easybuild/software/2023/x86-64-v4/Compiler/gcccore/scipy-stack/2024a/lib/python3.11/site-packages (from -r ./requirements.txt (line 10)) (1.26.4+computecanada)
Processing /cvmfs/soft.computecanada.ca/custom/python/wheelhouse/gentoo2023/x86-64-v3/scikit_image-0.22.0+computecanada-cp311-cp311-linux_x86_64.whl (from -r ./requirements.txt (line 11))
Requirement already satisfied: scipy==1.13.1 in /cvmfs/soft.computecanada.ca/easybuild/software/2023/x86-64-v4/Compiler/gcccore/scipy-stack/2024a/lib/python3.11/site-packages (from -r ./requirements.txt (line 12)) (1.13.1+computecanada)
Processing /cvmfs/soft.computecanada.ca/custom/python/wheelhouse/gentoo2023/generic/scikit_learn-1.4.2+computecanada-cp311-cp311-linux_x86_64.whl (from -r ./requirements.txt (line 13))
Processing /cvmfs/soft.computecanada.ca/custom/python/wheelhouse/generic/kaggle-1.6.17-py3-none-any.whl (from -r ./requirements.txt (line 14))
Processing /cvmfs/soft.computecanada.ca/custom/python/wheelhouse/generic/datasets-2.20.0+computecanada-py3-none-any.whl (from -r ./requirements.txt (line 15))
Processing /cvmfs/soft.computecanada.ca/custom/python/wheelhouse/gentoo2023/generic/numba-0.60.0+computecanada-cp311-cp311-linux_x86_64.whl (from -r ./requirements.txt (line 16))

======== GPU REPORT ========

==============NVSMI LOG==============

Timestamp                                 : Mon Mar 30 16:04:31 2026
Driver Version                            : 570.211.01
CUDA Version                              : 12.8

Attached GPUs                             : 4
GPU 00000000:4E:00.0
    Accounting Mode                       : Enabled
    Accounting Mode Buffer Size           : 4000
    Accounted Processes                   : None

GPU 00000000:5F:00.0
    Accounting Mode                       : Enabled
    Accounting Mode Buffer Size           : 4000
    Accounted Processes                   : None

GPU 00000000:CB:00.0
    Accounting Mode                       : Enabled
    Accounting Mode Buffer Size           : 4000
    Accounted Processes                   : None

GPU 00000000:DB:00.0
    Accounting Mode                       : Enabled
    Accounting Mode Buffer Size           : 4000
    Accounted Processes                   : None

Mon Mar 30 16:04:31 2026       
+-----------------------------------------------------------------------------------------+
| NVIDIA-SMI 570.211.01             Driver Version: 570.211.01     CUDA Version: 12.8     |
|-----------------------------------------+------------------------+----------------------+
| GPU  Name                 Persistence-M | Bus-Id          Disp.A | Volatile Uncorr. ECC |
| Fan  Temp   Perf          Pwr:Usage/Cap |           Memory-Usage | GPU-Util  Compute M. |
|                                         |                        |               MIG M. |
|=========================================+========================+======================|
|   0  NVIDIA H100 80GB HBM3          On  |   00000000:4E:00.0 Off |                    0 |
| N/A   45C    P0             72W /  700W |       0MiB /  81559MiB |      0%      Default |
|                                         |                        |             Disabled |
+-----------------------------------------+------------------------+----------------------+
|   1  NVIDIA H100 80GB HBM3          On  |   00000000:5F:00.0 Off |                    0 |
| N/A   45C    P0             72W /  700W |       0MiB /  81559MiB |      0%      Default |
|                                         |                        |             Disabled |
+-----------------------------------------+------------------------+----------------------+
|   2  NVIDIA H100 80GB HBM3          On  |   00000000:CB:00.0 Off |                    0 |
| N/A   45C    P0             71W /  700W |       0MiB /  81559MiB |      0%      Default |
|                                         |                        |             Disabled |
+-----------------------------------------+------------------------+----------------------+
|   3  NVIDIA H100 80GB HBM3          On  |   00000000:DB:00.0 Off |                    0 |
| N/A   46C    P0             74W /  700W |       0MiB /  81559MiB |      0%      Default |
|                                         |                        |             Disabled |
+-----------------------------------------+------------------------+----------------------+
                                                                                         
+-----------------------------------------------------------------------------------------+
| Processes:                                                                              |
|  GPU   GI   CI              PID   Type   Process name                        GPU Memory |
|        ID   ID                                                               Usage      |
|=========================================================================================|
|  No running processes found                                                             |
+-----------------------------------------------------------------------------------------+
Processing /cvmfs/soft.computecanada.ca/custom/python/wheelhouse/generic/omegaconf-2.3.0+computecanada-py3-none-any.whl (from -r ./requirements.txt (line 17))
