Looking in links: /cvmfs/soft.computecanada.ca/custom/python/wheelhouse/gentoo2023/x86-64-v4, /cvmfs/soft.computecanada.ca/custom/python/wheelhouse/gentoo2023/x86-64-v3, /cvmfs/soft.computecanada.ca/custom/python/wheelhouse/gentoo2023/generic, /cvmfs/soft.computecanada.ca/custom/python/wheelhouse/generic
Collecting git+https://github.com/fra31/auto-attack (from -r ./requirements.txt (line 21))
  Cloning https://github.com/fra31/auto-attack to /tmp/pip-req-build-b_o5qq7m
  Resolved https://github.com/fra31/auto-attack to commit a39220048b3c9f2cca9a4d3a54604793c68eca7e
  Installing build dependencies: started
  Installing build dependencies: finished with status 'done'
  Getting requirements to build wheel: started
  Getting requirements to build wheel: finished with status 'done'
  Preparing metadata (pyproject.toml): started
  Preparing metadata (pyproject.toml): finished with status 'done'

======== GPU REPORT ========
Processing /cvmfs/soft.computecanada.ca/custom/python/wheelhouse/gentoo2023/x86-64-v3/torch-2.5.1+computecanada-cp311-cp311-linux_x86_64.whl (from -r ./requirements.txt (line 1))

==============NVSMI LOG==============

Timestamp                                              : Fri Jul 31 01:09:42 2026
Driver Version                                         : 580.159.04
CUDA Version                                           : 13.0

Attached GPUs                                          : 4
GPU 00000000:4E:00.0
    Accounting Mode                                    : Enabled
    Accounting Mode Buffer Size                        : 4000
    Accounted Processes                                : None

GPU 00000000:5F:00.0
    Accounting Mode                                    : Enabled
    Accounting Mode Buffer Size                        : 4000
    Accounted Processes                                : None

GPU 00000000:CB:00.0
    Accounting Mode                                    : Enabled
    Accounting Mode Buffer Size                        : 4000
    Accounted Processes                                : None

GPU 00000000:DB:00.0
    Accounting Mode                                    : Enabled
    Accounting Mode Buffer Size                        : 4000
    Accounted Processes                                : None

Fri Jul 31 01:09:42 2026       
+-----------------------------------------------------------------------------------------+
| NVIDIA-SMI 580.159.04             Driver Version: 580.159.04     CUDA Version: 13.0     |
+-----------------------------------------+------------------------+----------------------+
| GPU  Name                 Persistence-M | Bus-Id          Disp.A | Volatile Uncorr. ECC |
| Fan  Temp   Perf          Pwr:Usage/Cap |           Memory-Usage | GPU-Util  Compute M. |
|                                         |                        |               MIG M. |
|=========================================+========================+======================|
|   0  NVIDIA H100 80GB HBM3          On  |   00000000:4E:00.0 Off |                    0 |
| N/A   29C    P0             69W /  700W |       0MiB /  81559MiB |      0%      Default |
|                                         |                        |             Disabled |
+-----------------------------------------+------------------------+----------------------+
|   1  NVIDIA H100 80GB HBM3          On  |   00000000:5F:00.0 Off |                    0 |
| N/A   29C    P0             67W /  700W |       0MiB /  81559MiB |      0%      Default |
|                                         |                        |             Disabled |
+-----------------------------------------+------------------------+----------------------+
|   2  NVIDIA H100 80GB HBM3          On  |   00000000:CB:00.0 Off |                    0 |
| N/A   29C    P0             68W /  700W |       0MiB /  81559MiB |      0%      Default |
|                                         |                        |             Disabled |
+-----------------------------------------+------------------------+----------------------+
|   3  NVIDIA H100 80GB HBM3          On  |   00000000:DB:00.0 Off |                    0 |
| N/A   30C    P0             69W /  700W |       0MiB /  81559MiB |      0%      Default |
|                                         |                        |             Disabled |
+-----------------------------------------+------------------------+----------------------+

+-----------------------------------------------------------------------------------------+
| Processes:                                                                              |
|  GPU   GI   CI              PID   Type   Process name                        GPU Memory |
|        ID   ID                                                               Usage      |
|=========================================================================================|
|  No running processes found                                                             |
+-----------------------------------------------------------------------------------------+
