  Using: NVIDIA H100 80GB HBM3

============================================================
  Dataset   : caltech101  [shard 1/4]
  Surrogate : metaclip_h14
  Norm      : L1  eps=300.0  (AA: 300.00000)
  Device    : cuda
============================================================
  [shard] Waiting for download lock...
Data already present at /home/m/mheuill/links/scratch/robustgenbench/data_processed.
  Shard indices: 0–249  (250 samples of 1000 total)

Loading MetaCLIP ViT-H/14 surrogate: ViT-H-14-quickgelu / metaclip_fullcc
  Encoding 101 class prompts...
setting parameters for standard version
shard0:   0%|          | 0/4 [00:00<?, ?it/s]using standard version including apgd-ce, apgd-t, fab-t, square.
initial accuracy: 95.31%
apgd-ce - 1/1 - 58 out of 61 successfully perturbed
robust accuracy after APGD-CE: 4.69% (total time 183.0 s)
apgd-t - 1/1 - 2 out of 3 successfully perturbed
robust accuracy after APGD-T: 1.56% (total time 214.3 s)
fab-t - 1/1 - 0 out of 1 successfully perturbed
robust accuracy after FAB-T: 1.56% (total time 278.2 s)
square - 1/1 - 0 out of 1 successfully perturbed
robust accuracy after SQUARE: 1.56% (total time 399.8 s)
max L1 perturbation: 300.00180, nan in tensor: 0, max: 1.00000, min: 0.00000
robust accuracy: 1.56%
shard0:  25%|██▌       | 1/4 [06:46<20:19, 406.45s/it]using standard version including apgd-ce, apgd-t, fab-t, square.
initial accuracy: 90.62%
apgd-ce - 1/1 - 58 out of 58 successfully perturbed
robust accuracy after APGD-CE: 0.00% (total time 158.7 s)
max L1 perturbation: 300.00259, nan in tensor: 0, max: 1.00000, min: 0.00000
robust accuracy: 0.00%
shard0:  50%|█████     | 2/4 [09:31<08:48, 264.22s/it]using standard version including apgd-ce, apgd-t, fab-t, square.
initial accuracy: 93.75%
apgd-ce - 1/1 - 57 out of 60 successfully perturbed
robust accuracy after APGD-CE: 4.69% (total time 167.4 s)
apgd-t - 1/1 - 2 out of 3 successfully perturbed
robust accuracy after APGD-T: 1.56% (total time 202.4 s)
fab-t - 1/1 - 0 out of 1 successfully perturbed
robust accuracy after FAB-T: 1.56% (total time 266.6 s)
square - 1/1 - 0 out of 1 successfully perturbed
robust accuracy after SQUARE: 1.56% (total time 388.7 s)
max L1 perturbation: 300.00195, nan in tensor: 0, max: 1.00000, min: 0.00000
robust accuracy: 1.56%
shard0:  75%|███████▌  | 3/4 [16:05<05:23, 323.79s/it]using standard version including apgd-ce, apgd-t, fab-t, square.
initial accuracy: 89.66%
apgd-ce - 1/1 - 51 out of 52 successfully perturbed
robust accuracy after APGD-CE: 1.72% (total time 143.3 s)
apgd-t - 1/1 - 0 out of 1 successfully perturbed
robust accuracy after APGD-T: 1.72% (total time 170.6 s)
fab-t - 1/1 - 0 out of 1 successfully perturbed
robust accuracy after FAB-T: 1.72% (total time 233.9 s)
square - 1/1 - 0 out of 1 successfully perturbed
robust accuracy after SQUARE: 1.72% (total time 356.0 s)
max L1 perturbation: 300.00195, nan in tensor: 0, max: 1.00000, min: 0.00000
robust accuracy: 1.72%
shard0: 100%|██████████| 4/4 [22:07<00:00, 338.71s/it]shard0: 100%|██████████| 4/4 [22:07<00:00, 331.86s/it]

  Shard 0 done: 250 images | clean=0.9240 | adv=0.0120
