  Using: NVIDIA H100 80GB HBM3

============================================================
  Dataset   : caltech101  [shard 3/4]
  Surrogate : metaclip_h14
  Norm      : L1  eps=300.0  (AA: 300.00000)
  Device    : cuda
============================================================
  [shard] Waiting for download lock...
Data already present at /home/m/mheuill/links/scratch/robustgenbench/data_processed.
  Shard indices: 500–749  (250 samples of 1000 total)

Loading MetaCLIP ViT-H/14 surrogate: ViT-H-14-quickgelu / metaclip_fullcc
  Encoding 101 class prompts...
setting parameters for standard version
shard2:   0%|          | 0/4 [00:00<?, ?it/s]using standard version including apgd-ce, apgd-t, fab-t, square.
initial accuracy: 89.06%
apgd-ce - 1/1 - 55 out of 57 successfully perturbed
robust accuracy after APGD-CE: 3.12% (total time 161.9 s)
apgd-t - 1/1 - 2 out of 2 successfully perturbed
robust accuracy after APGD-T: 0.00% (total time 181.3 s)
max L1 perturbation: 300.00198, nan in tensor: 0, max: 1.00000, min: 0.00000
robust accuracy: 0.00%
shard2:  25%|██▌       | 1/4 [03:07<09:23, 187.96s/it]using standard version including apgd-ce, apgd-t, fab-t, square.
initial accuracy: 90.62%
apgd-ce - 1/1 - 54 out of 58 successfully perturbed
robust accuracy after APGD-CE: 6.25% (total time 172.7 s)
apgd-t - 1/1 - 3 out of 4 successfully perturbed
robust accuracy after APGD-T: 1.56% (total time 210.4 s)
fab-t - 1/1 - 0 out of 1 successfully perturbed
robust accuracy after FAB-T: 1.56% (total time 274.6 s)
square - 1/1 - 0 out of 1 successfully perturbed
robust accuracy after SQUARE: 1.56% (total time 396.4 s)
max L1 perturbation: 300.00220, nan in tensor: 0, max: 1.00000, min: 0.00000
robust accuracy: 1.56%
shard2:  50%|█████     | 2/4 [09:50<10:28, 314.05s/it]using standard version including apgd-ce, apgd-t, fab-t, square.
initial accuracy: 85.94%
apgd-ce - 1/1 - 54 out of 55 successfully perturbed
robust accuracy after APGD-CE: 1.56% (total time 143.0 s)
apgd-t - 1/1 - 0 out of 1 successfully perturbed
robust accuracy after APGD-T: 1.56% (total time 170.7 s)
fab-t - 1/1 - 0 out of 1 successfully perturbed
robust accuracy after FAB-T: 1.56% (total time 234.8 s)
square - 1/1 - 0 out of 1 successfully perturbed
robust accuracy after SQUARE: 1.56% (total time 356.3 s)
max L1 perturbation: 300.00217, nan in tensor: 0, max: 1.00000, min: 0.00000
robust accuracy: 1.56%
shard2:  75%|███████▌  | 3/4 [15:52<05:36, 336.07s/it]using standard version including apgd-ce, apgd-t, fab-t, square.
initial accuracy: 86.21%
apgd-ce - 1/1 - 50 out of 50 successfully perturbed
robust accuracy after APGD-CE: 0.00% (total time 128.0 s)
max L1 perturbation: 300.00165, nan in tensor: 0, max: 1.00000, min: 0.00000
robust accuracy: 0.00%
shard2: 100%|██████████| 4/4 [18:06<00:00, 256.10s/it]shard2: 100%|██████████| 4/4 [18:06<00:00, 271.52s/it]

  Shard 2 done: 250 images | clean=0.8800 | adv=0.0080
