  Using: NVIDIA H100 80GB HBM3

============================================================
  Dataset   : fgvc-aircraft-2013b  [shard 2/4]
  Surrogate : metaclip_h14
  Norm      : L1  eps=300.0  (AA: 300.00000)
  Device    : cuda
============================================================
  [shard] Waiting for download lock...
Data already present at /home/m/mheuill/links/scratch/robustgenbench/data_processed.
  Shard indices: 250–499  (250 samples of 1000 total)

Loading MetaCLIP ViT-H/14 surrogate: ViT-H-14-quickgelu / metaclip_fullcc
  Encoding 100 class prompts...
setting parameters for standard version
shard1:   0%|          | 0/4 [00:00<?, ?it/s]using standard version including apgd-ce, apgd-t, fab-t, square.
initial accuracy: 51.56%
apgd-ce - 1/1 - 33 out of 33 successfully perturbed
robust accuracy after APGD-CE: 0.00% (total time 80.2 s)
max L1 perturbation: 300.00208, nan in tensor: 0, max: 1.00000, min: 0.00000
robust accuracy: 0.00%
shard1:  25%|██▌       | 1/4 [01:27<04:21, 87.16s/it]using standard version including apgd-ce, apgd-t, fab-t, square.
initial accuracy: 54.69%
apgd-ce - 1/1 - 35 out of 35 successfully perturbed
robust accuracy after APGD-CE: 0.00% (total time 69.3 s)
max L1 perturbation: 300.00201, nan in tensor: 0, max: 1.00000, min: 0.00000
robust accuracy: 0.00%
shard1:  50%|█████     | 2/4 [02:42<02:40, 80.37s/it]using standard version including apgd-ce, apgd-t, fab-t, square.
initial accuracy: 40.62%
apgd-ce - 1/1 - 26 out of 26 successfully perturbed
robust accuracy after APGD-CE: 0.00% (total time 53.3 s)
max L1 perturbation: 300.00189, nan in tensor: 0, max: 1.00000, min: 0.00000
robust accuracy: 0.00%
shard1:  75%|███████▌  | 3/4 [03:42<01:10, 70.86s/it]using standard version including apgd-ce, apgd-t, fab-t, square.
initial accuracy: 53.45%
apgd-ce - 1/1 - 31 out of 31 successfully perturbed
robust accuracy after APGD-CE: 0.00% (total time 70.1 s)
max L1 perturbation: 300.00195, nan in tensor: 0, max: 1.00000, min: 0.00000
robust accuracy: 0.00%
shard1: 100%|██████████| 4/4 [04:58<00:00, 72.86s/it]shard1: 100%|██████████| 4/4 [04:58<00:00, 74.58s/it]

  Shard 1 done: 250 images | clean=0.5000 | adv=0.0000
