  Using: NVIDIA H100 80GB HBM3

============================================================
  Dataset   : uc-merced-land-use-dataset  [shard 3/4]
  Surrogate : metaclip_h14
  Norm      : L1  eps=300.0  (AA: 300.00000)
  Device    : cuda
============================================================
  [shard] Waiting for download lock...
Data already present at /home/m/mheuill/links/scratch/robustgenbench/data_processed.
  Shard indices: 210–314  (105 samples of 420 total)

Loading MetaCLIP ViT-H/14 surrogate: ViT-H-14-quickgelu / metaclip_fullcc
  Encoding 21 class prompts...
setting parameters for standard version
shard2:   0%|          | 0/2 [00:00<?, ?it/s]using standard version including apgd-ce, apgd-t, fab-t, square.
initial accuracy: 87.50%
apgd-ce - 1/1 - 56 out of 56 successfully perturbed
robust accuracy after APGD-CE: 0.00% (total time 110.5 s)
max L1 perturbation: 300.00327, nan in tensor: 0, max: 1.00000, min: 0.00000
robust accuracy: 0.00%
shard2:  50%|█████     | 1/2 [01:56<01:56, 116.81s/it]using standard version including apgd-ce, apgd-t, fab-t, square.
initial accuracy: 78.05%
apgd-ce - 1/1 - 32 out of 32 successfully perturbed
robust accuracy after APGD-CE: 0.00% (total time 64.4 s)
max L1 perturbation: 300.00134, nan in tensor: 0, max: 1.00000, min: 0.00000
robust accuracy: 0.00%
shard2: 100%|██████████| 2/2 [03:05<00:00, 88.34s/it] shard2: 100%|██████████| 2/2 [03:05<00:00, 92.63s/it]

  Shard 2 done: 105 images | clean=0.8381 | adv=0.0000
