  Using: NVIDIA H100 80GB HBM3

============================================================
  Dataset   : caltech101  [shard 2/4]
  Surrogate : metaclip_h14
  Norm      : L1  eps=300.0  (AA: 300.00000)
  Device    : cuda
============================================================
  [shard] Waiting for download lock...
Data already present at /home/m/mheuill/links/scratch/robustgenbench/data_processed.
  Shard indices: 250–499  (250 samples of 1000 total)

Loading MetaCLIP ViT-H/14 surrogate: ViT-H-14-quickgelu / metaclip_fullcc
  Encoding 101 class prompts...
setting parameters for standard version
shard1:   0%|          | 0/4 [00:00<?, ?it/s]using standard version including apgd-ce, apgd-t, fab-t, square.
initial accuracy: 90.62%
apgd-ce - 1/1 - 57 out of 58 successfully perturbed
robust accuracy after APGD-CE: 1.56% (total time 156.4 s)
apgd-t - 1/1 - 1 out of 1 successfully perturbed
robust accuracy after APGD-T: 0.00% (total time 161.9 s)
max L1 perturbation: 300.00287, nan in tensor: 0, max: 1.00000, min: 0.00000
robust accuracy: 0.00%
shard1:  25%|██▌       | 1/4 [02:48<08:25, 168.52s/it]using standard version including apgd-ce, apgd-t, fab-t, square.
initial accuracy: 89.06%
apgd-ce - 1/1 - 53 out of 57 successfully perturbed
robust accuracy after APGD-CE: 6.25% (total time 169.6 s)
apgd-t - 1/1 - 3 out of 4 successfully perturbed
robust accuracy after APGD-T: 1.56% (total time 206.0 s)
fab-t - 1/1 - 0 out of 1 successfully perturbed
robust accuracy after FAB-T: 1.56% (total time 270.1 s)
square - 1/1 - 0 out of 1 successfully perturbed
robust accuracy after SQUARE: 1.56% (total time 391.6 s)
max L1 perturbation: 300.00171, nan in tensor: 0, max: 1.00000, min: 0.00000
robust accuracy: 1.56%
shard1:  50%|█████     | 2/4 [09:26<10:06, 303.24s/it]using standard version including apgd-ce, apgd-t, fab-t, square.
initial accuracy: 85.94%
apgd-ce - 1/1 - 54 out of 55 successfully perturbed
robust accuracy after APGD-CE: 1.56% (total time 139.2 s)
apgd-t - 1/1 - 1 out of 1 successfully perturbed
robust accuracy after APGD-T: 0.00% (total time 155.6 s)
max L1 perturbation: 300.00253, nan in tensor: 0, max: 1.00000, min: 0.00000
robust accuracy: 0.00%
shard1:  75%|███████▌  | 3/4 [12:07<03:58, 238.51s/it]using standard version including apgd-ce, apgd-t, fab-t, square.
initial accuracy: 93.10%
apgd-ce - 1/1 - 53 out of 54 successfully perturbed
robust accuracy after APGD-CE: 1.72% (total time 146.8 s)
apgd-t - 1/1 - 1 out of 1 successfully perturbed
robust accuracy after APGD-T: 0.00% (total time 168.6 s)
max L1 perturbation: 300.00201, nan in tensor: 0, max: 1.00000, min: 0.00000
robust accuracy: 0.00%
shard1: 100%|██████████| 4/4 [15:01<00:00, 213.11s/it]shard1: 100%|██████████| 4/4 [15:01<00:00, 225.44s/it]

  Shard 1 done: 250 images | clean=0.8960 | adv=0.0040
