  Using: NVIDIA H100 80GB HBM3

============================================================
  Dataset   : fgvc-aircraft-2013b  [shard 4/4]
  Surrogate : metaclip_h14
  Norm      : L1  eps=300.0  (AA: 300.00000)
  Device    : cuda
============================================================
  [shard] Waiting for download lock...
Data already present at /home/m/mheuill/links/scratch/robustgenbench/data_processed.
  Shard indices: 750–999  (250 samples of 1000 total)

Loading MetaCLIP ViT-H/14 surrogate: ViT-H-14-quickgelu / metaclip_fullcc
  Encoding 100 class prompts...
setting parameters for standard version
shard3:   0%|          | 0/4 [00:00<?, ?it/s]using standard version including apgd-ce, apgd-t, fab-t, square.
initial accuracy: 54.69%
apgd-ce - 1/1 - 35 out of 35 successfully perturbed
robust accuracy after APGD-CE: 0.00% (total time 76.1 s)
max L1 perturbation: 300.00226, nan in tensor: 0, max: 1.00000, min: 0.00000
robust accuracy: 0.00%
shard3:  25%|██▌       | 1/4 [01:23<04:09, 83.17s/it]using standard version including apgd-ce, apgd-t, fab-t, square.
initial accuracy: 56.25%
apgd-ce - 1/1 - 36 out of 36 successfully perturbed
robust accuracy after APGD-CE: 0.00% (total time 77.9 s)
max L1 perturbation: 300.00171, nan in tensor: 0, max: 1.00000, min: 0.00000
robust accuracy: 0.00%
shard3:  50%|█████     | 2/4 [02:47<02:47, 83.76s/it]using standard version including apgd-ce, apgd-t, fab-t, square.
initial accuracy: 56.25%
apgd-ce - 1/1 - 36 out of 36 successfully perturbed
robust accuracy after APGD-CE: 0.00% (total time 94.9 s)
max L1 perturbation: 300.00226, nan in tensor: 0, max: 1.00000, min: 0.00000
robust accuracy: 0.00%
shard3:  75%|███████▌  | 3/4 [04:28<01:31, 91.74s/it]using standard version including apgd-ce, apgd-t, fab-t, square.
initial accuracy: 63.79%
apgd-ce - 1/1 - 37 out of 37 successfully perturbed
robust accuracy after APGD-CE: 0.00% (total time 84.1 s)
max L1 perturbation: 300.00211, nan in tensor: 0, max: 1.00000, min: 0.00000
robust accuracy: 0.00%
shard3: 100%|██████████| 4/4 [05:58<00:00, 91.01s/it]shard3: 100%|██████████| 4/4 [05:58<00:00, 89.63s/it]

  Shard 3 done: 250 images | clean=0.5760 | adv=0.0000
