  Using: NVIDIA H100 80GB HBM3

============================================================
  Dataset   : oxford-iiit-pet  [shard 2/4]
  Surrogate : metaclip_h14
  Norm      : L1  eps=300.0  (AA: 300.00000)
  Device    : cuda
============================================================
  [shard] Waiting for download lock...
Data already present at /home/m/mheuill/links/scratch/robustgenbench/data_processed.
  Shard indices: 250–499  (250 samples of 1000 total)

Loading MetaCLIP ViT-H/14 surrogate: ViT-H-14-quickgelu / metaclip_fullcc
  Encoding 37 class prompts...
setting parameters for standard version
shard1:   0%|          | 0/4 [00:00<?, ?it/s]using standard version including apgd-ce, apgd-t, fab-t, square.
initial accuracy: 98.44%
apgd-ce - 1/1 - 63 out of 63 successfully perturbed
robust accuracy after APGD-CE: 0.00% (total time 130.8 s)
max L1 perturbation: 300.00177, nan in tensor: 0, max: 1.00000, min: 0.00000
robust accuracy: 0.00%
shard1:  25%|██▌       | 1/4 [02:17<06:52, 137.40s/it]using standard version including apgd-ce, apgd-t, fab-t, square.
initial accuracy: 92.19%
apgd-ce - 1/1 - 59 out of 59 successfully perturbed
robust accuracy after APGD-CE: 0.00% (total time 140.1 s)
max L1 perturbation: 300.00153, nan in tensor: 0, max: 1.00000, min: 0.00000
robust accuracy: 0.00%
shard1:  50%|█████     | 2/4 [04:43<04:45, 142.54s/it]using standard version including apgd-ce, apgd-t, fab-t, square.
initial accuracy: 98.44%
apgd-ce - 1/1 - 63 out of 63 successfully perturbed
robust accuracy after APGD-CE: 0.00% (total time 127.6 s)
max L1 perturbation: 300.00220, nan in tensor: 0, max: 1.00000, min: 0.00000
robust accuracy: 0.00%
shard1:  75%|███████▌  | 3/4 [06:56<02:18, 138.38s/it]using standard version including apgd-ce, apgd-t, fab-t, square.
initial accuracy: 93.10%
apgd-ce - 1/1 - 54 out of 54 successfully perturbed
robust accuracy after APGD-CE: 0.00% (total time 122.3 s)
max L1 perturbation: 300.00262, nan in tensor: 0, max: 1.00000, min: 0.00000
robust accuracy: 0.00%
shard1: 100%|██████████| 4/4 [09:04<00:00, 134.19s/it]shard1: 100%|██████████| 4/4 [09:04<00:00, 136.20s/it]

  Shard 1 done: 250 images | clean=0.9560 | adv=0.0000
