  Using: NVIDIA H100 80GB HBM3

============================================================
  Dataset   : caltech101  [shard 4/4]
  Surrogate : metaclip_h14
  Norm      : L1  eps=300.0  (AA: 300.00000)
  Device    : cuda
============================================================
  [shard] Waiting for download lock...
Data already present at /home/m/mheuill/links/scratch/robustgenbench/data_processed.
  Shard indices: 750–999  (250 samples of 1000 total)

Loading MetaCLIP ViT-H/14 surrogate: ViT-H-14-quickgelu / metaclip_fullcc
  Encoding 101 class prompts...
setting parameters for standard version
shard3:   0%|          | 0/4 [00:00<?, ?it/s]using standard version including apgd-ce, apgd-t, fab-t, square.
initial accuracy: 93.75%
apgd-ce - 1/1 - 60 out of 60 successfully perturbed
robust accuracy after APGD-CE: 0.00% (total time 147.9 s)
max L1 perturbation: 300.00223, nan in tensor: 0, max: 1.00000, min: 0.00000
robust accuracy: 0.00%
shard3:  25%|██▌       | 1/4 [02:34<07:43, 154.55s/it]using standard version including apgd-ce, apgd-t, fab-t, square.
initial accuracy: 84.38%
apgd-ce - 1/1 - 53 out of 54 successfully perturbed
robust accuracy after APGD-CE: 1.56% (total time 137.8 s)
apgd-t - 1/1 - 1 out of 1 successfully perturbed
robust accuracy after APGD-T: 0.00% (total time 143.3 s)
max L1 perturbation: 300.00177, nan in tensor: 0, max: 1.00000, min: 0.00000
robust accuracy: 0.00%
shard3:  50%|█████     | 2/4 [05:03<05:02, 151.48s/it]using standard version including apgd-ce, apgd-t, fab-t, square.
initial accuracy: 85.94%
apgd-ce - 1/1 - 53 out of 55 successfully perturbed
robust accuracy after APGD-CE: 3.12% (total time 149.1 s)
apgd-t - 1/1 - 1 out of 2 successfully perturbed
robust accuracy after APGD-T: 1.56% (total time 179.4 s)
fab-t - 1/1 - 0 out of 1 successfully perturbed
robust accuracy after FAB-T: 1.56% (total time 244.1 s)
square - 1/1 - 0 out of 1 successfully perturbed
robust accuracy after SQUARE: 1.56% (total time 365.5 s)
max L1 perturbation: 300.00262, nan in tensor: 0, max: 1.00000, min: 0.00000
robust accuracy: 1.56%
shard3:  75%|███████▌  | 3/4 [11:15<04:11, 251.93s/it]using standard version including apgd-ce, apgd-t, fab-t, square.
initial accuracy: 79.31%
apgd-ce - 1/1 - 45 out of 46 successfully perturbed
robust accuracy after APGD-CE: 1.72% (total time 121.7 s)
apgd-t - 1/1 - 1 out of 1 successfully perturbed
robust accuracy after APGD-T: 0.00% (total time 132.6 s)
max L1 perturbation: 300.00195, nan in tensor: 0, max: 1.00000, min: 0.00000
robust accuracy: 0.00%
shard3: 100%|██████████| 4/4 [13:33<00:00, 207.01s/it]shard3: 100%|██████████| 4/4 [13:33<00:00, 203.39s/it]

  Shard 3 done: 250 images | clean=0.8600 | adv=0.0040
