  Using: NVIDIA H100 80GB HBM3

============================================================
  Dataset   : flowers-102  [shard 1/4]
  Surrogate : metaclip_h14
  Norm      : L1  eps=75.0  (AA: 75.00000)
  Device    : cuda
============================================================
  [shard] Waiting for download lock...
Data already present at /home/m/mheuill/links/scratch/robustgenbench/data_processed.
  Shard indices: 0–249  (250 samples of 1000 total)

Loading MetaCLIP ViT-H/14 surrogate: ViT-H-14-quickgelu / metaclip_fullcc
  Encoding 102 class prompts...
setting parameters for standard version
shard0:   0%|          | 0/4 [00:00<?, ?it/s]using standard version including apgd-ce, apgd-t, fab-t, square.
initial accuracy: 82.81%
apgd-ce - 1/1 - 51 out of 53 successfully perturbed
robust accuracy after APGD-CE: 3.12% (total time 186.3 s)
apgd-t - 1/1 - 1 out of 2 successfully perturbed
robust accuracy after APGD-T: 1.56% (total time 216.7 s)
fab-t - 1/1 - 0 out of 1 successfully perturbed
robust accuracy after FAB-T: 1.56% (total time 281.4 s)
square - 1/1 - 0 out of 1 successfully perturbed
robust accuracy after SQUARE: 1.56% (total time 402.9 s)
max L1 perturbation: 75.00074, nan in tensor: 0, max: 1.00000, min: 0.00000
robust accuracy: 1.56%
shard0:  25%|██▌       | 1/4 [06:49<20:28, 409.61s/it]using standard version including apgd-ce, apgd-t, fab-t, square.
initial accuracy: 79.69%
apgd-ce - 1/1 - 46 out of 51 successfully perturbed
robust accuracy after APGD-CE: 7.81% (total time 192.2 s)
apgd-t - 1/1 - 3 out of 5 successfully perturbed
robust accuracy after APGD-T: 3.12% (total time 238.4 s)
fab-t - 1/1 - 0 out of 2 successfully perturbed
robust accuracy after FAB-T: 3.12% (total time 341.5 s)
square - 1/1 - 1 out of 2 successfully perturbed
robust accuracy after SQUARE: 1.56% (total time 463.6 s)
Warning: Square Attack has decreased the robust accuracy of 1.56%. This might indicate that the robustness evaluation using AutoAttack is unreliable. Consider running Square Attack with more iterations and restarts or an adaptive attack. See flags_doc.md for details.
max L1 perturbation: 75.00141, nan in tensor: 0, max: 1.00000, min: 0.00000
robust accuracy: 1.56%
shard0:  50%|█████     | 2/4 [14:39<14:49, 444.87s/it]using standard version including apgd-ce, apgd-t, fab-t, square.
initial accuracy: 82.81%
apgd-ce - 1/1 - 46 out of 53 successfully perturbed
robust accuracy after APGD-CE: 10.94% (total time 206.3 s)
apgd-t - 1/1 - 2 out of 7 successfully perturbed
robust accuracy after APGD-T: 7.81% (total time 281.6 s)
fab-t - 1/1 - 0 out of 5 successfully perturbed
robust accuracy after FAB-T: 7.81% (total time 474.6 s)
square - 1/1 - 0 out of 5 successfully perturbed
robust accuracy after SQUARE: 7.81% (total time 768.1 s)
max L1 perturbation: 75.00059, nan in tensor: 0, max: 1.00000, min: 0.00000
robust accuracy: 7.81%
shard0:  75%|███████▌  | 3/4 [27:33<09:55, 595.21s/it]using standard version including apgd-ce, apgd-t, fab-t, square.
initial accuracy: 86.21%
apgd-ce - 1/1 - 44 out of 50 successfully perturbed
robust accuracy after APGD-CE: 10.34% (total time 176.8 s)
apgd-t - 1/1 - 3 out of 6 successfully perturbed
robust accuracy after APGD-T: 5.17% (total time 221.7 s)
fab-t - 1/1 - 0 out of 3 successfully perturbed
robust accuracy after FAB-T: 5.17% (total time 342.4 s)
square - 1/1 - 0 out of 3 successfully perturbed
robust accuracy after SQUARE: 5.17% (total time 528.9 s)
max L1 perturbation: 75.00166, nan in tensor: 0, max: 1.00000, min: 0.00000
robust accuracy: 5.17%
shard0: 100%|██████████| 4/4 [36:27<00:00, 571.20s/it]shard0: 100%|██████████| 4/4 [36:27<00:00, 546.93s/it]

  Shard 0 done: 250 images | clean=0.8280 | adv=0.0400
