  Using: NVIDIA H100 80GB HBM3

============================================================
  Dataset   : fgvc-aircraft-2013b  [shard 3/4]
  Surrogate : metaclip_h14
  Norm      : L1  eps=75.0  (AA: 75.00000)
  Device    : cuda
============================================================
  [shard] Waiting for download lock...
Data already present at /home/m/mheuill/links/scratch/robustgenbench/data_processed.
  Shard indices: 500–749  (250 samples of 1000 total)

Loading MetaCLIP ViT-H/14 surrogate: ViT-H-14-quickgelu / metaclip_fullcc
  Encoding 100 class prompts...
setting parameters for standard version
shard2:   0%|          | 0/4 [00:00<?, ?it/s]using standard version including apgd-ce, apgd-t, fab-t, square.
initial accuracy: 64.06%
apgd-ce - 1/1 - 38 out of 41 successfully perturbed
robust accuracy after APGD-CE: 4.69% (total time 135.8 s)
apgd-t - 1/1 - 2 out of 3 successfully perturbed
robust accuracy after APGD-T: 1.56% (total time 165.7 s)
fab-t - 1/1 - 0 out of 1 successfully perturbed
robust accuracy after FAB-T: 1.56% (total time 230.2 s)
square - 1/1 - 0 out of 1 successfully perturbed
robust accuracy after SQUARE: 1.56% (total time 351.7 s)
max L1 perturbation: 75.00188, nan in tensor: 0, max: 1.00000, min: 0.00000
robust accuracy: 1.56%
shard2:  25%|██▌       | 1/4 [05:58<17:55, 358.61s/it]using standard version including apgd-ce, apgd-t, fab-t, square.
initial accuracy: 53.12%
apgd-ce - 1/1 - 28 out of 34 successfully perturbed
robust accuracy after APGD-CE: 9.38% (total time 154.9 s)
apgd-t - 1/1 - 2 out of 6 successfully perturbed
robust accuracy after APGD-T: 6.25% (total time 215.5 s)
fab-t - 1/1 - 0 out of 4 successfully perturbed
robust accuracy after FAB-T: 6.25% (total time 376.8 s)
square - 1/1 - 1 out of 4 successfully perturbed
robust accuracy after SQUARE: 4.69% (total time 581.2 s)
Warning: Square Attack has decreased the robust accuracy of 1.56%. This might indicate that the robustness evaluation using AutoAttack is unreliable. Consider running Square Attack with more iterations and restarts or an adaptive attack. See flags_doc.md for details.
max L1 perturbation: 75.00230, nan in tensor: 0, max: 1.00000, min: 0.00000
robust accuracy: 4.69%
shard2:  50%|█████     | 2/4 [15:46<16:26, 493.23s/it]using standard version including apgd-ce, apgd-t, fab-t, square.
initial accuracy: 48.44%
apgd-ce - 1/1 - 25 out of 31 successfully perturbed
robust accuracy after APGD-CE: 9.38% (total time 157.4 s)
apgd-t - 1/1 - 3 out of 6 successfully perturbed
robust accuracy after APGD-T: 4.69% (total time 209.8 s)
fab-t - 1/1 - 0 out of 3 successfully perturbed
robust accuracy after FAB-T: 4.69% (total time 330.2 s)
square - 1/1 - 2 out of 3 successfully perturbed
robust accuracy after SQUARE: 1.56% (total time 466.0 s)
Warning: Square Attack has decreased the robust accuracy of 3.12%. This might indicate that the robustness evaluation using AutoAttack is unreliable. Consider running Square Attack with more iterations and restarts or an adaptive attack. See flags_doc.md for details.
max L1 perturbation: 75.00144, nan in tensor: 0, max: 1.00000, min: 0.00000
robust accuracy: 1.56%
shard2:  75%|███████▌  | 3/4 [23:38<08:03, 483.66s/it]using standard version including apgd-ce, apgd-t, fab-t, square.
initial accuracy: 41.38%
apgd-ce - 1/1 - 20 out of 24 successfully perturbed
robust accuracy after APGD-CE: 6.90% (total time 113.5 s)
apgd-t - 1/1 - 2 out of 4 successfully perturbed
robust accuracy after APGD-T: 3.45% (total time 152.7 s)
fab-t - 1/1 - 0 out of 2 successfully perturbed
robust accuracy after FAB-T: 3.45% (total time 256.2 s)
square - 1/1 - 0 out of 2 successfully perturbed
robust accuracy after SQUARE: 3.45% (total time 431.2 s)
max L1 perturbation: 75.00097, nan in tensor: 0, max: 1.00000, min: 0.00000
robust accuracy: 3.45%
shard2: 100%|██████████| 4/4 [30:55<00:00, 465.23s/it]shard2: 100%|██████████| 4/4 [30:55<00:00, 463.85s/it]

  Shard 2 done: 250 images | clean=0.5200 | adv=0.0360
