  Using: NVIDIA H100 80GB HBM3

============================================================
  Dataset   : oxford-iiit-pet  [shard 3/4]
  Surrogate : metaclip_h14
  Norm      : L1  eps=75.0  (AA: 75.00000)
  Device    : cuda
============================================================
  [shard] Waiting for download lock...
Data already present at /home/m/mheuill/links/scratch/robustgenbench/data_processed.
  Shard indices: 500–749  (250 samples of 1000 total)

Loading MetaCLIP ViT-H/14 surrogate: ViT-H-14-quickgelu / metaclip_fullcc
  Encoding 37 class prompts...
setting parameters for standard version
shard2:   0%|          | 0/4 [00:00<?, ?it/s]using standard version including apgd-ce, apgd-t, fab-t, square.
initial accuracy: 95.31%
apgd-ce - 1/1 - 52 out of 61 successfully perturbed
robust accuracy after APGD-CE: 14.06% (total time 239.6 s)
apgd-t - 1/1 - 4 out of 9 successfully perturbed
robust accuracy after APGD-T: 7.81% (total time 320.3 s)
fab-t - 1/1 - 0 out of 5 successfully perturbed
robust accuracy after FAB-T: 7.81% (total time 514.9 s)
square - 1/1 - 0 out of 5 successfully perturbed
robust accuracy after SQUARE: 7.81% (total time 810.1 s)
max L1 perturbation: 75.00124, nan in tensor: 0, max: 1.00000, min: 0.00000
robust accuracy: 7.81%
shard2:  25%|██▌       | 1/4 [13:36<40:50, 816.85s/it]using standard version including apgd-ce, apgd-t, fab-t, square.
initial accuracy: 96.88%
apgd-ce - 1/1 - 48 out of 62 successfully perturbed
robust accuracy after APGD-CE: 21.88% (total time 290.8 s)
apgd-t - 1/1 - 5 out of 14 successfully perturbed
robust accuracy after APGD-T: 14.06% (total time 414.7 s)
fab-t - 1/1 - 0 out of 9 successfully perturbed
robust accuracy after FAB-T: 14.06% (total time 734.1 s)
square - 1/1 - 0 out of 9 successfully perturbed
robust accuracy after SQUARE: 14.06% (total time 1206.4 s)
max L1 perturbation: 75.00192, nan in tensor: 0, max: 1.00000, min: 0.00000
robust accuracy: 14.06%
shard2:  50%|█████     | 2/4 [33:49<34:59, 1049.50s/it]using standard version including apgd-ce, apgd-t, fab-t, square.
initial accuracy: 100.00%
apgd-ce - 1/1 - 51 out of 64 successfully perturbed
robust accuracy after APGD-CE: 20.31% (total time 279.0 s)
apgd-t - 1/1 - 4 out of 13 successfully perturbed
robust accuracy after APGD-T: 14.06% (total time 400.9 s)
fab-t - 1/1 - 0 out of 9 successfully perturbed
robust accuracy after FAB-T: 14.06% (total time 718.9 s)
square - 1/1 - 0 out of 9 successfully perturbed
robust accuracy after SQUARE: 14.06% (total time 1191.5 s)
max L1 perturbation: 75.00177, nan in tensor: 0, max: 1.00000, min: 0.00000
robust accuracy: 14.06%
shard2:  75%|███████▌  | 3/4 [53:46<18:37, 1117.03s/it]using standard version including apgd-ce, apgd-t, fab-t, square.
initial accuracy: 94.83%
apgd-ce - 1/1 - 51 out of 55 successfully perturbed
robust accuracy after APGD-CE: 6.90% (total time 203.5 s)
apgd-t - 1/1 - 0 out of 4 successfully perturbed
robust accuracy after APGD-T: 6.90% (total time 256.7 s)
fab-t - 1/1 - 0 out of 4 successfully perturbed
robust accuracy after FAB-T: 6.90% (total time 418.1 s)
square - 1/1 - 1 out of 4 successfully perturbed
robust accuracy after SQUARE: 5.17% (total time 606.9 s)
Warning: Square Attack has decreased the robust accuracy of 1.72%. This might indicate that the robustness evaluation using AutoAttack is unreliable. Consider running Square Attack with more iterations and restarts or an adaptive attack. See flags_doc.md for details.
max L1 perturbation: 75.00175, nan in tensor: 0, max: 1.00000, min: 0.00000
robust accuracy: 5.17%
shard2: 100%|██████████| 4/4 [1:03:58<00:00, 917.79s/it]shard2: 100%|██████████| 4/4 [1:03:59<00:00, 959.75s/it]

  Shard 2 done: 250 images | clean=0.9680 | adv=0.1040
