  Using: NVIDIA H100 80GB HBM3

============================================================
  Dataset   : flowers-102  [shard 2/4]
  Surrogate : metaclip_h14
  Norm      : L1  eps=75.0  (AA: 75.00000)
  Device    : cuda
============================================================
  [shard] Waiting for download lock...
Data already present at /home/m/mheuill/links/scratch/robustgenbench/data_processed.
  Shard indices: 250–499  (250 samples of 1000 total)

Loading MetaCLIP ViT-H/14 surrogate: ViT-H-14-quickgelu / metaclip_fullcc
  Encoding 102 class prompts...
setting parameters for standard version
shard1:   0%|          | 0/4 [00:00<?, ?it/s]using standard version including apgd-ce, apgd-t, fab-t, square.
initial accuracy: 89.06%
apgd-ce - 1/1 - 51 out of 57 successfully perturbed
robust accuracy after APGD-CE: 9.38% (total time 204.0 s)
apgd-t - 1/1 - 3 out of 6 successfully perturbed
robust accuracy after APGD-T: 4.69% (total time 263.0 s)
fab-t - 1/1 - 0 out of 3 successfully perturbed
robust accuracy after FAB-T: 4.69% (total time 384.0 s)
square - 1/1 - 1 out of 3 successfully perturbed
robust accuracy after SQUARE: 3.12% (total time 566.5 s)
Warning: Square Attack has decreased the robust accuracy of 1.56%. This might indicate that the robustness evaluation using AutoAttack is unreliable. Consider running Square Attack with more iterations and restarts or an adaptive attack. See flags_doc.md for details.
max L1 perturbation: 75.00128, nan in tensor: 0, max: 1.00000, min: 0.00000
robust accuracy: 3.12%
shard1:  25%|██▌       | 1/4 [09:33<28:39, 573.16s/it]using standard version including apgd-ce, apgd-t, fab-t, square.
initial accuracy: 85.94%
apgd-ce - 1/1 - 43 out of 55 successfully perturbed
robust accuracy after APGD-CE: 18.75% (total time 266.9 s)
apgd-t - 1/1 - 8 out of 12 successfully perturbed
robust accuracy after APGD-T: 6.25% (total time 348.1 s)
fab-t - 1/1 - 0 out of 4 successfully perturbed
robust accuracy after FAB-T: 6.25% (total time 509.0 s)
square - 1/1 - 1 out of 4 successfully perturbed
robust accuracy after SQUARE: 4.69% (total time 720.9 s)
Warning: Square Attack has decreased the robust accuracy of 1.56%. This might indicate that the robustness evaluation using AutoAttack is unreliable. Consider running Square Attack with more iterations and restarts or an adaptive attack. See flags_doc.md for details.
max L1 perturbation: 75.00056, nan in tensor: 0, max: 1.00000, min: 0.00000
robust accuracy: 4.69%
shard1:  50%|█████     | 2/4 [21:40<22:07, 663.64s/it]using standard version including apgd-ce, apgd-t, fab-t, square.
initial accuracy: 79.69%
apgd-ce - 1/1 - 47 out of 51 successfully perturbed
robust accuracy after APGD-CE: 6.25% (total time 183.6 s)
apgd-t - 1/1 - 2 out of 4 successfully perturbed
robust accuracy after APGD-T: 3.12% (total time 229.0 s)
fab-t - 1/1 - 0 out of 2 successfully perturbed
robust accuracy after FAB-T: 3.12% (total time 332.0 s)
square - 1/1 - 0 out of 2 successfully perturbed
robust accuracy after SQUARE: 3.12% (total time 507.9 s)
max L1 perturbation: 75.00098, nan in tensor: 0, max: 1.00000, min: 0.00000
robust accuracy: 3.12%
shard1:  75%|███████▌  | 3/4 [30:14<09:55, 595.26s/it]using standard version including apgd-ce, apgd-t, fab-t, square.
initial accuracy: 84.48%
apgd-ce - 1/1 - 40 out of 49 successfully perturbed
robust accuracy after APGD-CE: 15.52% (total time 191.3 s)
apgd-t - 1/1 - 5 out of 9 successfully perturbed
robust accuracy after APGD-T: 6.90% (total time 269.2 s)
fab-t - 1/1 - 0 out of 4 successfully perturbed
robust accuracy after FAB-T: 6.90% (total time 430.0 s)
square - 1/1 - 0 out of 4 successfully perturbed
robust accuracy after SQUARE: 6.90% (total time 678.8 s)
max L1 perturbation: 75.00040, nan in tensor: 0, max: 1.00000, min: 0.00000
robust accuracy: 6.90%
shard1: 100%|██████████| 4/4 [41:38<00:00, 630.41s/it]shard1: 100%|██████████| 4/4 [41:38<00:00, 624.59s/it]

  Shard 1 done: 250 images | clean=0.8480 | adv=0.0480
