  Using: NVIDIA H100 80GB HBM3

============================================================
  Dataset   : caltech101  [shard 2/4]
  Surrogate : metaclip_h14
  Norm      : L1  eps=75.0  (AA: 75.00000)
  Device    : cuda
============================================================
  [shard] Waiting for download lock...
Data already present at /home/m/mheuill/links/scratch/robustgenbench/data_processed.
  Shard indices: 250–499  (250 samples of 1000 total)

Loading MetaCLIP ViT-H/14 surrogate: ViT-H-14-quickgelu / metaclip_fullcc
  Encoding 101 class prompts...
setting parameters for standard version
shard1:   0%|          | 0/4 [00:00<?, ?it/s]using standard version including apgd-ce, apgd-t, fab-t, square.
initial accuracy: 90.62%
apgd-ce - 1/1 - 26 out of 58 successfully perturbed
robust accuracy after APGD-CE: 50.00% (total time 412.7 s)
apgd-t - 1/1 - 2 out of 32 successfully perturbed
robust accuracy after APGD-T: 46.88% (total time 730.7 s)
fab-t - 1/1 - 0 out of 30 successfully perturbed
robust accuracy after FAB-T: 46.88% (total time 1685.2 s)
square - 1/1 - 1 out of 30 successfully perturbed
robust accuracy after SQUARE: 45.31% (total time 2992.5 s)
Warning: Square Attack has decreased the robust accuracy of 1.56%. This might indicate that the robustness evaluation using AutoAttack is unreliable. Consider running Square Attack with more iterations and restarts or an adaptive attack. See flags_doc.md for details.
max L1 perturbation: 75.00143, nan in tensor: 0, max: 1.00000, min: 0.00000
robust accuracy: 45.31%
shard1:  25%|██▌       | 1/4 [49:58<2:29:56, 2998.96s/it]using standard version including apgd-ce, apgd-t, fab-t, square.
initial accuracy: 89.06%
apgd-ce - 1/1 - 20 out of 57 successfully perturbed
robust accuracy after APGD-CE: 57.81% (total time 417.4 s)
apgd-t - 1/1 - 7 out of 37 successfully perturbed
robust accuracy after APGD-T: 46.88% (total time 743.2 s)
fab-t - 1/1 - 0 out of 30 successfully perturbed
robust accuracy after FAB-T: 46.88% (total time 1697.7 s)
square - 1/1 - 1 out of 30 successfully perturbed
robust accuracy after SQUARE: 45.31% (total time 2971.3 s)
Warning: Square Attack has decreased the robust accuracy of 1.56%. This might indicate that the robustness evaluation using AutoAttack is unreliable. Consider running Square Attack with more iterations and restarts or an adaptive attack. See flags_doc.md for details.
max L1 perturbation: 75.00169, nan in tensor: 0, max: 1.00000, min: 0.00000
robust accuracy: 45.31%
shard1:  50%|█████     | 2/4 [1:39:36<1:39:32, 2986.08s/it]using standard version including apgd-ce, apgd-t, fab-t, square.
initial accuracy: 85.94%
apgd-ce - 1/1 - 34 out of 55 successfully perturbed
robust accuracy after APGD-CE: 32.81% (total time 323.7 s)
apgd-t - 1/1 - 2 out of 21 successfully perturbed
robust accuracy after APGD-T: 29.69% (total time 533.4 s)
fab-t - 1/1 - 0 out of 19 successfully perturbed
robust accuracy after FAB-T: 29.69% (total time 1140.2 s)
square - 1/1 - 0 out of 19 successfully perturbed
robust accuracy after SQUARE: 29.69% (total time 1987.4 s)
max L1 perturbation: 75.00124, nan in tensor: 0, max: 1.00000, min: 0.00000
robust accuracy: 29.69%
shard1:  75%|███████▌  | 3/4 [2:12:49<42:12, 2532.74s/it]  using standard version including apgd-ce, apgd-t, fab-t, square.
initial accuracy: 93.10%
apgd-ce - 1/1 - 35 out of 54 successfully perturbed
robust accuracy after APGD-CE: 32.76% (total time 341.3 s)
apgd-t - 1/1 - 1 out of 19 successfully perturbed
robust accuracy after APGD-T: 31.03% (total time 533.4 s)
