  Using: NVIDIA H100 80GB HBM3

============================================================
  Dataset   : caltech101  [shard 1/4]
  Surrogate : metaclip_h14
  Norm      : L1  eps=75.0  (AA: 75.00000)
  Device    : cuda
============================================================
  [shard] Waiting for download lock...
Data already present at /home/m/mheuill/links/scratch/robustgenbench/data_processed.
  Shard indices: 0–249  (250 samples of 1000 total)

Loading MetaCLIP ViT-H/14 surrogate: ViT-H-14-quickgelu / metaclip_fullcc
  Encoding 101 class prompts...
setting parameters for standard version
shard0:   0%|          | 0/4 [00:00<?, ?it/s]using standard version including apgd-ce, apgd-t, fab-t, square.
initial accuracy: 95.31%
apgd-ce - 1/1 - 26 out of 61 successfully perturbed
robust accuracy after APGD-CE: 54.69% (total time 453.5 s)
apgd-t - 1/1 - 3 out of 35 successfully perturbed
robust accuracy after APGD-T: 50.00% (total time 792.9 s)
fab-t - 1/1 - 0 out of 32 successfully perturbed
robust accuracy after FAB-T: 50.00% (total time 1790.1 s)
square - 1/1 - 2 out of 32 successfully perturbed
robust accuracy after SQUARE: 46.88% (total time 3120.6 s)
Warning: Square Attack has decreased the robust accuracy of 3.12%. This might indicate that the robustness evaluation using AutoAttack is unreliable. Consider running Square Attack with more iterations and restarts or an adaptive attack. See flags_doc.md for details.
max L1 perturbation: 75.00145, nan in tensor: 0, max: 1.00000, min: 0.00000
robust accuracy: 46.88%
shard0:  25%|██▌       | 1/4 [52:06<2:36:20, 3126.92s/it]using standard version including apgd-ce, apgd-t, fab-t, square.
initial accuracy: 90.62%
apgd-ce - 1/1 - 25 out of 58 successfully perturbed
robust accuracy after APGD-CE: 51.56% (total time 419.6 s)
apgd-t - 1/1 - 2 out of 33 successfully perturbed
robust accuracy after APGD-T: 48.44% (total time 745.1 s)
fab-t - 1/1 - 0 out of 31 successfully perturbed
robust accuracy after FAB-T: 48.44% (total time 1723.4 s)
square - 1/1 - 2 out of 31 successfully perturbed
robust accuracy after SQUARE: 45.31% (total time 3038.3 s)
Warning: Square Attack has decreased the robust accuracy of 3.12%. This might indicate that the robustness evaluation using AutoAttack is unreliable. Consider running Square Attack with more iterations and restarts or an adaptive attack. See flags_doc.md for details.
max L1 perturbation: 75.00143, nan in tensor: 0, max: 1.00000, min: 0.00000
robust accuracy: 45.31%
shard0:  50%|█████     | 2/4 [1:42:50<1:42:36, 3078.15s/it]using standard version including apgd-ce, apgd-t, fab-t, square.
initial accuracy: 93.75%
apgd-ce - 1/1 - 32 out of 60 successfully perturbed
robust accuracy after APGD-CE: 43.75% (total time 378.4 s)
apgd-t - 1/1 - 3 out of 28 successfully perturbed
robust accuracy after APGD-T: 39.06% (total time 653.7 s)
fab-t - 1/1 - 0 out of 25 successfully perturbed
robust accuracy after FAB-T: 39.06% (total time 1411.9 s)
