  Using: NVIDIA H100 80GB HBM3

============================================================
  Dataset   : stanford_cars  [shard 2/4]
  Surrogate : metaclip_h14
  Norm      : L1  eps=75.0  (AA: 75.00000)
  Device    : cuda
============================================================
  [shard] Waiting for download lock...
Data already present at /home/m/mheuill/links/scratch/robustgenbench/data_processed.
  Shard indices: 250–499  (250 samples of 1000 total)

Loading MetaCLIP ViT-H/14 surrogate: ViT-H-14-quickgelu / metaclip_fullcc
  Encoding 196 class prompts...
setting parameters for standard version
shard1:   0%|          | 0/4 [00:00<?, ?it/s]using standard version including apgd-ce, apgd-t, fab-t, square.
initial accuracy: 84.38%
apgd-ce - 1/1 - 43 out of 54 successfully perturbed
robust accuracy after APGD-CE: 17.19% (total time 234.7 s)
apgd-t - 1/1 - 2 out of 11 successfully perturbed
robust accuracy after APGD-T: 14.06% (total time 345.0 s)
fab-t - 1/1 - 0 out of 9 successfully perturbed
robust accuracy after FAB-T: 14.06% (total time 662.9 s)
square - 1/1 - 2 out of 9 successfully perturbed
robust accuracy after SQUARE: 10.94% (total time 1066.5 s)
Warning: Square Attack has decreased the robust accuracy of 3.12%. This might indicate that the robustness evaluation using AutoAttack is unreliable. Consider running Square Attack with more iterations and restarts or an adaptive attack. See flags_doc.md for details.
max L1 perturbation: 75.00121, nan in tensor: 0, max: 1.00000, min: 0.00000
robust accuracy: 10.94%
shard1:  25%|██▌       | 1/4 [17:53<53:39, 1073.10s/it]using standard version including apgd-ce, apgd-t, fab-t, square.
initial accuracy: 87.50%
apgd-ce - 1/1 - 44 out of 56 successfully perturbed
robust accuracy after APGD-CE: 18.75% (total time 270.4 s)
apgd-t - 1/1 - 3 out of 12 successfully perturbed
robust accuracy after APGD-T: 14.06% (total time 384.1 s)
fab-t - 1/1 - 0 out of 9 successfully perturbed
robust accuracy after FAB-T: 14.06% (total time 702.7 s)
square - 1/1 - 1 out of 9 successfully perturbed
robust accuracy after SQUARE: 12.50% (total time 1112.2 s)
Warning: Square Attack has decreased the robust accuracy of 1.56%. This might indicate that the robustness evaluation using AutoAttack is unreliable. Consider running Square Attack with more iterations and restarts or an adaptive attack. See flags_doc.md for details.
max L1 perturbation: 75.00095, nan in tensor: 0, max: 1.00000, min: 0.00000
robust accuracy: 12.50%
shard1:  50%|█████     | 2/4 [36:31<36:39, 1099.62s/it]using standard version including apgd-ce, apgd-t, fab-t, square.
initial accuracy: 85.94%
apgd-ce - 1/1 - 41 out of 55 successfully perturbed
robust accuracy after APGD-CE: 21.88% (total time 274.1 s)
apgd-t - 1/1 - 5 out of 14 successfully perturbed
robust accuracy after APGD-T: 14.06% (total time 399.2 s)
fab-t - 1/1 - 0 out of 9 successfully perturbed
robust accuracy after FAB-T: 14.06% (total time 716.9 s)
square - 1/1 - 1 out of 9 successfully perturbed
robust accuracy after SQUARE: 12.50% (total time 1125.1 s)
Warning: Square Attack has decreased the robust accuracy of 1.56%. This might indicate that the robustness evaluation using AutoAttack is unreliable. Consider running Square Attack with more iterations and restarts or an adaptive attack. See flags_doc.md for details.
max L1 perturbation: 75.00142, nan in tensor: 0, max: 1.00000, min: 0.00000
robust accuracy: 12.50%
shard1:  75%|███████▌  | 3/4 [55:22<18:33, 1113.96s/it]using standard version including apgd-ce, apgd-t, fab-t, square.
initial accuracy: 96.55%
apgd-ce - 1/1 - 46 out of 56 successfully perturbed
robust accuracy after APGD-CE: 17.24% (total time 234.5 s)
apgd-t - 1/1 - 2 out of 10 successfully perturbed
robust accuracy after APGD-T: 13.79% (total time 331.9 s)
fab-t - 1/1 - 0 out of 8 successfully perturbed
robust accuracy after FAB-T: 13.79% (total time 614.9 s)
square - 1/1 - 1 out of 8 successfully perturbed
robust accuracy after SQUARE: 12.07% (total time 1013.6 s)
Warning: Square Attack has decreased the robust accuracy of 1.72%. This might indicate that the robustness evaluation using AutoAttack is unreliable. Consider running Square Attack with more iterations and restarts or an adaptive attack. See flags_doc.md for details.
max L1 perturbation: 75.00124, nan in tensor: 0, max: 1.00000, min: 0.00000
robust accuracy: 12.07%
shard1: 100%|██████████| 4/4 [1:12:21<00:00, 1076.50s/it]shard1: 100%|██████████| 4/4 [1:12:21<00:00, 1085.36s/it]

  Shard 1 done: 250 images | clean=0.8840 | adv=0.1200
