  Using: NVIDIA H100 80GB HBM3

============================================================
  Dataset   : caltech101  [shard 2/4]
  Surrogate : metaclip_h14
  Norm      : L1  eps=75.0  (AA: 75.00000)
  Device    : cuda
============================================================
  [shard] Waiting for download lock...
Data already present at /home/m/mheuill/links/scratch/robustgenbench/data_processed.
  Shard indices: 250–499  (250 samples of 1000 total)

Loading MetaCLIP ViT-H/14 surrogate: ViT-H-14-quickgelu / metaclip_fullcc
  Encoding 101 class prompts...
setting parameters for standard version
shard1:   0%|          | 0/4 [00:00<?, ?it/s]using standard version including apgd-ce, apgd-t, fab-t, square.
initial accuracy: 90.62%
apgd-ce - 1/1 - 20 out of 58 successfully perturbed
robust accuracy after APGD-CE: 59.38% (total time 449.9 s)
apgd-t - 1/1 - 5 out of 38 successfully perturbed
robust accuracy after APGD-T: 51.56% (total time 792.2 s)
fab-t - 1/1 - 0 out of 33 successfully perturbed
robust accuracy after FAB-T: 51.56% (total time 1825.4 s)
square - 1/1 - 1 out of 33 successfully perturbed
robust accuracy after SQUARE: 50.00% (total time 3222.5 s)
Warning: Square Attack has decreased the robust accuracy of 1.56%. This might indicate that the robustness evaluation using AutoAttack is unreliable. Consider running Square Attack with more iterations and restarts or an adaptive attack. See flags_doc.md for details.
max L1 perturbation: 75.00131, nan in tensor: 0, max: 1.00000, min: 0.00000
robust accuracy: 50.00%
shard1:  25%|██▌       | 1/4 [53:48<2:41:26, 3228.90s/it]using standard version including apgd-ce, apgd-t, fab-t, square.
initial accuracy: 89.06%
apgd-ce - 1/1 - 24 out of 57 successfully perturbed
robust accuracy after APGD-CE: 51.56% (total time 409.6 s)
apgd-t - 1/1 - 3 out of 33 successfully perturbed
robust accuracy after APGD-T: 46.88% (total time 731.2 s)
fab-t - 1/1 - 0 out of 30 successfully perturbed
robust accuracy after FAB-T: 46.88% (total time 1685.7 s)
square - 1/1 - 0 out of 30 successfully perturbed
robust accuracy after SQUARE: 46.88% (total time 2992.9 s)
max L1 perturbation: 75.00104, nan in tensor: 0, max: 1.00000, min: 0.00000
robust accuracy: 46.88%
shard1:  50%|█████     | 2/4 [1:43:47<1:43:06, 3093.44s/it]using standard version including apgd-ce, apgd-t, fab-t, square.
initial accuracy: 85.94%
apgd-ce - 1/1 - 28 out of 55 successfully perturbed
robust accuracy after APGD-CE: 42.19% (total time 351.4 s)
apgd-t - 1/1 - 6 out of 27 successfully perturbed
robust accuracy after APGD-T: 32.81% (total time 599.6 s)
fab-t - 1/1 - 0 out of 21 successfully perturbed
robust accuracy after FAB-T: 32.81% (total time 1272.0 s)
square - 1/1 - 1 out of 21 successfully perturbed
robust accuracy after SQUARE: 31.25% (total time 2210.3 s)
Warning: Square Attack has decreased the robust accuracy of 1.56%. This might indicate that the robustness evaluation using AutoAttack is unreliable. Consider running Square Attack with more iterations and restarts or an adaptive attack. See flags_doc.md for details.
max L1 perturbation: 75.00200, nan in tensor: 0, max: 1.00000, min: 0.00000
robust accuracy: 31.25%
shard1:  75%|███████▌  | 3/4 [2:20:43<44:52, 2692.83s/it]  using standard version including apgd-ce, apgd-t, fab-t, square.
initial accuracy: 93.10%
apgd-ce - 1/1 - 31 out of 54 successfully perturbed
robust accuracy after APGD-CE: 39.66% (total time 341.4 s)
apgd-t - 1/1 - 2 out of 23 successfully perturbed
robust accuracy after APGD-T: 36.21% (total time 562.8 s)
fab-t - 1/1 - 0 out of 21 successfully perturbed
robust accuracy after FAB-T: 36.21% (total time 1234.3 s)
