  Using: NVIDIA H100 80GB HBM3

============================================================
  Dataset   : caltech101  [shard 4/4]
  Surrogate : metaclip_h14
  Norm      : L1  eps=75.0  (AA: 75.00000)
  Device    : cuda
============================================================
  [shard] Waiting for download lock...
Data already present at /home/m/mheuill/links/scratch/robustgenbench/data_processed.
  Shard indices: 750–999  (250 samples of 1000 total)

Loading MetaCLIP ViT-H/14 surrogate: ViT-H-14-quickgelu / metaclip_fullcc
  Encoding 101 class prompts...
setting parameters for standard version
shard3:   0%|          | 0/4 [00:00<?, ?it/s]using standard version including apgd-ce, apgd-t, fab-t, square.
initial accuracy: 93.75%
apgd-ce - 1/1 - 29 out of 60 successfully perturbed
robust accuracy after APGD-CE: 48.44% (total time 392.6 s)
apgd-t - 1/1 - 5 out of 31 successfully perturbed
robust accuracy after APGD-T: 40.62% (total time 679.6 s)
fab-t - 1/1 - 0 out of 26 successfully perturbed
robust accuracy after FAB-T: 40.62% (total time 1504.6 s)
square - 1/1 - 2 out of 26 successfully perturbed
robust accuracy after SQUARE: 37.50% (total time 2537.8 s)
Warning: Square Attack has decreased the robust accuracy of 3.12%. This might indicate that the robustness evaluation using AutoAttack is unreliable. Consider running Square Attack with more iterations and restarts or an adaptive attack. See flags_doc.md for details.
max L1 perturbation: 75.00157, nan in tensor: 0, max: 1.00000, min: 0.00000
robust accuracy: 37.50%
shard3:  25%|██▌       | 1/4 [42:24<2:07:14, 2544.67s/it]using standard version including apgd-ce, apgd-t, fab-t, square.
initial accuracy: 84.38%
apgd-ce - 1/1 - 28 out of 54 successfully perturbed
robust accuracy after APGD-CE: 40.62% (total time 367.0 s)
apgd-t - 1/1 - 3 out of 26 successfully perturbed
robust accuracy after APGD-T: 35.94% (total time 623.6 s)
fab-t - 1/1 - 0 out of 23 successfully perturbed
robust accuracy after FAB-T: 35.94% (total time 1351.8 s)
square - 1/1 - 2 out of 23 successfully perturbed
robust accuracy after SQUARE: 32.81% (total time 2327.8 s)
Warning: Square Attack has decreased the robust accuracy of 3.12%. This might indicate that the robustness evaluation using AutoAttack is unreliable. Consider running Square Attack with more iterations and restarts or an adaptive attack. See flags_doc.md for details.
max L1 perturbation: 75.00108, nan in tensor: 0, max: 1.00000, min: 0.00000
robust accuracy: 32.81%
shard3:  50%|█████     | 2/4 [1:21:18<1:20:41, 2420.53s/it]using standard version including apgd-ce, apgd-t, fab-t, square.
initial accuracy: 85.94%
apgd-ce - 1/1 - 25 out of 55 successfully perturbed
robust accuracy after APGD-CE: 46.88% (total time 381.0 s)
apgd-t - 1/1 - 7 out of 30 successfully perturbed
robust accuracy after APGD-T: 35.94% (total time 639.4 s)
fab-t - 1/1 - 0 out of 23 successfully perturbed
robust accuracy after FAB-T: 35.94% (total time 1369.6 s)
square - 1/1 - 0 out of 23 successfully perturbed
robust accuracy after SQUARE: 35.94% (total time 2372.3 s)
max L1 perturbation: 75.00128, nan in tensor: 0, max: 1.00000, min: 0.00000
robust accuracy: 35.94%
shard3:  75%|███████▌  | 3/4 [2:00:56<40:01, 2401.21s/it]  using standard version including apgd-ce, apgd-t, fab-t, square.
initial accuracy: 79.31%
apgd-ce - 1/1 - 22 out of 46 successfully perturbed
robust accuracy after APGD-CE: 41.38% (total time 317.6 s)
apgd-t - 1/1 - 2 out of 24 successfully perturbed
robust accuracy after APGD-T: 37.93% (total time 552.3 s)
fab-t - 1/1 - 0 out of 22 successfully perturbed
robust accuracy after FAB-T: 37.93% (total time 1247.0 s)
square - 1/1 - 1 out of 22 successfully perturbed
robust accuracy after SQUARE: 36.21% (total time 2188.7 s)
Warning: Square Attack has decreased the robust accuracy of 1.72%. This might indicate that the robustness evaluation using AutoAttack is unreliable. Consider running Square Attack with more iterations and restarts or an adaptive attack. See flags_doc.md for details.
max L1 perturbation: 75.00120, nan in tensor: 0, max: 1.00000, min: 0.00000
robust accuracy: 36.21%
shard3: 100%|██████████| 4/4 [2:37:30<00:00, 2319.46s/it]shard3: 100%|██████████| 4/4 [2:37:30<00:00, 2362.68s/it]

  Shard 3 done: 250 images | clean=0.8600 | adv=0.3560
