  Using: NVIDIA H100 80GB HBM3

============================================================
  Dataset   : flowers-102  [shard 4/4]
  Surrogate : metaclip_h14
  Norm      : L1  eps=75.0  (AA: 75.00000)
  Device    : cuda
============================================================
  [shard] Waiting for download lock...
Data already present at /home/m/mheuill/links/scratch/robustgenbench/data_processed.
  Shard indices: 750–999  (250 samples of 1000 total)

Loading MetaCLIP ViT-H/14 surrogate: ViT-H-14-quickgelu / metaclip_fullcc
  Encoding 102 class prompts...
setting parameters for standard version
shard3:   0%|          | 0/4 [00:00<?, ?it/s]using standard version including apgd-ce, apgd-t, fab-t, square.
initial accuracy: 92.19%
apgd-ce - 1/1 - 49 out of 59 successfully perturbed
robust accuracy after APGD-CE: 15.62% (total time 248.7 s)
apgd-t - 1/1 - 4 out of 10 successfully perturbed
robust accuracy after APGD-T: 9.38% (total time 339.5 s)
fab-t - 1/1 - 0 out of 6 successfully perturbed
robust accuracy after FAB-T: 9.38% (total time 547.8 s)
square - 1/1 - 0 out of 6 successfully perturbed
robust accuracy after SQUARE: 9.38% (total time 845.8 s)
max L1 perturbation: 75.00127, nan in tensor: 0, max: 1.00000, min: 0.00000
robust accuracy: 9.38%
shard3:  25%|██▌       | 1/4 [14:12<42:38, 852.69s/it]using standard version including apgd-ce, apgd-t, fab-t, square.
initial accuracy: 84.38%
apgd-ce - 1/1 - 45 out of 54 successfully perturbed
robust accuracy after APGD-CE: 14.06% (total time 217.9 s)
apgd-t - 1/1 - 2 out of 9 successfully perturbed
robust accuracy after APGD-T: 10.94% (total time 307.9 s)
fab-t - 1/1 - 0 out of 7 successfully perturbed
robust accuracy after FAB-T: 10.94% (total time 575.8 s)
square - 1/1 - 0 out of 7 successfully perturbed
robust accuracy after SQUARE: 10.94% (total time 976.7 s)
max L1 perturbation: 75.00086, nan in tensor: 0, max: 1.00000, min: 0.00000
robust accuracy: 10.94%
shard3:  50%|█████     | 2/4 [30:35<30:58, 929.17s/it]using standard version including apgd-ce, apgd-t, fab-t, square.
initial accuracy: 84.38%
apgd-ce - 1/1 - 47 out of 54 successfully perturbed
robust accuracy after APGD-CE: 10.94% (total time 216.8 s)
apgd-t - 1/1 - 3 out of 7 successfully perturbed
robust accuracy after APGD-T: 6.25% (total time 281.1 s)
fab-t - 1/1 - 0 out of 4 successfully perturbed
robust accuracy after FAB-T: 6.25% (total time 442.3 s)
square - 1/1 - 0 out of 4 successfully perturbed
robust accuracy after SQUARE: 6.25% (total time 690.8 s)
max L1 perturbation: 75.00079, nan in tensor: 0, max: 1.00000, min: 0.00000
robust accuracy: 6.25%
shard3:  75%|███████▌  | 3/4 [42:12<13:43, 823.05s/it]using standard version including apgd-ce, apgd-t, fab-t, square.
initial accuracy: 84.48%
apgd-ce - 1/1 - 39 out of 49 successfully perturbed
robust accuracy after APGD-CE: 17.24% (total time 217.6 s)
apgd-t - 1/1 - 5 out of 10 successfully perturbed
robust accuracy after APGD-T: 8.62% (total time 303.5 s)
fab-t - 1/1 - 0 out of 5 successfully perturbed
robust accuracy after FAB-T: 8.62% (total time 495.9 s)
square - 1/1 - 0 out of 5 successfully perturbed
robust accuracy after SQUARE: 8.62% (total time 788.0 s)
max L1 perturbation: 75.00047, nan in tensor: 0, max: 1.00000, min: 0.00000
robust accuracy: 8.62%
shard3: 100%|██████████| 4/4 [55:25<00:00, 811.40s/it]shard3: 100%|██████████| 4/4 [55:25<00:00, 831.44s/it]

  Shard 3 done: 250 images | clean=0.8640 | adv=0.0880
