  Using: NVIDIA H100 80GB HBM3

============================================================
  Dataset   : fgvc-aircraft-2013b  [shard 2/4]
  Surrogate : metaclip_h14
  Norm      : L1  eps=75.0  (AA: 75.00000)
  Device    : cuda
============================================================
  [shard] Waiting for download lock...
Data already present at /home/m/mheuill/links/scratch/robustgenbench/data_processed.
  Shard indices: 250–499  (250 samples of 1000 total)

Loading MetaCLIP ViT-H/14 surrogate: ViT-H-14-quickgelu / metaclip_fullcc
  Encoding 100 class prompts...
setting parameters for standard version
shard1:   0%|          | 0/4 [00:00<?, ?it/s]using standard version including apgd-ce, apgd-t, fab-t, square.
initial accuracy: 51.56%
apgd-ce - 1/1 - 26 out of 33 successfully perturbed
robust accuracy after APGD-CE: 10.94% (total time 147.1 s)
apgd-t - 1/1 - 2 out of 7 successfully perturbed
robust accuracy after APGD-T: 7.81% (total time 215.7 s)
fab-t - 1/1 - 0 out of 5 successfully perturbed
robust accuracy after FAB-T: 7.81% (total time 408.8 s)
square - 1/1 - 0 out of 5 successfully perturbed
robust accuracy after SQUARE: 7.81% (total time 702.4 s)
max L1 perturbation: 75.00108, nan in tensor: 0, max: 1.00000, min: 0.00000
robust accuracy: 7.81%
shard1:  25%|██▌       | 1/4 [11:49<35:27, 709.28s/it]using standard version including apgd-ce, apgd-t, fab-t, square.
initial accuracy: 54.69%
apgd-ce - 1/1 - 30 out of 35 successfully perturbed
robust accuracy after APGD-CE: 7.81% (total time 159.1 s)
apgd-t - 1/1 - 0 out of 5 successfully perturbed
robust accuracy after APGD-T: 7.81% (total time 222.2 s)
fab-t - 1/1 - 0 out of 5 successfully perturbed
robust accuracy after FAB-T: 7.81% (total time 416.9 s)
square - 1/1 - 1 out of 5 successfully perturbed
robust accuracy after SQUARE: 6.25% (total time 640.6 s)
Warning: Square Attack has decreased the robust accuracy of 1.56%. This might indicate that the robustness evaluation using AutoAttack is unreliable. Consider running Square Attack with more iterations and restarts or an adaptive attack. See flags_doc.md for details.
max L1 perturbation: 75.00140, nan in tensor: 0, max: 1.00000, min: 0.00000
robust accuracy: 6.25%
shard1:  50%|█████     | 2/4 [22:36<22:25, 672.59s/it]using standard version including apgd-ce, apgd-t, fab-t, square.
initial accuracy: 40.62%
apgd-ce - 1/1 - 23 out of 26 successfully perturbed
robust accuracy after APGD-CE: 4.69% (total time 102.7 s)
apgd-t - 1/1 - 0 out of 3 successfully perturbed
robust accuracy after APGD-T: 4.69% (total time 141.8 s)
fab-t - 1/1 - 0 out of 3 successfully perturbed
robust accuracy after FAB-T: 4.69% (total time 262.0 s)
square - 1/1 - 1 out of 3 successfully perturbed
robust accuracy after SQUARE: 3.12% (total time 436.5 s)
Warning: Square Attack has decreased the robust accuracy of 1.56%. This might indicate that the robustness evaluation using AutoAttack is unreliable. Consider running Square Attack with more iterations and restarts or an adaptive attack. See flags_doc.md for details.
max L1 perturbation: 75.00148, nan in tensor: 0, max: 1.00000, min: 0.00000
robust accuracy: 3.12%
shard1:  75%|███████▌  | 3/4 [29:58<09:27, 567.65s/it]using standard version including apgd-ce, apgd-t, fab-t, square.
initial accuracy: 53.45%
apgd-ce - 1/1 - 27 out of 31 successfully perturbed
robust accuracy after APGD-CE: 6.90% (total time 131.0 s)
apgd-t - 1/1 - 1 out of 4 successfully perturbed
robust accuracy after APGD-T: 5.17% (total time 184.6 s)
fab-t - 1/1 - 0 out of 3 successfully perturbed
robust accuracy after FAB-T: 5.17% (total time 306.1 s)
square - 1/1 - 1 out of 3 successfully perturbed
robust accuracy after SQUARE: 3.45% (total time 491.2 s)
Warning: Square Attack has decreased the robust accuracy of 1.72%. This might indicate that the robustness evaluation using AutoAttack is unreliable. Consider running Square Attack with more iterations and restarts or an adaptive attack. See flags_doc.md for details.
max L1 perturbation: 75.00227, nan in tensor: 0, max: 1.00000, min: 0.00000
robust accuracy: 3.45%
shard1: 100%|██████████| 4/4 [38:16<00:00, 539.79s/it]shard1: 100%|██████████| 4/4 [38:16<00:00, 574.02s/it]

  Shard 1 done: 250 images | clean=0.5000 | adv=0.0520
