  Using: NVIDIA H100 80GB HBM3

============================================================
  Dataset   : uc-merced-land-use-dataset  [shard 2/4]
  Surrogate : metaclip_h14
  Norm      : L1  eps=75.0  (AA: 75.00000)
  Device    : cuda
============================================================
  [shard] Waiting for download lock...
Data already present at /home/m/mheuill/links/scratch/robustgenbench/data_processed.
  Shard indices: 105–209  (105 samples of 420 total)

Loading MetaCLIP ViT-H/14 surrogate: ViT-H-14-quickgelu / metaclip_fullcc
  Encoding 21 class prompts...
setting parameters for standard version
shard1:   0%|          | 0/2 [00:00<?, ?it/s]using standard version including apgd-ce, apgd-t, fab-t, square.
initial accuracy: 73.44%
apgd-ce - 1/1 - 47 out of 47 successfully perturbed
robust accuracy after APGD-CE: 0.00% (total time 118.7 s)
max L1 perturbation: 75.00130, nan in tensor: 0, max: 1.00000, min: 0.00000
robust accuracy: 0.00%
shard1:  50%|█████     | 1/2 [02:05<02:05, 125.14s/it]using standard version including apgd-ce, apgd-t, fab-t, square.
initial accuracy: 75.61%
apgd-ce - 1/1 - 31 out of 31 successfully perturbed
robust accuracy after APGD-CE: 0.00% (total time 80.6 s)
max L1 perturbation: 75.00093, nan in tensor: 0, max: 1.00000, min: 0.00000
robust accuracy: 0.00%
shard1: 100%|██████████| 2/2 [03:29<00:00, 101.32s/it]shard1: 100%|██████████| 2/2 [03:29<00:00, 104.92s/it]

  Shard 1 done: 105 images | clean=0.7429 | adv=0.0000
