  Using: NVIDIA H100 80GB HBM3

============================================================
  Dataset   : stanford_cars  [shard 3/4]
  Surrogate : metaclip_h14
  Norm      : L1  eps=75.0  (AA: 75.00000)
  Device    : cuda
============================================================
  [shard] Waiting for download lock...
Data already present at /home/m/mheuill/links/scratch/robustgenbench/data_processed.
  Shard indices: 500–749  (250 samples of 1000 total)

Loading MetaCLIP ViT-H/14 surrogate: ViT-H-14-quickgelu / metaclip_fullcc
  Encoding 196 class prompts...
setting parameters for standard version
shard2:   0%|          | 0/4 [00:00<?, ?it/s]using standard version including apgd-ce, apgd-t, fab-t, square.
initial accuracy: 84.38%
apgd-ce - 1/1 - 43 out of 54 successfully perturbed
robust accuracy after APGD-CE: 17.19% (total time 234.7 s)
apgd-t - 1/1 - 1 out of 11 successfully perturbed
robust accuracy after APGD-T: 15.62% (total time 352.9 s)
fab-t - 1/1 - 0 out of 10 successfully perturbed
robust accuracy after FAB-T: 15.62% (total time 707.9 s)
square - 1/1 - 5 out of 10 successfully perturbed
robust accuracy after SQUARE: 7.81% (total time 1036.7 s)
Warning: Square Attack has decreased the robust accuracy of 7.81%. This might indicate that the robustness evaluation using AutoAttack is unreliable. Consider running Square Attack with more iterations and restarts or an adaptive attack. See flags_doc.md for details.
max L1 perturbation: 75.00092, nan in tensor: 0, max: 1.00000, min: 0.00000
robust accuracy: 7.81%
shard2:  25%|██▌       | 1/4 [17:23<52:10, 1043.53s/it]using standard version including apgd-ce, apgd-t, fab-t, square.
initial accuracy: 84.38%
apgd-ce - 1/1 - 45 out of 54 successfully perturbed
robust accuracy after APGD-CE: 14.06% (total time 247.0 s)
apgd-t - 1/1 - 4 out of 9 successfully perturbed
robust accuracy after APGD-T: 7.81% (total time 324.2 s)
fab-t - 1/1 - 0 out of 5 successfully perturbed
robust accuracy after FAB-T: 7.81% (total time 517.3 s)
square - 1/1 - 1 out of 5 successfully perturbed
robust accuracy after SQUARE: 6.25% (total time 764.0 s)
Warning: Square Attack has decreased the robust accuracy of 1.56%. This might indicate that the robustness evaluation using AutoAttack is unreliable. Consider running Square Attack with more iterations and restarts or an adaptive attack. See flags_doc.md for details.
max L1 perturbation: 75.00134, nan in tensor: 0, max: 1.00000, min: 0.00000
robust accuracy: 6.25%
shard2:  50%|█████     | 2/4 [30:13<29:25, 882.60s/it] using standard version including apgd-ce, apgd-t, fab-t, square.
initial accuracy: 92.19%
apgd-ce - 1/1 - 49 out of 59 successfully perturbed
robust accuracy after APGD-CE: 15.62% (total time 249.5 s)
apgd-t - 1/1 - 4 out of 10 successfully perturbed
robust accuracy after APGD-T: 9.38% (total time 342.1 s)
fab-t - 1/1 - 0 out of 6 successfully perturbed
robust accuracy after FAB-T: 9.38% (total time 550.2 s)
square - 1/1 - 2 out of 6 successfully perturbed
robust accuracy after SQUARE: 6.25% (total time 810.7 s)
Warning: Square Attack has decreased the robust accuracy of 3.12%. This might indicate that the robustness evaluation using AutoAttack is unreliable. Consider running Square Attack with more iterations and restarts or an adaptive attack. See flags_doc.md for details.
max L1 perturbation: 75.00115, nan in tensor: 0, max: 1.00000, min: 0.00000
robust accuracy: 6.25%
shard2:  75%|███████▌  | 3/4 [43:50<14:12, 852.51s/it]using standard version including apgd-ce, apgd-t, fab-t, square.
initial accuracy: 87.93%
apgd-ce - 1/1 - 41 out of 51 successfully perturbed
robust accuracy after APGD-CE: 17.24% (total time 231.0 s)
apgd-t - 1/1 - 1 out of 10 successfully perturbed
robust accuracy after APGD-T: 15.52% (total time 338.1 s)
fab-t - 1/1 - 0 out of 9 successfully perturbed
robust accuracy after FAB-T: 15.52% (total time 658.1 s)
square - 1/1 - 1 out of 9 successfully perturbed
robust accuracy after SQUARE: 13.79% (total time 1094.1 s)
Warning: Square Attack has decreased the robust accuracy of 1.72%. This might indicate that the robustness evaluation using AutoAttack is unreliable. Consider running Square Attack with more iterations and restarts or an adaptive attack. See flags_doc.md for details.
max L1 perturbation: 75.00102, nan in tensor: 0, max: 1.00000, min: 0.00000
robust accuracy: 13.79%
shard2: 100%|██████████| 4/4 [1:02:09<00:00, 950.06s/it]shard2: 100%|██████████| 4/4 [1:02:09<00:00, 932.46s/it]

  Shard 2 done: 250 images | clean=0.8720 | adv=0.0840
