  Using: NVIDIA H100 80GB HBM3

============================================================
  Dataset   : caltech101  [shard 1/4]
  Surrogate : metaclip_h14
  Norm      : L1  eps=75.0  (AA: 75.00000)
  Device    : cuda
============================================================
  [shard] Waiting for download lock...
Data already present at /home/m/mheuill/links/scratch/robustgenbench/data_processed.
  Shard indices: 0–249  (250 samples of 1000 total)

Loading MetaCLIP ViT-H/14 surrogate: ViT-H-14-quickgelu / metaclip_fullcc
  Encoding 101 class prompts...
setting parameters for standard version
shard0:   0%|          | 0/4 [00:00<?, ?it/s]using standard version including apgd-ce, apgd-t, fab-t, square.
initial accuracy: 95.31%
apgd-ce - 1/1 - 25 out of 61 successfully perturbed
robust accuracy after APGD-CE: 56.25% (total time 463.0 s)
apgd-t - 1/1 - 1 out of 36 successfully perturbed
robust accuracy after APGD-T: 54.69% (total time 811.5 s)
fab-t - 1/1 - 0 out of 35 successfully perturbed
robust accuracy after FAB-T: 54.69% (total time 1884.1 s)
square - 1/1 - 1 out of 35 successfully perturbed
robust accuracy after SQUARE: 53.12% (total time 3297.9 s)
Warning: Square Attack has decreased the robust accuracy of 1.56%. This might indicate that the robustness evaluation using AutoAttack is unreliable. Consider running Square Attack with more iterations and restarts or an adaptive attack. See flags_doc.md for details.
max L1 perturbation: 75.00189, nan in tensor: 0, max: 1.00000, min: 0.00000
robust accuracy: 53.12%
shard0:  25%|██▌       | 1/4 [55:04<2:45:12, 3304.22s/it]using standard version including apgd-ce, apgd-t, fab-t, square.
initial accuracy: 90.62%
apgd-ce - 1/1 - 28 out of 58 successfully perturbed
robust accuracy after APGD-CE: 46.88% (total time 393.8 s)
apgd-t - 1/1 - 2 out of 30 successfully perturbed
robust accuracy after APGD-T: 43.75% (total time 689.8 s)
fab-t - 1/1 - 0 out of 28 successfully perturbed
robust accuracy after FAB-T: 43.75% (total time 1590.9 s)
square - 1/1 - 3 out of 28 successfully perturbed
robust accuracy after SQUARE: 39.06% (total time 2770.1 s)
Warning: Square Attack has decreased the robust accuracy of 4.69%. This might indicate that the robustness evaluation using AutoAttack is unreliable. Consider running Square Attack with more iterations and restarts or an adaptive attack. See flags_doc.md for details.
max L1 perturbation: 75.00279, nan in tensor: 0, max: 1.00000, min: 0.00000
robust accuracy: 39.06%
shard0:  50%|█████     | 2/4 [1:41:20<1:39:46, 2993.42s/it]using standard version including apgd-ce, apgd-t, fab-t, square.
initial accuracy: 93.75%
apgd-ce - 1/1 - 31 out of 60 successfully perturbed
robust accuracy after APGD-CE: 45.31% (total time 366.5 s)
apgd-t - 1/1 - 2 out of 29 successfully perturbed
robust accuracy after APGD-T: 42.19% (total time 658.5 s)
fab-t - 1/1 - 0 out of 27 successfully perturbed
robust accuracy after FAB-T: 42.19% (total time 1545.6 s)
square - 1/1 - 3 out of 27 successfully perturbed
robust accuracy after SQUARE: 37.50% (total time 2611.2 s)
Warning: Square Attack has decreased the robust accuracy of 4.69%. This might indicate that the robustness evaluation using AutoAttack is unreliable. Consider running Square Attack with more iterations and restarts or an adaptive attack. See flags_doc.md for details.
max L1 perturbation: 75.00163, nan in tensor: 0, max: 1.00000, min: 0.00000
robust accuracy: 37.50%
shard0:  75%|███████▌  | 3/4 [2:24:57<47:01, 2821.51s/it]  using standard version including apgd-ce, apgd-t, fab-t, square.
initial accuracy: 89.66%
apgd-ce - 1/1 - 24 out of 52 successfully perturbed
robust accuracy after APGD-CE: 48.28% (total time 381.6 s)
apgd-t - 1/1 - 5 out of 28 successfully perturbed
robust accuracy after APGD-T: 39.66% (total time 633.8 s)
fab-t - 1/1 - 0 out of 23 successfully perturbed
robust accuracy after FAB-T: 39.66% (total time 1364.0 s)
square - 1/1 - 3 out of 23 successfully perturbed
robust accuracy after SQUARE: 34.48% (total time 2296.6 s)
Warning: Square Attack has decreased the robust accuracy of 5.17%. This might indicate that the robustness evaluation using AutoAttack is unreliable. Consider running Square Attack with more iterations and restarts or an adaptive attack. See flags_doc.md for details.
max L1 perturbation: 75.00127, nan in tensor: 0, max: 1.00000, min: 0.00000
robust accuracy: 34.48%
shard0: 100%|██████████| 4/4 [3:03:19<00:00, 2616.41s/it]shard0: 100%|██████████| 4/4 [3:03:19<00:00, 2749.77s/it]

  Shard 0 done: 250 images | clean=0.9240 | adv=0.4120
