  Using: NVIDIA H100 80GB HBM3

============================================================
  Dataset   : fgvc-aircraft-2013b  [shard 1/4]
  Surrogate : metaclip_h14
  Norm      : L1  eps=75.0  (AA: 75.00000)
  Device    : cuda
============================================================
  [shard] Waiting for download lock...
Data already present at /home/m/mheuill/links/scratch/robustgenbench/data_processed.
  Shard indices: 0–249  (250 samples of 1000 total)

Loading MetaCLIP ViT-H/14 surrogate: ViT-H-14-quickgelu / metaclip_fullcc
  Encoding 100 class prompts...
setting parameters for standard version
shard0:   0%|          | 0/4 [00:00<?, ?it/s]using standard version including apgd-ce, apgd-t, fab-t, square.
initial accuracy: 56.25%
apgd-ce - 1/1 - 32 out of 36 successfully perturbed
robust accuracy after APGD-CE: 6.25% (total time 140.1 s)
apgd-t - 1/1 - 1 out of 4 successfully perturbed
robust accuracy after APGD-T: 4.69% (total time 193.8 s)
fab-t - 1/1 - 0 out of 3 successfully perturbed
robust accuracy after FAB-T: 4.69% (total time 315.1 s)
square - 1/1 - 1 out of 3 successfully perturbed
robust accuracy after SQUARE: 3.12% (total time 491.4 s)
Warning: Square Attack has decreased the robust accuracy of 1.56%. This might indicate that the robustness evaluation using AutoAttack is unreliable. Consider running Square Attack with more iterations and restarts or an adaptive attack. See flags_doc.md for details.
max L1 perturbation: 75.00240, nan in tensor: 0, max: 1.00000, min: 0.00000
robust accuracy: 3.12%
shard0:  25%|██▌       | 1/4 [08:18<24:55, 498.39s/it]using standard version including apgd-ce, apgd-t, fab-t, square.
initial accuracy: 65.62%
apgd-ce - 1/1 - 36 out of 42 successfully perturbed
robust accuracy after APGD-CE: 9.38% (total time 178.6 s)
apgd-t - 1/1 - 2 out of 6 successfully perturbed
robust accuracy after APGD-T: 6.25% (total time 239.5 s)
fab-t - 1/1 - 0 out of 4 successfully perturbed
robust accuracy after FAB-T: 6.25% (total time 401.5 s)
square - 1/1 - 0 out of 4 successfully perturbed
robust accuracy after SQUARE: 6.25% (total time 649.6 s)
max L1 perturbation: 75.00179, nan in tensor: 0, max: 1.00000, min: 0.00000
robust accuracy: 6.25%
shard0:  50%|█████     | 2/4 [19:14<19:42, 591.05s/it]using standard version including apgd-ce, apgd-t, fab-t, square.
initial accuracy: 40.62%
apgd-ce - 1/1 - 23 out of 26 successfully perturbed
robust accuracy after APGD-CE: 4.69% (total time 91.7 s)
apgd-t - 1/1 - 2 out of 3 successfully perturbed
robust accuracy after APGD-T: 1.56% (total time 124.1 s)
fab-t - 1/1 - 0 out of 1 successfully perturbed
robust accuracy after FAB-T: 1.56% (total time 188.5 s)
square - 1/1 - 1 out of 1 successfully perturbed
robust accuracy after SQUARE: 0.00% (total time 215.0 s)
Warning: Square Attack has decreased the robust accuracy of 1.56%. This might indicate that the robustness evaluation using AutoAttack is unreliable. Consider running Square Attack with more iterations and restarts or an adaptive attack. See flags_doc.md for details.
max L1 perturbation: 75.00139, nan in tensor: 0, max: 1.00000, min: 0.00000
robust accuracy: 0.00%
shard0:  75%|███████▌  | 3/4 [22:55<07:02, 422.23s/it]using standard version including apgd-ce, apgd-t, fab-t, square.
initial accuracy: 55.17%
apgd-ce - 1/1 - 29 out of 32 successfully perturbed
robust accuracy after APGD-CE: 5.17% (total time 116.8 s)
apgd-t - 1/1 - 0 out of 3 successfully perturbed
robust accuracy after APGD-T: 5.17% (total time 156.0 s)
fab-t - 1/1 - 0 out of 3 successfully perturbed
robust accuracy after FAB-T: 5.17% (total time 276.7 s)
square - 1/1 - 0 out of 3 successfully perturbed
robust accuracy after SQUARE: 5.17% (total time 464.2 s)
max L1 perturbation: 75.00163, nan in tensor: 0, max: 1.00000, min: 0.00000
robust accuracy: 5.17%
shard0: 100%|██████████| 4/4 [30:45<00:00, 441.08s/it]shard0: 100%|██████████| 4/4 [30:45<00:00, 461.42s/it]

  Shard 0 done: 250 images | clean=0.5440 | adv=0.0400
