  Using: NVIDIA H100 80GB HBM3

============================================================
  Dataset   : oxford-iiit-pet  [shard 1/4]
  Surrogate : metaclip_h14
  Norm      : L1  eps=75.0  (AA: 75.00000)
  Device    : cuda
============================================================
  [shard] Waiting for download lock...
Data already present at /home/m/mheuill/links/scratch/robustgenbench/data_processed.
  Shard indices: 0–249  (250 samples of 1000 total)

Loading MetaCLIP ViT-H/14 surrogate: ViT-H-14-quickgelu / metaclip_fullcc
  Encoding 37 class prompts...
setting parameters for standard version
shard0:   0%|          | 0/4 [00:00<?, ?it/s]using standard version including apgd-ce, apgd-t, fab-t, square.
initial accuracy: 93.75%
apgd-ce - 1/1 - 54 out of 60 successfully perturbed
robust accuracy after APGD-CE: 9.38% (total time 216.3 s)
apgd-t - 1/1 - 3 out of 6 successfully perturbed
robust accuracy after APGD-T: 4.69% (total time 279.9 s)
fab-t - 1/1 - 0 out of 3 successfully perturbed
robust accuracy after FAB-T: 4.69% (total time 400.3 s)
square - 1/1 - 1 out of 3 successfully perturbed
robust accuracy after SQUARE: 3.12% (total time 583.6 s)
Warning: Square Attack has decreased the robust accuracy of 1.56%. This might indicate that the robustness evaluation using AutoAttack is unreliable. Consider running Square Attack with more iterations and restarts or an adaptive attack. See flags_doc.md for details.
max L1 perturbation: 75.00101, nan in tensor: 0, max: 1.00000, min: 0.00000
robust accuracy: 3.12%
shard0:  25%|██▌       | 1/4 [09:50<29:30, 590.10s/it]using standard version including apgd-ce, apgd-t, fab-t, square.
initial accuracy: 95.31%
apgd-ce - 1/1 - 46 out of 61 successfully perturbed
robust accuracy after APGD-CE: 23.44% (total time 314.4 s)
apgd-t - 1/1 - 6 out of 15 successfully perturbed
robust accuracy after APGD-T: 14.06% (total time 445.4 s)
fab-t - 1/1 - 0 out of 9 successfully perturbed
robust accuracy after FAB-T: 14.06% (total time 764.6 s)
square - 1/1 - 0 out of 9 successfully perturbed
robust accuracy after SQUARE: 14.06% (total time 1238.3 s)
max L1 perturbation: 75.00141, nan in tensor: 0, max: 1.00000, min: 0.00000
robust accuracy: 14.06%
shard0:  50%|█████     | 2/4 [30:34<32:29, 974.84s/it]using standard version including apgd-ce, apgd-t, fab-t, square.
initial accuracy: 92.19%
apgd-ce - 1/1 - 49 out of 59 successfully perturbed
robust accuracy after APGD-CE: 15.62% (total time 248.7 s)
apgd-t - 1/1 - 5 out of 10 successfully perturbed
robust accuracy after APGD-T: 7.81% (total time 327.2 s)
fab-t - 1/1 - 0 out of 5 successfully perturbed
robust accuracy after FAB-T: 7.81% (total time 519.9 s)
square - 1/1 - 1 out of 5 successfully perturbed
robust accuracy after SQUARE: 6.25% (total time 780.7 s)
Warning: Square Attack has decreased the robust accuracy of 1.56%. This might indicate that the robustness evaluation using AutoAttack is unreliable. Consider running Square Attack with more iterations and restarts or an adaptive attack. See flags_doc.md for details.
max L1 perturbation: 75.00146, nan in tensor: 0, max: 1.00000, min: 0.00000
robust accuracy: 6.25%
shard0:  75%|███████▌  | 3/4 [43:40<14:48, 888.87s/it]using standard version including apgd-ce, apgd-t, fab-t, square.
initial accuracy: 98.28%
apgd-ce - 1/1 - 48 out of 57 successfully perturbed
robust accuracy after APGD-CE: 15.52% (total time 237.9 s)
apgd-t - 1/1 - 2 out of 9 successfully perturbed
robust accuracy after APGD-T: 12.07% (total time 333.9 s)
fab-t - 1/1 - 0 out of 7 successfully perturbed
robust accuracy after FAB-T: 12.07% (total time 601.3 s)
square - 1/1 - 0 out of 7 successfully perturbed
robust accuracy after SQUARE: 12.07% (total time 1001.9 s)
max L1 perturbation: 75.00091, nan in tensor: 0, max: 1.00000, min: 0.00000
robust accuracy: 12.07%
shard0: 100%|██████████| 4/4 [1:00:28<00:00, 935.69s/it]shard0: 100%|██████████| 4/4 [1:00:28<00:00, 907.08s/it]

  Shard 0 done: 250 images | clean=0.9480 | adv=0.0920
