  Using: NVIDIA H100 80GB HBM3

============================================================
  Dataset   : oxford-iiit-pet  [shard 2/4]
  Surrogate : metaclip_h14
  Norm      : L1  eps=75.0  (AA: 75.00000)
  Device    : cuda
============================================================
  [shard] Waiting for download lock...
Data already present at /home/m/mheuill/links/scratch/robustgenbench/data_processed.
  Shard indices: 250–499  (250 samples of 1000 total)

Loading MetaCLIP ViT-H/14 surrogate: ViT-H-14-quickgelu / metaclip_fullcc
  Encoding 37 class prompts...
setting parameters for standard version
shard1:   0%|          | 0/4 [00:00<?, ?it/s]using standard version including apgd-ce, apgd-t, fab-t, square.
initial accuracy: 98.44%
apgd-ce - 1/1 - 55 out of 63 successfully perturbed
robust accuracy after APGD-CE: 12.50% (total time 231.6 s)
apgd-t - 1/1 - 2 out of 8 successfully perturbed
robust accuracy after APGD-T: 9.38% (total time 311.6 s)
fab-t - 1/1 - 0 out of 6 successfully perturbed
robust accuracy after FAB-T: 9.38% (total time 521.1 s)
square - 1/1 - 0 out of 6 successfully perturbed
robust accuracy after SQUARE: 9.38% (total time 821.7 s)
max L1 perturbation: 75.00243, nan in tensor: 0, max: 1.00000, min: 0.00000
robust accuracy: 9.38%
shard1:  25%|██▌       | 1/4 [13:48<41:24, 828.32s/it]using standard version including apgd-ce, apgd-t, fab-t, square.
initial accuracy: 92.19%
apgd-ce - 1/1 - 50 out of 59 successfully perturbed
robust accuracy after APGD-CE: 14.06% (total time 264.5 s)
apgd-t - 1/1 - 2 out of 9 successfully perturbed
robust accuracy after APGD-T: 10.94% (total time 354.5 s)
fab-t - 1/1 - 0 out of 7 successfully perturbed
robust accuracy after FAB-T: 10.94% (total time 622.2 s)
square - 1/1 - 0 out of 7 successfully perturbed
robust accuracy after SQUARE: 10.94% (total time 1025.2 s)
max L1 perturbation: 75.00159, nan in tensor: 0, max: 1.00000, min: 0.00000
robust accuracy: 10.94%
shard1:  50%|█████     | 2/4 [30:59<31:35, 947.61s/it]using standard version including apgd-ce, apgd-t, fab-t, square.
initial accuracy: 98.44%
apgd-ce - 1/1 - 54 out of 63 successfully perturbed
robust accuracy after APGD-CE: 14.06% (total time 235.6 s)
apgd-t - 1/1 - 2 out of 9 successfully perturbed
robust accuracy after APGD-T: 10.94% (total time 325.1 s)
fab-t - 1/1 - 0 out of 7 successfully perturbed
robust accuracy after FAB-T: 10.94% (total time 589.5 s)
square - 1/1 - 1 out of 7 successfully perturbed
robust accuracy after SQUARE: 9.38% (total time 900.7 s)
Warning: Square Attack has decreased the robust accuracy of 1.56%. This might indicate that the robustness evaluation using AutoAttack is unreliable. Consider running Square Attack with more iterations and restarts or an adaptive attack. See flags_doc.md for details.
max L1 perturbation: 75.00145, nan in tensor: 0, max: 1.00000, min: 0.00000
robust accuracy: 9.38%
shard1:  75%|███████▌  | 3/4 [46:05<15:28, 928.86s/it]using standard version including apgd-ce, apgd-t, fab-t, square.
initial accuracy: 93.10%
apgd-ce - 1/1 - 50 out of 54 successfully perturbed
robust accuracy after APGD-CE: 6.90% (total time 195.1 s)
apgd-t - 1/1 - 1 out of 4 successfully perturbed
robust accuracy after APGD-T: 5.17% (total time 245.8 s)
fab-t - 1/1 - 0 out of 3 successfully perturbed
robust accuracy after FAB-T: 5.17% (total time 367.7 s)
square - 1/1 - 0 out of 3 successfully perturbed
robust accuracy after SQUARE: 5.17% (total time 557.5 s)
max L1 perturbation: 75.00127, nan in tensor: 0, max: 1.00000, min: 0.00000
robust accuracy: 5.17%
shard1: 100%|██████████| 4/4 [55:28<00:00, 784.42s/it]shard1: 100%|██████████| 4/4 [55:29<00:00, 832.26s/it]

  Shard 1 done: 250 images | clean=0.9560 | adv=0.0880
