  Using: NVIDIA H100 80GB HBM3

============================================================
  Dataset   : caltech101  [shard 3/4]
  Surrogate : metaclip_h14
  Norm      : L1  eps=75.0  (AA: 75.00000)
  Device    : cuda
============================================================
  [shard] Waiting for download lock...
Data already present at /home/m/mheuill/links/scratch/robustgenbench/data_processed.
  Shard indices: 500–749  (250 samples of 1000 total)

Loading MetaCLIP ViT-H/14 surrogate: ViT-H-14-quickgelu / metaclip_fullcc
  Encoding 101 class prompts...
setting parameters for standard version
shard2:   0%|          | 0/4 [00:00<?, ?it/s]using standard version including apgd-ce, apgd-t, fab-t, square.
initial accuracy: 89.06%
apgd-ce - 1/1 - 34 out of 57 successfully perturbed
robust accuracy after APGD-CE: 35.94% (total time 352.6 s)
apgd-t - 1/1 - 5 out of 23 successfully perturbed
robust accuracy after APGD-T: 28.12% (total time 563.6 s)
fab-t - 1/1 - 0 out of 18 successfully perturbed
robust accuracy after FAB-T: 28.12% (total time 1155.9 s)
square - 1/1 - 0 out of 18 successfully perturbed
robust accuracy after SQUARE: 28.12% (total time 1993.9 s)
max L1 perturbation: 75.00188, nan in tensor: 0, max: 1.00000, min: 0.00000
robust accuracy: 28.12%
shard2:  25%|██▌       | 1/4 [33:20<1:40:01, 2000.46s/it]using standard version including apgd-ce, apgd-t, fab-t, square.
initial accuracy: 90.62%
apgd-ce - 1/1 - 25 out of 58 successfully perturbed
robust accuracy after APGD-CE: 51.56% (total time 414.5 s)
apgd-t - 1/1 - 3 out of 33 successfully perturbed
robust accuracy after APGD-T: 46.88% (total time 731.7 s)
fab-t - 1/1 - 0 out of 30 successfully perturbed
robust accuracy after FAB-T: 46.88% (total time 1685.6 s)
square - 1/1 - 1 out of 30 successfully perturbed
robust accuracy after SQUARE: 45.31% (total time 2975.0 s)
Warning: Square Attack has decreased the robust accuracy of 1.56%. This might indicate that the robustness evaluation using AutoAttack is unreliable. Consider running Square Attack with more iterations and restarts or an adaptive attack. See flags_doc.md for details.
max L1 perturbation: 75.00119, nan in tensor: 0, max: 1.00000, min: 0.00000
robust accuracy: 45.31%
shard2:  50%|█████     | 2/4 [1:23:01<1:25:54, 2577.09s/it]using standard version including apgd-ce, apgd-t, fab-t, square.
initial accuracy: 85.94%
apgd-ce - 1/1 - 24 out of 55 successfully perturbed
robust accuracy after APGD-CE: 48.44% (total time 391.7 s)
apgd-t - 1/1 - 2 out of 31 successfully perturbed
robust accuracy after APGD-T: 45.31% (total time 699.5 s)
fab-t - 1/1 - 0 out of 29 successfully perturbed
robust accuracy after FAB-T: 45.31% (total time 1614.5 s)
square - 1/1 - 0 out of 29 successfully perturbed
robust accuracy after SQUARE: 45.31% (total time 2885.1 s)
max L1 perturbation: 75.00201, nan in tensor: 0, max: 1.00000, min: 0.00000
robust accuracy: 45.31%
shard2:  75%|███████▌  | 3/4 [2:11:12<45:20, 2720.37s/it]  using standard version including apgd-ce, apgd-t, fab-t, square.
initial accuracy: 86.21%
apgd-ce - 1/1 - 27 out of 50 successfully perturbed
robust accuracy after APGD-CE: 39.66% (total time 313.0 s)
apgd-t - 1/1 - 1 out of 23 successfully perturbed
robust accuracy after APGD-T: 37.93% (total time 544.9 s)
fab-t - 1/1 - 0 out of 22 successfully perturbed
robust accuracy after FAB-T: 37.93% (total time 1240.6 s)
square - 1/1 - 1 out of 22 successfully perturbed
robust accuracy after SQUARE: 36.21% (total time 2191.9 s)
Warning: Square Attack has decreased the robust accuracy of 1.72%. This might indicate that the robustness evaluation using AutoAttack is unreliable. Consider running Square Attack with more iterations and restarts or an adaptive attack. See flags_doc.md for details.
max L1 perturbation: 75.00102, nan in tensor: 0, max: 1.00000, min: 0.00000
robust accuracy: 36.21%
shard2: 100%|██████████| 4/4 [2:47:49<00:00, 2513.87s/it]shard2: 100%|██████████| 4/4 [2:47:49<00:00, 2517.36s/it]

  Shard 2 done: 250 images | clean=0.8800 | adv=0.3880
