  Using: NVIDIA H100 80GB HBM3

============================================================
  Dataset   : caltech101  [shard 3/4]
  Surrogate : metaclip_h14
  Norm      : L1  eps=75.0  (AA: 75.00000)
  Device    : cuda
============================================================
  [shard] Waiting for download lock...
Data already present at /home/m/mheuill/links/scratch/robustgenbench/data_processed.
  Shard indices: 500–749  (250 samples of 1000 total)

Loading MetaCLIP ViT-H/14 surrogate: ViT-H-14-quickgelu / metaclip_fullcc
  Encoding 101 class prompts...
setting parameters for standard version
shard2:   0%|          | 0/4 [00:00<?, ?it/s]using standard version including apgd-ce, apgd-t, fab-t, square.
initial accuracy: 89.06%
apgd-ce - 1/1 - 30 out of 57 successfully perturbed
robust accuracy after APGD-CE: 42.19% (total time 363.0 s)
apgd-t - 1/1 - 3 out of 27 successfully perturbed
robust accuracy after APGD-T: 37.50% (total time 614.1 s)
fab-t - 1/1 - 0 out of 24 successfully perturbed
robust accuracy after FAB-T: 37.50% (total time 1355.9 s)
square - 1/1 - 2 out of 24 successfully perturbed
robust accuracy after SQUARE: 34.38% (total time 2362.2 s)
Warning: Square Attack has decreased the robust accuracy of 3.12%. This might indicate that the robustness evaluation using AutoAttack is unreliable. Consider running Square Attack with more iterations and restarts or an adaptive attack. See flags_doc.md for details.
max L1 perturbation: 75.00166, nan in tensor: 0, max: 1.00000, min: 0.00000
robust accuracy: 34.38%
shard2:  25%|██▌       | 1/4 [39:28<1:58:26, 2368.67s/it]using standard version including apgd-ce, apgd-t, fab-t, square.
initial accuracy: 90.62%
apgd-ce - 1/1 - 24 out of 58 successfully perturbed
robust accuracy after APGD-CE: 53.12% (total time 422.5 s)
apgd-t - 1/1 - 2 out of 34 successfully perturbed
robust accuracy after APGD-T: 50.00% (total time 751.0 s)
fab-t - 1/1 - 0 out of 32 successfully perturbed
robust accuracy after FAB-T: 50.00% (total time 1749.3 s)
square - 1/1 - 3 out of 32 successfully perturbed
robust accuracy after SQUARE: 45.31% (total time 3053.7 s)
Warning: Square Attack has decreased the robust accuracy of 4.69%. This might indicate that the robustness evaluation using AutoAttack is unreliable. Consider running Square Attack with more iterations and restarts or an adaptive attack. See flags_doc.md for details.
max L1 perturbation: 75.00092, nan in tensor: 0, max: 1.00000, min: 0.00000
robust accuracy: 45.31%
shard2:  50%|█████     | 2/4 [1:30:28<1:32:30, 2775.03s/it]using standard version including apgd-ce, apgd-t, fab-t, square.
initial accuracy: 85.94%
apgd-ce - 1/1 - 27 out of 55 successfully perturbed
robust accuracy after APGD-CE: 43.75% (total time 384.6 s)
apgd-t - 1/1 - 3 out of 28 successfully perturbed
robust accuracy after APGD-T: 39.06% (total time 651.5 s)
fab-t - 1/1 - 0 out of 25 successfully perturbed
robust accuracy after FAB-T: 39.06% (total time 1406.4 s)
square - 1/1 - 0 out of 25 successfully perturbed
robust accuracy after SQUARE: 39.06% (total time 2430.5 s)
max L1 perturbation: 75.00155, nan in tensor: 0, max: 1.00000, min: 0.00000
robust accuracy: 39.06%
shard2:  75%|███████▌  | 3/4 [2:11:04<43:40, 2620.38s/it]  using standard version including apgd-ce, apgd-t, fab-t, square.
initial accuracy: 86.21%
apgd-ce - 1/1 - 33 out of 50 successfully perturbed
robust accuracy after APGD-CE: 29.31% (total time 284.2 s)
apgd-t - 1/1 - 2 out of 17 successfully perturbed
robust accuracy after APGD-T: 25.86% (total time 457.5 s)
