  Using: NVIDIA H100 80GB HBM3

============================================================
  Dataset   : stanford_cars  [shard 4/4]
  Surrogate : metaclip_h14
  Norm      : L1  eps=75.0  (AA: 75.00000)
  Device    : cuda
============================================================
  [shard] Waiting for download lock...
Data already present at /home/m/mheuill/links/scratch/robustgenbench/data_processed.
  Shard indices: 750–999  (250 samples of 1000 total)

Loading MetaCLIP ViT-H/14 surrogate: ViT-H-14-quickgelu / metaclip_fullcc
  Encoding 196 class prompts...
setting parameters for standard version
shard3:   0%|          | 0/4 [00:00<?, ?it/s]using standard version including apgd-ce, apgd-t, fab-t, square.
initial accuracy: 89.06%
apgd-ce - 1/1 - 45 out of 57 successfully perturbed
robust accuracy after APGD-CE: 18.75% (total time 266.4 s)
apgd-t - 1/1 - 4 out of 12 successfully perturbed
robust accuracy after APGD-T: 12.50% (total time 374.9 s)
fab-t - 1/1 - 0 out of 8 successfully perturbed
robust accuracy after FAB-T: 12.50% (total time 654.6 s)
square - 1/1 - 1 out of 8 successfully perturbed
robust accuracy after SQUARE: 10.94% (total time 1059.9 s)
Warning: Square Attack has decreased the robust accuracy of 1.56%. This might indicate that the robustness evaluation using AutoAttack is unreliable. Consider running Square Attack with more iterations and restarts or an adaptive attack. See flags_doc.md for details.
max L1 perturbation: 75.00058, nan in tensor: 0, max: 1.00000, min: 0.00000
robust accuracy: 10.94%
shard3:  25%|██▌       | 1/4 [17:46<53:19, 1066.62s/it]using standard version including apgd-ce, apgd-t, fab-t, square.
initial accuracy: 87.50%
apgd-ce - 1/1 - 42 out of 56 successfully perturbed
robust accuracy after APGD-CE: 21.88% (total time 293.3 s)
apgd-t - 1/1 - 3 out of 14 successfully perturbed
robust accuracy after APGD-T: 17.19% (total time 432.0 s)
fab-t - 1/1 - 0 out of 11 successfully perturbed
robust accuracy after FAB-T: 17.19% (total time 800.6 s)
square - 1/1 - 4 out of 11 successfully perturbed
robust accuracy after SQUARE: 10.94% (total time 1222.5 s)
Warning: Square Attack has decreased the robust accuracy of 6.25%. This might indicate that the robustness evaluation using AutoAttack is unreliable. Consider running Square Attack with more iterations and restarts or an adaptive attack. See flags_doc.md for details.
max L1 perturbation: 75.00113, nan in tensor: 0, max: 1.00000, min: 0.00000
robust accuracy: 10.94%
shard3:  50%|█████     | 2/4 [38:15<38:43, 1161.81s/it]using standard version including apgd-ce, apgd-t, fab-t, square.
initial accuracy: 87.50%
apgd-ce - 1/1 - 43 out of 56 successfully perturbed
robust accuracy after APGD-CE: 20.31% (total time 281.9 s)
apgd-t - 1/1 - 2 out of 13 successfully perturbed
robust accuracy after APGD-T: 17.19% (total time 406.9 s)
fab-t - 1/1 - 0 out of 11 successfully perturbed
robust accuracy after FAB-T: 17.19% (total time 774.0 s)
square - 1/1 - 3 out of 11 successfully perturbed
robust accuracy after SQUARE: 12.50% (total time 1215.4 s)
Warning: Square Attack has decreased the robust accuracy of 4.69%. This might indicate that the robustness evaluation using AutoAttack is unreliable. Consider running Square Attack with more iterations and restarts or an adaptive attack. See flags_doc.md for details.
max L1 perturbation: 75.00196, nan in tensor: 0, max: 1.00000, min: 0.00000
robust accuracy: 12.50%
shard3:  75%|███████▌  | 3/4 [58:36<19:49, 1189.00s/it]using standard version including apgd-ce, apgd-t, fab-t, square.
initial accuracy: 81.03%
apgd-ce - 1/1 - 36 out of 47 successfully perturbed
robust accuracy after APGD-CE: 18.97% (total time 235.1 s)
apgd-t - 1/1 - 2 out of 11 successfully perturbed
robust accuracy after APGD-T: 15.52% (total time 343.2 s)
fab-t - 1/1 - 0 out of 9 successfully perturbed
robust accuracy after FAB-T: 15.52% (total time 663.0 s)
square - 1/1 - 1 out of 9 successfully perturbed
robust accuracy after SQUARE: 13.79% (total time 1129.0 s)
Warning: Square Attack has decreased the robust accuracy of 1.72%. This might indicate that the robustness evaluation using AutoAttack is unreliable. Consider running Square Attack with more iterations and restarts or an adaptive attack. See flags_doc.md for details.
max L1 perturbation: 75.00105, nan in tensor: 0, max: 1.00000, min: 0.00000
robust accuracy: 13.79%
shard3: 100%|██████████| 4/4 [1:17:30<00:00, 1167.49s/it]shard3: 100%|██████████| 4/4 [1:17:31<00:00, 1162.75s/it]

  Shard 3 done: 250 images | clean=0.8640 | adv=0.1200
