  Using: NVIDIA H100 80GB HBM3

============================================================
  Dataset   : fgvc-aircraft-2013b  [shard 4/4]
  Surrogate : metaclip_h14
  Norm      : L1  eps=75.0  (AA: 75.00000)
  Device    : cuda
============================================================
  [shard] Waiting for download lock...
Data already present at /home/m/mheuill/links/scratch/robustgenbench/data_processed.
  Shard indices: 750–999  (250 samples of 1000 total)

Loading MetaCLIP ViT-H/14 surrogate: ViT-H-14-quickgelu / metaclip_fullcc
  Encoding 100 class prompts...
setting parameters for standard version
shard3:   0%|          | 0/4 [00:00<?, ?it/s]using standard version including apgd-ce, apgd-t, fab-t, square.
initial accuracy: 54.69%
apgd-ce - 1/1 - 30 out of 35 successfully perturbed
robust accuracy after APGD-CE: 7.81% (total time 141.0 s)
apgd-t - 1/1 - 2 out of 5 successfully perturbed
robust accuracy after APGD-T: 4.69% (total time 190.6 s)
fab-t - 1/1 - 0 out of 3 successfully perturbed
robust accuracy after FAB-T: 4.69% (total time 311.0 s)
square - 1/1 - 1 out of 3 successfully perturbed
robust accuracy after SQUARE: 3.12% (total time 491.3 s)
Warning: Square Attack has decreased the robust accuracy of 1.56%. This might indicate that the robustness evaluation using AutoAttack is unreliable. Consider running Square Attack with more iterations and restarts or an adaptive attack. See flags_doc.md for details.
max L1 perturbation: 75.00252, nan in tensor: 0, max: 1.00000, min: 0.00000
robust accuracy: 3.12%
shard3:  25%|██▌       | 1/4 [08:18<24:54, 498.29s/it]using standard version including apgd-ce, apgd-t, fab-t, square.
initial accuracy: 56.25%
apgd-ce - 1/1 - 31 out of 36 successfully perturbed
robust accuracy after APGD-CE: 7.81% (total time 151.2 s)
apgd-t - 1/1 - 0 out of 5 successfully perturbed
robust accuracy after APGD-T: 7.81% (total time 214.5 s)
fab-t - 1/1 - 0 out of 5 successfully perturbed
robust accuracy after FAB-T: 7.81% (total time 409.7 s)
square - 1/1 - 0 out of 5 successfully perturbed
robust accuracy after SQUARE: 7.81% (total time 707.2 s)
max L1 perturbation: 75.00156, nan in tensor: 0, max: 1.00000, min: 0.00000
robust accuracy: 7.81%
shard3:  50%|█████     | 2/4 [20:11<20:49, 624.92s/it]using standard version including apgd-ce, apgd-t, fab-t, square.
initial accuracy: 56.25%
apgd-ce - 1/1 - 29 out of 36 successfully perturbed
robust accuracy after APGD-CE: 10.94% (total time 157.6 s)
apgd-t - 1/1 - 2 out of 7 successfully perturbed
robust accuracy after APGD-T: 7.81% (total time 227.6 s)
fab-t - 1/1 - 0 out of 5 successfully perturbed
robust accuracy after FAB-T: 7.81% (total time 422.3 s)
square - 1/1 - 0 out of 5 successfully perturbed
robust accuracy after SQUARE: 7.81% (total time 720.4 s)
max L1 perturbation: 75.00150, nan in tensor: 0, max: 1.00000, min: 0.00000
robust accuracy: 7.81%
shard3:  75%|███████▌  | 3/4 [32:18<11:11, 671.42s/it]using standard version including apgd-ce, apgd-t, fab-t, square.
initial accuracy: 63.79%
apgd-ce - 1/1 - 34 out of 37 successfully perturbed
robust accuracy after APGD-CE: 5.17% (total time 142.9 s)
apgd-t - 1/1 - 2 out of 3 successfully perturbed
robust accuracy after APGD-T: 1.72% (total time 176.4 s)
fab-t - 1/1 - 0 out of 1 successfully perturbed
robust accuracy after FAB-T: 1.72% (total time 241.1 s)
square - 1/1 - 0 out of 1 successfully perturbed
robust accuracy after SQUARE: 1.72% (total time 364.4 s)
max L1 perturbation: 75.00170, nan in tensor: 0, max: 1.00000, min: 0.00000
robust accuracy: 1.72%
shard3: 100%|██████████| 4/4 [38:28<00:00, 552.52s/it]shard3: 100%|██████████| 4/4 [38:28<00:00, 577.23s/it]

  Shard 3 done: 250 images | clean=0.5760 | adv=0.0560
