  Using: NVIDIA H100 80GB HBM3

============================================================
  Dataset   : caltech101  [shard 4/4]
  Surrogate : metaclip_h14
  Norm      : L1  eps=75.0  (AA: 75.00000)
  Device    : cuda
============================================================
  [shard] Waiting for download lock...
Data already present at /home/m/mheuill/links/scratch/robustgenbench/data_processed.
  Shard indices: 750–999  (250 samples of 1000 total)

Loading MetaCLIP ViT-H/14 surrogate: ViT-H-14-quickgelu / metaclip_fullcc
  Encoding 101 class prompts...
setting parameters for standard version
shard3:   0%|          | 0/4 [00:00<?, ?it/s]using standard version including apgd-ce, apgd-t, fab-t, square.
initial accuracy: 93.75%
apgd-ce - 1/1 - 33 out of 60 successfully perturbed
robust accuracy after APGD-CE: 42.19% (total time 370.8 s)
apgd-t - 1/1 - 1 out of 27 successfully perturbed
robust accuracy after APGD-T: 40.62% (total time 649.8 s)
fab-t - 1/1 - 0 out of 26 successfully perturbed
robust accuracy after FAB-T: 40.62% (total time 1475.5 s)
square - 1/1 - 1 out of 26 successfully perturbed
robust accuracy after SQUARE: 39.06% (total time 2610.0 s)
Warning: Square Attack has decreased the robust accuracy of 1.56%. This might indicate that the robustness evaluation using AutoAttack is unreliable. Consider running Square Attack with more iterations and restarts or an adaptive attack. See flags_doc.md for details.
max L1 perturbation: 75.00104, nan in tensor: 0, max: 1.00000, min: 0.00000
robust accuracy: 39.06%
shard3:  25%|██▌       | 1/4 [43:36<2:10:49, 2616.53s/it]using standard version including apgd-ce, apgd-t, fab-t, square.
initial accuracy: 84.38%
apgd-ce - 1/1 - 26 out of 54 successfully perturbed
robust accuracy after APGD-CE: 43.75% (total time 364.7 s)
apgd-t - 1/1 - 5 out of 28 successfully perturbed
robust accuracy after APGD-T: 35.94% (total time 623.8 s)
fab-t - 1/1 - 0 out of 23 successfully perturbed
robust accuracy after FAB-T: 35.94% (total time 1351.7 s)
square - 1/1 - 2 out of 23 successfully perturbed
robust accuracy after SQUARE: 32.81% (total time 2305.6 s)
Warning: Square Attack has decreased the robust accuracy of 3.12%. This might indicate that the robustness evaluation using AutoAttack is unreliable. Consider running Square Attack with more iterations and restarts or an adaptive attack. See flags_doc.md for details.
max L1 perturbation: 75.00146, nan in tensor: 0, max: 1.00000, min: 0.00000
robust accuracy: 32.81%
shard3:  50%|█████     | 2/4 [1:22:08<1:21:14, 2437.12s/it]using standard version including apgd-ce, apgd-t, fab-t, square.
initial accuracy: 85.94%
apgd-ce - 1/1 - 28 out of 55 successfully perturbed
robust accuracy after APGD-CE: 42.19% (total time 377.0 s)
apgd-t - 1/1 - 4 out of 27 successfully perturbed
robust accuracy after APGD-T: 35.94% (total time 625.8 s)
fab-t - 1/1 - 0 out of 23 successfully perturbed
robust accuracy after FAB-T: 35.94% (total time 1356.1 s)
square - 1/1 - 2 out of 23 successfully perturbed
robust accuracy after SQUARE: 32.81% (total time 2316.0 s)
Warning: Square Attack has decreased the robust accuracy of 3.12%. This might indicate that the robustness evaluation using AutoAttack is unreliable. Consider running Square Attack with more iterations and restarts or an adaptive attack. See flags_doc.md for details.
max L1 perturbation: 75.00092, nan in tensor: 0, max: 1.00000, min: 0.00000
robust accuracy: 32.81%
shard3:  75%|███████▌  | 3/4 [2:00:49<39:44, 2384.51s/it]  using standard version including apgd-ce, apgd-t, fab-t, square.
initial accuracy: 79.31%
apgd-ce - 1/1 - 22 out of 46 successfully perturbed
robust accuracy after APGD-CE: 41.38% (total time 308.3 s)
apgd-t - 1/1 - 2 out of 24 successfully perturbed
robust accuracy after APGD-T: 37.93% (total time 546.8 s)
fab-t - 1/1 - 0 out of 22 successfully perturbed
robust accuracy after FAB-T: 37.93% (total time 1242.3 s)
