  Using: NVIDIA H100 80GB HBM3

============================================================
  Dataset   : caltech101  [shard 2/4]
  Surrogate : metaclip_h14
  Norm      : L1  eps=75.0  (AA: 75.00000)
  Device    : cuda
============================================================
  [shard] Waiting for download lock...
Data already present at /home/m/mheuill/links/scratch/robustgenbench/data_processed.
  Shard indices: 250–499  (250 samples of 1000 total)

Loading MetaCLIP ViT-H/14 surrogate: ViT-H-14-quickgelu / metaclip_fullcc
  Encoding 101 class prompts...
setting parameters for standard version
shard1:   0%|          | 0/4 [00:00<?, ?it/s]using standard version including apgd-ce, apgd-t, fab-t, square.
initial accuracy: 90.62%
apgd-ce - 1/1 - 23 out of 58 successfully perturbed
robust accuracy after APGD-CE: 54.69% (total time 434.6 s)
apgd-t - 1/1 - 3 out of 35 successfully perturbed
robust accuracy after APGD-T: 50.00% (total time 768.5 s)
fab-t - 1/1 - 0 out of 32 successfully perturbed
robust accuracy after FAB-T: 50.00% (total time 1766.1 s)
square - 1/1 - 2 out of 32 successfully perturbed
robust accuracy after SQUARE: 46.88% (total time 3091.2 s)
Warning: Square Attack has decreased the robust accuracy of 3.12%. This might indicate that the robustness evaluation using AutoAttack is unreliable. Consider running Square Attack with more iterations and restarts or an adaptive attack. See flags_doc.md for details.
max L1 perturbation: 75.00110, nan in tensor: 0, max: 1.00000, min: 0.00000
robust accuracy: 46.88%
shard1:  25%|██▌       | 1/4 [51:37<2:34:52, 3097.58s/it]using standard version including apgd-ce, apgd-t, fab-t, square.
initial accuracy: 89.06%
apgd-ce - 1/1 - 23 out of 57 successfully perturbed
robust accuracy after APGD-CE: 53.12% (total time 406.7 s)
apgd-t - 1/1 - 2 out of 34 successfully perturbed
robust accuracy after APGD-T: 50.00% (total time 734.7 s)
fab-t - 1/1 - 0 out of 32 successfully perturbed
robust accuracy after FAB-T: 50.00% (total time 1732.7 s)
square - 1/1 - 2 out of 32 successfully perturbed
robust accuracy after SQUARE: 46.88% (total time 3069.0 s)
Warning: Square Attack has decreased the robust accuracy of 3.12%. This might indicate that the robustness evaluation using AutoAttack is unreliable. Consider running Square Attack with more iterations and restarts or an adaptive attack. See flags_doc.md for details.
max L1 perturbation: 75.00124, nan in tensor: 0, max: 1.00000, min: 0.00000
robust accuracy: 46.88%
shard1:  50%|█████     | 2/4 [1:42:52<1:42:48, 3084.09s/it]using standard version including apgd-ce, apgd-t, fab-t, square.
initial accuracy: 85.94%
apgd-ce - 1/1 - 30 out of 55 successfully perturbed
robust accuracy after APGD-CE: 39.06% (total time 348.1 s)
apgd-t - 1/1 - 4 out of 25 successfully perturbed
robust accuracy after APGD-T: 32.81% (total time 585.8 s)
fab-t - 1/1 - 0 out of 21 successfully perturbed
robust accuracy after FAB-T: 32.81% (total time 1258.0 s)
square - 1/1 - 0 out of 21 successfully perturbed
robust accuracy after SQUARE: 32.81% (total time 2183.8 s)
max L1 perturbation: 75.00069, nan in tensor: 0, max: 1.00000, min: 0.00000
robust accuracy: 32.81%
shard1:  75%|███████▌  | 3/4 [2:19:21<44:35, 2675.62s/it]  using standard version including apgd-ce, apgd-t, fab-t, square.
initial accuracy: 93.10%
apgd-ce - 1/1 - 32 out of 54 successfully perturbed
robust accuracy after APGD-CE: 37.93% (total time 329.8 s)
apgd-t - 1/1 - 1 out of 22 successfully perturbed
robust accuracy after APGD-T: 36.21% (total time 550.5 s)
fab-t - 1/1 - 0 out of 21 successfully perturbed
robust accuracy after FAB-T: 36.21% (total time 1222.7 s)
square - 1/1 - 1 out of 21 successfully perturbed
robust accuracy after SQUARE: 34.48% (total time 2150.9 s)
Warning: Square Attack has decreased the robust accuracy of 1.72%. This might indicate that the robustness evaluation using AutoAttack is unreliable. Consider running Square Attack with more iterations and restarts or an adaptive attack. See flags_doc.md for details.
max L1 perturbation: 75.00150, nan in tensor: 0, max: 1.00000, min: 0.00000
robust accuracy: 34.48%
shard1: 100%|██████████| 4/4 [2:55:18<00:00, 2470.59s/it]shard1: 100%|██████████| 4/4 [2:55:18<00:00, 2629.53s/it]

  Shard 1 done: 250 images | clean=0.8960 | adv=0.4040
