  Using: NVIDIA H100 80GB HBM3

============================================================
  Dataset   : caltech101  [shard 4/4]
  Surrogate : metaclip_h14
  Norm      : L1  eps=75.0  (AA: 75.00000)
  Device    : cuda
============================================================
  [shard] Waiting for download lock...
Data already present at /home/m/mheuill/links/scratch/robustgenbench/data_processed.
  Shard indices: 750–999  (250 samples of 1000 total)

Loading MetaCLIP ViT-H/14 surrogate: ViT-H-14-quickgelu / metaclip_fullcc
  Encoding 101 class prompts...
setting parameters for standard version
shard3:   0%|          | 0/4 [00:00<?, ?it/s]using standard version including apgd-ce, apgd-t, fab-t, square.
initial accuracy: 93.75%
apgd-ce - 1/1 - 30 out of 60 successfully perturbed
robust accuracy after APGD-CE: 46.88% (total time 406.0 s)
apgd-t - 1/1 - 2 out of 30 successfully perturbed
robust accuracy after APGD-T: 43.75% (total time 702.0 s)
fab-t - 1/1 - 0 out of 28 successfully perturbed
robust accuracy after FAB-T: 43.75% (total time 1602.1 s)
square - 1/1 - 2 out of 28 successfully perturbed
robust accuracy after SQUARE: 40.62% (total time 2819.1 s)
Warning: Square Attack has decreased the robust accuracy of 3.12%. This might indicate that the robustness evaluation using AutoAttack is unreliable. Consider running Square Attack with more iterations and restarts or an adaptive attack. See flags_doc.md for details.
max L1 perturbation: 75.00151, nan in tensor: 0, max: 1.00000, min: 0.00000
robust accuracy: 40.62%
shard3:  25%|██▌       | 1/4 [47:05<2:21:16, 2825.61s/it]using standard version including apgd-ce, apgd-t, fab-t, square.
initial accuracy: 84.38%
apgd-ce - 1/1 - 25 out of 54 successfully perturbed
robust accuracy after APGD-CE: 45.31% (total time 361.2 s)
apgd-t - 1/1 - 5 out of 29 successfully perturbed
robust accuracy after APGD-T: 37.50% (total time 628.5 s)
fab-t - 1/1 - 0 out of 24 successfully perturbed
robust accuracy after FAB-T: 37.50% (total time 1373.6 s)
square - 1/1 - 1 out of 24 successfully perturbed
robust accuracy after SQUARE: 35.94% (total time 2381.2 s)
Warning: Square Attack has decreased the robust accuracy of 1.56%. This might indicate that the robustness evaluation using AutoAttack is unreliable. Consider running Square Attack with more iterations and restarts or an adaptive attack. See flags_doc.md for details.
max L1 perturbation: 75.00101, nan in tensor: 0, max: 1.00000, min: 0.00000
robust accuracy: 35.94%
shard3:  50%|█████     | 2/4 [1:26:52<1:25:35, 2567.64s/it]using standard version including apgd-ce, apgd-t, fab-t, square.
initial accuracy: 85.94%
apgd-ce - 1/1 - 25 out of 55 successfully perturbed
robust accuracy after APGD-CE: 46.88% (total time 378.2 s)
apgd-t - 1/1 - 2 out of 30 successfully perturbed
robust accuracy after APGD-T: 43.75% (total time 672.9 s)
fab-t - 1/1 - 0 out of 28 successfully perturbed
robust accuracy after FAB-T: 43.75% (total time 1572.9 s)
square - 1/1 - 1 out of 28 successfully perturbed
robust accuracy after SQUARE: 42.19% (total time 2830.1 s)
Warning: Square Attack has decreased the robust accuracy of 1.56%. This might indicate that the robustness evaluation using AutoAttack is unreliable. Consider running Square Attack with more iterations and restarts or an adaptive attack. See flags_doc.md for details.
max L1 perturbation: 75.00115, nan in tensor: 0, max: 1.00000, min: 0.00000
robust accuracy: 42.19%
shard3:  75%|███████▌  | 3/4 [2:14:08<44:50, 2690.15s/it]  using standard version including apgd-ce, apgd-t, fab-t, square.
initial accuracy: 79.31%
apgd-ce - 1/1 - 21 out of 46 successfully perturbed
robust accuracy after APGD-CE: 43.10% (total time 326.5 s)
apgd-t - 1/1 - 3 out of 25 successfully perturbed
robust accuracy after APGD-T: 37.93% (total time 563.0 s)
fab-t - 1/1 - 0 out of 22 successfully perturbed
robust accuracy after FAB-T: 37.93% (total time 1260.7 s)
square - 1/1 - 1 out of 22 successfully perturbed
robust accuracy after SQUARE: 36.21% (total time 2198.7 s)
Warning: Square Attack has decreased the robust accuracy of 1.72%. This might indicate that the robustness evaluation using AutoAttack is unreliable. Consider running Square Attack with more iterations and restarts or an adaptive attack. See flags_doc.md for details.
max L1 perturbation: 75.00117, nan in tensor: 0, max: 1.00000, min: 0.00000
robust accuracy: 36.21%
shard3: 100%|██████████| 4/4 [2:50:52<00:00, 2498.29s/it]shard3: 100%|██████████| 4/4 [2:50:52<00:00, 2563.21s/it]

  Shard 3 done: 250 images | clean=0.8600 | adv=0.3880
