  Using: NVIDIA H100 80GB HBM3

============================================================
  Dataset   : caltech101  [shard 1/4]
  Surrogate : metaclip_h14
  Norm      : L1  eps=75.0  (AA: 75.00000)
  Device    : cuda
============================================================
  [shard] Waiting for download lock...
Data already present at /home/m/mheuill/links/scratch/robustgenbench/data_processed.
  Shard indices: 0–249  (250 samples of 1000 total)

Loading MetaCLIP ViT-H/14 surrogate: ViT-H-14-quickgelu / metaclip_fullcc
  Encoding 101 class prompts...
setting parameters for standard version
shard0:   0%|          | 0/4 [00:00<?, ?it/s]using standard version including apgd-ce, apgd-t, fab-t, square.
initial accuracy: 95.31%
apgd-ce - 1/1 - 32 out of 61 successfully perturbed
robust accuracy after APGD-CE: 45.31% (total time 413.8 s)
apgd-t - 1/1 - 3 out of 29 successfully perturbed
robust accuracy after APGD-T: 40.62% (total time 689.8 s)
fab-t - 1/1 - 0 out of 26 successfully perturbed
robust accuracy after FAB-T: 40.62% (total time 1515.0 s)
square - 1/1 - 0 out of 26 successfully perturbed
robust accuracy after SQUARE: 40.62% (total time 2655.2 s)
max L1 perturbation: 75.00093, nan in tensor: 0, max: 1.00000, min: 0.00000
robust accuracy: 40.62%
shard0:  25%|██▌       | 1/4 [44:21<2:13:04, 2661.62s/it]using standard version including apgd-ce, apgd-t, fab-t, square.
initial accuracy: 90.62%
apgd-ce - 1/1 - 29 out of 58 successfully perturbed
robust accuracy after APGD-CE: 45.31% (total time 389.5 s)
apgd-t - 1/1 - 2 out of 29 successfully perturbed
robust accuracy after APGD-T: 42.19% (total time 683.4 s)
fab-t - 1/1 - 0 out of 27 successfully perturbed
robust accuracy after FAB-T: 42.19% (total time 1570.9 s)
square - 1/1 - 0 out of 27 successfully perturbed
robust accuracy after SQUARE: 42.19% (total time 2824.7 s)
max L1 perturbation: 75.00166, nan in tensor: 0, max: 1.00000, min: 0.00000
robust accuracy: 42.19%
shard0:  50%|█████     | 2/4 [1:31:32<1:32:01, 2760.97s/it]using standard version including apgd-ce, apgd-t, fab-t, square.
initial accuracy: 93.75%
apgd-ce - 1/1 - 28 out of 60 successfully perturbed
robust accuracy after APGD-CE: 50.00% (total time 406.2 s)
apgd-t - 1/1 - 3 out of 32 successfully perturbed
robust accuracy after APGD-T: 45.31% (total time 718.3 s)
fab-t - 1/1 - 0 out of 29 successfully perturbed
robust accuracy after FAB-T: 45.31% (total time 1633.0 s)
square - 1/1 - 3 out of 29 successfully perturbed
robust accuracy after SQUARE: 40.62% (total time 2871.0 s)
Warning: Square Attack has decreased the robust accuracy of 4.69%. This might indicate that the robustness evaluation using AutoAttack is unreliable. Consider running Square Attack with more iterations and restarts or an adaptive attack. See flags_doc.md for details.
max L1 perturbation: 75.00095, nan in tensor: 0, max: 1.00000, min: 0.00000
robust accuracy: 40.62%
shard0:  75%|███████▌  | 3/4 [2:19:28<46:53, 2813.85s/it]  using standard version including apgd-ce, apgd-t, fab-t, square.
initial accuracy: 89.66%
apgd-ce - 1/1 - 28 out of 52 successfully perturbed
robust accuracy after APGD-CE: 41.38% (total time 334.3 s)
apgd-t - 1/1 - 2 out of 24 successfully perturbed
robust accuracy after APGD-T: 37.93% (total time 570.4 s)
fab-t - 1/1 - 0 out of 22 successfully perturbed
robust accuracy after FAB-T: 37.93% (total time 1268.7 s)
