  Using: NVIDIA H100 80GB HBM3

============================================================
  Dataset   : caltech101  [shard 1/4]
  Surrogate : metaclip_h14
  Norm      : L2  eps=2.0  (AA: 2.00000)
  Device    : cuda
============================================================
  [shard] Waiting for download lock...
Data already present at /home/m/mheuill/links/scratch/robustgenbench/data_processed.
  Shard indices: 0–249  (250 samples of 1000 total)

Loading MetaCLIP ViT-H/14 surrogate: ViT-H-14-quickgelu / metaclip_fullcc
  Encoding 101 class prompts...
setting parameters for standard version
shard0:   0%|          | 0/4 [00:00<?, ?it/s]using standard version including apgd-ce, apgd-t, fab-t, square.
initial accuracy: 95.31%
apgd-ce - 1/1 - 61 out of 61 successfully perturbed
robust accuracy after APGD-CE: 0.00% (total time 115.1 s)
max L2 perturbation: 2.00000, nan in tensor: 0, max: 1.00000, min: 0.00000
robust accuracy: 0.00%
shard0:  25%|██▌       | 1/4 [02:01<06:05, 121.77s/it]using standard version including apgd-ce, apgd-t, fab-t, square.
initial accuracy: 90.62%
apgd-ce - 1/1 - 58 out of 58 successfully perturbed
robust accuracy after APGD-CE: 0.00% (total time 110.5 s)
max L2 perturbation: 2.00000, nan in tensor: 0, max: 1.00000, min: 0.00000
robust accuracy: 0.00%
shard0:  50%|█████     | 2/4 [03:58<03:57, 118.74s/it]using standard version including apgd-ce, apgd-t, fab-t, square.
initial accuracy: 93.75%
apgd-ce - 1/1 - 60 out of 60 successfully perturbed
robust accuracy after APGD-CE: 0.00% (total time 114.0 s)
max L2 perturbation: 2.00000, nan in tensor: 0, max: 1.00000, min: 0.00000
robust accuracy: 0.00%
shard0:  75%|███████▌  | 3/4 [05:58<01:59, 119.38s/it]using standard version including apgd-ce, apgd-t, fab-t, square.
initial accuracy: 89.66%
apgd-ce - 1/1 - 52 out of 52 successfully perturbed
robust accuracy after APGD-CE: 0.00% (total time 96.2 s)
max L2 perturbation: 2.00000, nan in tensor: 0, max: 1.00000, min: 0.00000
robust accuracy: 0.00%
shard0: 100%|██████████| 4/4 [07:40<00:00, 112.47s/it]shard0: 100%|██████████| 4/4 [07:40<00:00, 115.12s/it]

  Shard 0 done: 250 images | clean=0.9240 | adv=0.0000
