  Using: NVIDIA H100 80GB HBM3

============================================================
  Dataset   : fgvc-aircraft-2013b  [shard 4/4]
  Surrogate : metaclip_h14
  Norm      : L2  eps=2.0  (AA: 2.00000)
  Device    : cuda
============================================================
  [shard] Waiting for download lock...
Data already present at /home/m/mheuill/links/scratch/robustgenbench/data_processed.
  Shard indices: 750–999  (250 samples of 1000 total)

Loading MetaCLIP ViT-H/14 surrogate: ViT-H-14-quickgelu / metaclip_fullcc
  Encoding 100 class prompts...
setting parameters for standard version
shard3:   0%|          | 0/4 [00:00<?, ?it/s]using standard version including apgd-ce, apgd-t, fab-t, square.
initial accuracy: 54.69%
apgd-ce - 1/1 - 35 out of 35 successfully perturbed
robust accuracy after APGD-CE: 0.00% (total time 67.4 s)
max L2 perturbation: 2.00000, nan in tensor: 0, max: 1.00000, min: 0.00000
robust accuracy: 0.00%
shard3:  25%|██▌       | 1/4 [01:14<03:43, 74.34s/it]using standard version including apgd-ce, apgd-t, fab-t, square.
initial accuracy: 56.25%
apgd-ce - 1/1 - 36 out of 36 successfully perturbed
robust accuracy after APGD-CE: 0.00% (total time 69.2 s)
max L2 perturbation: 2.00000, nan in tensor: 0, max: 1.00000, min: 0.00000
robust accuracy: 0.00%
shard3:  50%|█████     | 2/4 [02:29<02:29, 75.00s/it]using standard version including apgd-ce, apgd-t, fab-t, square.
initial accuracy: 56.25%
apgd-ce - 1/1 - 36 out of 36 successfully perturbed
robust accuracy after APGD-CE: 0.00% (total time 69.2 s)
max L2 perturbation: 2.00000, nan in tensor: 0, max: 1.00000, min: 0.00000
robust accuracy: 0.00%
shard3:  75%|███████▌  | 3/4 [03:45<01:15, 75.24s/it]using standard version including apgd-ce, apgd-t, fab-t, square.
initial accuracy: 63.79%
apgd-ce - 1/1 - 37 out of 37 successfully perturbed
robust accuracy after APGD-CE: 0.00% (total time 70.0 s)
max L2 perturbation: 2.00000, nan in tensor: 0, max: 1.00000, min: 0.00000
robust accuracy: 0.00%
shard3: 100%|██████████| 4/4 [05:01<00:00, 75.51s/it]shard3: 100%|██████████| 4/4 [05:01<00:00, 75.33s/it]

  Shard 3 done: 250 images | clean=0.5760 | adv=0.0000
