  Using: NVIDIA H100 80GB HBM3

============================================================
  Dataset   : fgvc-aircraft-2013b  [shard 4/4]
  Surrogate : metaclip_h14
  Norm      : Linf  eps=30.0  (AA: 0.11765)
  Device    : cuda
============================================================
  [shard] Waiting for download lock...
Data already present at /home/m/mheuill/links/scratch/robustgenbench/data_processed.
  Shard indices: 750–999  (250 samples of 1000 total)

Loading MetaCLIP ViT-H/14 surrogate: ViT-H-14-quickgelu / metaclip_fullcc
  Encoding 100 class prompts...
setting parameters for standard version
shard3:   0%|          | 0/4 [00:00<?, ?it/s]using standard version including apgd-ce, apgd-t, fab-t, square.
initial accuracy: 54.69%
apgd-ce - 1/1 - 35 out of 35 successfully perturbed
robust accuracy after APGD-CE: 0.00% (total time 67.4 s)
max Linf perturbation: 0.11765, nan in tensor: 0, max: 1.00000, min: 0.00000
robust accuracy: 0.00%
shard3:  25%|██▌       | 1/4 [01:13<03:41, 73.78s/it]using standard version including apgd-ce, apgd-t, fab-t, square.
initial accuracy: 56.25%
apgd-ce - 1/1 - 36 out of 36 successfully perturbed
robust accuracy after APGD-CE: 0.00% (total time 69.1 s)
max Linf perturbation: 0.11765, nan in tensor: 0, max: 1.00000, min: 0.00000
robust accuracy: 0.00%
shard3:  50%|█████     | 2/4 [02:28<02:28, 74.41s/it]using standard version including apgd-ce, apgd-t, fab-t, square.
initial accuracy: 56.25%
apgd-ce - 1/1 - 36 out of 36 successfully perturbed
robust accuracy after APGD-CE: 0.00% (total time 69.1 s)
max Linf perturbation: 0.11765, nan in tensor: 0, max: 1.00000, min: 0.00000
robust accuracy: 0.00%
shard3:  75%|███████▌  | 3/4 [03:43<01:14, 74.60s/it]using standard version including apgd-ce, apgd-t, fab-t, square.
initial accuracy: 63.79%
apgd-ce - 1/1 - 37 out of 37 successfully perturbed
robust accuracy after APGD-CE: 0.00% (total time 70.0 s)
max Linf perturbation: 0.11765, nan in tensor: 0, max: 1.00000, min: 0.00000
robust accuracy: 0.00%
shard3: 100%|██████████| 4/4 [04:58<00:00, 74.85s/it]shard3: 100%|██████████| 4/4 [04:58<00:00, 74.69s/it]

  Shard 3 done: 250 images | clean=0.5760 | adv=0.0000
