  Using: NVIDIA H100 80GB HBM3

============================================================
  Dataset   : fgvc-aircraft-2013b  [shard 3/4]
  Surrogate : metaclip_h14
  Norm      : Linf  eps=4.0  (AA: 0.01569)
  Device    : cuda
============================================================
  [shard] Waiting for download lock...
Data already present at /home/m/mheuill/links/scratch/robustgenbench/data_processed.
  Shard indices: 500–749  (250 samples of 1000 total)

Loading MetaCLIP ViT-H/14 surrogate: ViT-H-14-quickgelu / metaclip_fullcc
  Encoding 100 class prompts...
setting parameters for standard version
shard2:   0%|          | 0/4 [00:00<?, ?it/s]using standard version including apgd-ce, apgd-t, fab-t, square.
initial accuracy: 64.06%
apgd-ce - 1/1 - 41 out of 41 successfully perturbed
robust accuracy after APGD-CE: 0.00% (total time 80.8 s)
max Linf perturbation: 0.01569, nan in tensor: 0, max: 1.00000, min: 0.00000
robust accuracy: 0.00%
shard2:  25%|██▌       | 1/4 [01:27<04:22, 87.35s/it]using standard version including apgd-ce, apgd-t, fab-t, square.
initial accuracy: 53.12%
apgd-ce - 1/1 - 34 out of 34 successfully perturbed
robust accuracy after APGD-CE: 0.00% (total time 66.0 s)
max Linf perturbation: 0.01569, nan in tensor: 0, max: 1.00000, min: 0.00000
robust accuracy: 0.00%
shard2:  50%|█████     | 2/4 [02:39<02:36, 78.31s/it]using standard version including apgd-ce, apgd-t, fab-t, square.
initial accuracy: 48.44%
apgd-ce - 1/1 - 31 out of 31 successfully perturbed
robust accuracy after APGD-CE: 0.00% (total time 61.3 s)
max Linf perturbation: 0.01569, nan in tensor: 0, max: 1.00000, min: 0.00000
robust accuracy: 0.00%
shard2:  75%|███████▌  | 3/4 [03:46<01:13, 73.31s/it]using standard version including apgd-ce, apgd-t, fab-t, square.
initial accuracy: 41.38%
apgd-ce - 1/1 - 24 out of 24 successfully perturbed
robust accuracy after APGD-CE: 0.00% (total time 46.5 s)
max Linf perturbation: 0.01569, nan in tensor: 0, max: 1.00000, min: 0.00000
robust accuracy: 0.00%
shard2: 100%|██████████| 4/4 [04:38<00:00, 64.95s/it]shard2: 100%|██████████| 4/4 [04:38<00:00, 69.72s/it]

  Shard 2 done: 250 images | clean=0.5200 | adv=0.0000
