  Using: NVIDIA H100 80GB HBM3

============================================================
  Dataset   : fgvc-aircraft-2013b  [shard 1/4]
  Surrogate : metaclip_h14
  Norm      : Linf  eps=30.0  (AA: 0.11765)
  Device    : cuda
============================================================
  [shard] Waiting for download lock...
Data already present at /home/m/mheuill/links/scratch/robustgenbench/data_processed.
  Shard indices: 0–249  (250 samples of 1000 total)

Loading MetaCLIP ViT-H/14 surrogate: ViT-H-14-quickgelu / metaclip_fullcc
  Encoding 100 class prompts...
setting parameters for standard version
shard0:   0%|          | 0/4 [00:00<?, ?it/s]using standard version including apgd-ce, apgd-t, fab-t, square.
initial accuracy: 56.25%
apgd-ce - 1/1 - 36 out of 36 successfully perturbed
robust accuracy after APGD-CE: 0.00% (total time 69.3 s)
max Linf perturbation: 0.11765, nan in tensor: 0, max: 1.00000, min: 0.00000
robust accuracy: 0.00%
shard0:  25%|██▌       | 1/4 [01:15<03:46, 75.62s/it]using standard version including apgd-ce, apgd-t, fab-t, square.
initial accuracy: 65.62%
apgd-ce - 1/1 - 42 out of 42 successfully perturbed
robust accuracy after APGD-CE: 0.00% (total time 81.5 s)
max Linf perturbation: 0.11765, nan in tensor: 0, max: 1.00000, min: 0.00000
robust accuracy: 0.00%
shard0:  50%|█████     | 2/4 [02:42<02:44, 82.37s/it]using standard version including apgd-ce, apgd-t, fab-t, square.
initial accuracy: 40.62%
apgd-ce - 1/1 - 26 out of 26 successfully perturbed
robust accuracy after APGD-CE: 0.00% (total time 51.7 s)
max Linf perturbation: 0.11765, nan in tensor: 0, max: 1.00000, min: 0.00000
robust accuracy: 0.00%
shard0:  75%|███████▌  | 3/4 [03:40<01:11, 71.02s/it]using standard version including apgd-ce, apgd-t, fab-t, square.
initial accuracy: 55.17%
apgd-ce - 1/1 - 32 out of 32 successfully perturbed
robust accuracy after APGD-CE: 0.00% (total time 62.4 s)
max Linf perturbation: 0.11765, nan in tensor: 0, max: 1.00000, min: 0.00000
robust accuracy: 0.00%
shard0: 100%|██████████| 4/4 [04:47<00:00, 69.68s/it]shard0: 100%|██████████| 4/4 [04:47<00:00, 71.97s/it]

  Shard 0 done: 250 images | clean=0.5440 | adv=0.0000
