  Merging 4 shards → caltech101__zeroshot_metaclip_vith14_fullcc2_5b__linf_eps30_autoattack_standard
  Merged 1000 images | clean=0.8900 | adv=0.0000
  Packaging 1000 images → caltech101__zeroshot_metaclip_vith14_fullcc2_5b__linf_eps30_autoattack_standard_processed.tar.zst
  Compressing:   0%|          | 0/1000 [00:00<?, ?it/s]  Compressing:  34%|███▍      | 340/1000 [00:00<00:00, 3397.15it/s]  Compressing:  69%|██████▉   | 694/1000 [00:00<00:00, 3479.74it/s]                                                                     ✓ caltech101__zeroshot_metaclip_vith14_fullcc2_5b__linf_eps30_autoattack_standard_processed.tar.zst (120.0 MB)
  Uploading → MaxHeuillet/RobustGenBench/adversarial/zeroshot_metaclip_vith14_fullcc2_5b/linf_eps30_autoattack_standard/caltech101__zeroshot_metaclip_vith14_fullcc2_5b__linf_eps30_autoattack_standard_processed.tar.zst
Traceback (most recent call last):
  File "/tmp/myenv_reprod/lib/python3.11/site-packages/huggingface_hub/utils/_http.py", line 761, in hf_raise_for_status
    response.raise_for_status()
  File "/tmp/myenv_reprod/lib/python3.11/site-packages/httpx/_models.py", line 829, in raise_for_status
    raise HTTPStatusError(message, request=request, response=self)
httpx.HTTPStatusError: Client error '401 Unauthorized' for url 'https://huggingface.co/api/datasets/MaxHeuillet/RobustGenBench/preupload/main'
For more information check: https://developer.mozilla.org/en-US/docs/Web/HTTP/Status/401

The above exception was the direct cause of the following exception:

Traceback (most recent call last):
  File "/project/6102313/mheuill/robust_training/craft_shard.py", line 251, in <module>
    main()
  File "/project/6102313/mheuill/robust_training/craft_shard.py", line 242, in main
    merge_shards(args)
  File "/project/6102313/mheuill/robust_training/craft_shard.py", line 221, in merge_shards
    upload_to_hf(archive_path, args.surrogate, norm, eps)
  File "/project/6102313/mheuill/robust_training/craft_adversarial.py", line 560, in upload_to_hf
    api.upload_file(
  File "/tmp/myenv_reprod/lib/python3.11/site-packages/huggingface_hub/utils/_validators.py", line 88, in _inner_fn
    return fn(*args, **kwargs)
           ^^^^^^^^^^^^^^^^^^^
  File "/tmp/myenv_reprod/lib/python3.11/site-packages/huggingface_hub/hf_api.py", line 1932, in _inner
    return fn(self, *args, **kwargs)
           ^^^^^^^^^^^^^^^^^^^^^^^^^
  File "/tmp/myenv_reprod/lib/python3.11/site-packages/huggingface_hub/hf_api.py", line 5133, in upload_file
    return self.create_commit(
           ^^^^^^^^^^^^^^^^^^^
  File "/tmp/myenv_reprod/lib/python3.11/site-packages/huggingface_hub/utils/_validators.py", line 88, in _inner_fn
    return fn(*args, **kwargs)
           ^^^^^^^^^^^^^^^^^^^
  File "/tmp/myenv_reprod/lib/python3.11/site-packages/huggingface_hub/hf_api.py", line 1932, in _inner
    return fn(self, *args, **kwargs)
           ^^^^^^^^^^^^^^^^^^^^^^^^^
  File "/tmp/myenv_reprod/lib/python3.11/site-packages/huggingface_hub/hf_api.py", line 4688, in create_commit
    self.preupload_lfs_files(
  File "/tmp/myenv_reprod/lib/python3.11/site-packages/huggingface_hub/hf_api.py", line 4915, in preupload_lfs_files
    _fetch_upload_modes(
  File "/tmp/myenv_reprod/lib/python3.11/site-packages/huggingface_hub/utils/_validators.py", line 88, in _inner_fn
    return fn(*args, **kwargs)
           ^^^^^^^^^^^^^^^^^^^
  File "/tmp/myenv_reprod/lib/python3.11/site-packages/huggingface_hub/_commit_api.py", line 760, in _fetch_upload_modes
    hf_raise_for_status(resp)
  File "/tmp/myenv_reprod/lib/python3.11/site-packages/huggingface_hub/utils/_http.py", line 847, in hf_raise_for_status
    raise repo_err from e
huggingface_hub.errors.RepositoryNotFoundError: 401 Client Error. (Request ID: Root=1-69d2c088-71daa654073c2b4006fa2ec8;5a2856b5-2db8-4388-9e0b-6f99fa2c746e)

Repository Not Found for url: https://huggingface.co/api/datasets/MaxHeuillet/RobustGenBench/preupload/main.
Please make sure you specified the correct `repo_id` and `repo_type`.
If you are trying to access a private or gated repo, make sure you are authenticated and your token has the required permissions.
For more details, see https://huggingface.co/docs/huggingface_hub/authentication
User Access Token "tamiaaaa" is expired
Note: Creating a commit assumes that the repo already exists on the Huggingface Hub. Please use `create_repo` if it's not the case.
