  Using: NVIDIA H100 80GB HBM3

============================================================
  Dataset   : flowers-102  [shard 4/4]
  Surrogate : metaclip_h14
  Norm      : Linf  eps=8.0  (AA: 0.03137)
  Device    : cuda
============================================================
  [shard] Waiting for download lock...
Data already present at /home/m/mheuill/links/scratch/robustgenbench/data_processed.
  Shard indices: 750–999  (250 samples of 1000 total)

Loading MetaCLIP ViT-H/14 surrogate: ViT-H-14-quickgelu / metaclip_fullcc
  Encoding 102 class prompts...
setting parameters for standard version
shard3:   0%|          | 0/4 [00:00<?, ?it/s]using standard version including apgd-ce, apgd-t, fab-t, square.
initial accuracy: 92.19%
apgd-ce - 1/1 - 59 out of 59 successfully perturbed
robust accuracy after APGD-CE: 0.00% (total time 112.2 s)
max Linf perturbation: 0.03137, nan in tensor: 0, max: 1.00000, min: 0.00000
robust accuracy: 0.00%
shard3:  25%|██▌       | 1/4 [01:58<05:54, 118.18s/it]using standard version including apgd-ce, apgd-t, fab-t, square.
initial accuracy: 84.38%
apgd-ce - 1/1 - 54 out of 54 successfully perturbed
robust accuracy after APGD-CE: 0.00% (total time 103.8 s)
max Linf perturbation: 0.03137, nan in tensor: 0, max: 1.00000, min: 0.00000
robust accuracy: 0.00%
shard3:  50%|█████     | 2/4 [03:47<03:45, 112.92s/it]using standard version including apgd-ce, apgd-t, fab-t, square.
initial accuracy: 84.38%
apgd-ce - 1/1 - 54 out of 54 successfully perturbed
robust accuracy after APGD-CE: 0.00% (total time 103.7 s)
max Linf perturbation: 0.03137, nan in tensor: 0, max: 1.00000, min: 0.00000
robust accuracy: 0.00%
shard3:  75%|███████▌  | 3/4 [05:36<01:51, 111.21s/it]using standard version including apgd-ce, apgd-t, fab-t, square.
initial accuracy: 84.48%
apgd-ce - 1/1 - 49 out of 49 successfully perturbed
robust accuracy after APGD-CE: 0.00% (total time 92.1 s)
max Linf perturbation: 0.03137, nan in tensor: 0, max: 1.00000, min: 0.00000
robust accuracy: 0.00%
shard3: 100%|██████████| 4/4 [07:13<00:00, 105.66s/it]shard3: 100%|██████████| 4/4 [07:13<00:00, 108.45s/it]

  Shard 3 done: 250 images | clean=0.8640 | adv=0.0000
