  Using: NVIDIA H100 80GB HBM3

============================================================
  Dataset   : fgvc-aircraft-2013b  [shard 2/4]
  Surrogate : metaclip_h14
  Norm      : Linf  eps=8.0  (AA: 0.03137)
  Device    : cuda
============================================================
  [shard] Waiting for download lock...
Data already present at /home/m/mheuill/links/scratch/robustgenbench/data_processed.
  Shard indices: 250–499  (250 samples of 1000 total)

Loading MetaCLIP ViT-H/14 surrogate: ViT-H-14-quickgelu / metaclip_fullcc
  Encoding 100 class prompts...
setting parameters for standard version
shard1:   0%|          | 0/4 [00:00<?, ?it/s]using standard version including apgd-ce, apgd-t, fab-t, square.
initial accuracy: 51.56%
apgd-ce - 1/1 - 33 out of 33 successfully perturbed
robust accuracy after APGD-CE: 0.00% (total time 65.3 s)
max Linf perturbation: 0.03137, nan in tensor: 0, max: 1.00000, min: 0.00000
robust accuracy: 0.00%
shard1:  25%|██▌       | 1/4 [01:11<03:35, 71.68s/it]using standard version including apgd-ce, apgd-t, fab-t, square.
initial accuracy: 54.69%
apgd-ce - 1/1 - 35 out of 35 successfully perturbed
robust accuracy after APGD-CE: 0.00% (total time 67.3 s)
max Linf perturbation: 0.03137, nan in tensor: 0, max: 1.00000, min: 0.00000
robust accuracy: 0.00%
shard1:  50%|█████     | 2/4 [02:24<02:24, 72.49s/it]using standard version including apgd-ce, apgd-t, fab-t, square.
initial accuracy: 40.62%
apgd-ce - 1/1 - 26 out of 26 successfully perturbed
robust accuracy after APGD-CE: 0.00% (total time 51.5 s)
max Linf perturbation: 0.03137, nan in tensor: 0, max: 1.00000, min: 0.00000
robust accuracy: 0.00%
shard1:  75%|███████▌  | 3/4 [03:22<01:05, 65.58s/it]using standard version including apgd-ce, apgd-t, fab-t, square.
initial accuracy: 53.45%
apgd-ce - 1/1 - 31 out of 31 successfully perturbed
robust accuracy after APGD-CE: 0.00% (total time 61.2 s)
max Linf perturbation: 0.03137, nan in tensor: 0, max: 1.00000, min: 0.00000
robust accuracy: 0.00%
shard1: 100%|██████████| 4/4 [04:28<00:00, 66.00s/it]shard1: 100%|██████████| 4/4 [04:28<00:00, 67.20s/it]

  Shard 1 done: 250 images | clean=0.5000 | adv=0.0000
