  Using: NVIDIA H100 80GB HBM3

============================================================
  Dataset   : caltech101  [shard 2/4]
  Surrogate : siglip2_so400m_384
  Norm      : Linf  eps=30.0  (AA: 0.11765)
  Device    : cuda
============================================================
  [shard] Waiting for download lock...
Data already present at /home/m/mheuill/links/scratch/robustgenbench/data_processed.
  Shard indices: 250–499  (250 samples of 1000 total)

Loading SigLIP2-SO400M-384 surrogate: google/siglip2-so400m-patch14-384
Loading weights:   0%|          | 0/448 [00:00<?, ?it/s]Loading weights: 100%|██████████| 448/448 [00:00<00:00, 5076.04it/s]
[1mSiglipVisionModel LOAD REPORT[0m from: google/siglip2-so400m-patch14-384
Key                                                          | Status     |  | 
-------------------------------------------------------------+------------+--+-
text_model.encoder.layers.{0...26}.mlp.fc1.bias              | UNEXPECTED |  | 
text_model.encoder.layers.{0...26}.self_attn.k_proj.weight   | UNEXPECTED |  | 
text_model.encoder.layers.{0...26}.mlp.fc2.weight            | UNEXPECTED |  | 
text_model.encoder.layers.{0...26}.self_attn.v_proj.weight   | UNEXPECTED |  | 
text_model.encoder.layers.{0...26}.self_attn.q_proj.weight   | UNEXPECTED |  | 
text_model.encoder.layers.{0...26}.self_attn.v_proj.bias     | UNEXPECTED |  | 
text_model.encoder.layers.{0...26}.mlp.fc1.weight            | UNEXPECTED |  | 
text_model.encoder.layers.{0...26}.layer_norm1.bias          | UNEXPECTED |  | 
text_model.encoder.layers.{0...26}.self_attn.out_proj.bias   | UNEXPECTED |  | 
text_model.encoder.layers.{0...26}.self_attn.out_proj.weight | UNEXPECTED |  | 
text_model.encoder.layers.{0...26}.layer_norm2.bias          | UNEXPECTED |  | 
text_model.encoder.layers.{0...26}.layer_norm2.weight        | UNEXPECTED |  | 
text_model.encoder.layers.{0...26}.self_attn.q_proj.bias     | UNEXPECTED |  | 
text_model.encoder.layers.{0...26}.layer_norm1.weight        | UNEXPECTED |  | 
text_model.encoder.layers.{0...26}.mlp.fc2.bias              | UNEXPECTED |  | 
text_model.encoder.layers.{0...26}.self_attn.k_proj.bias     | UNEXPECTED |  | 
text_model.embeddings.token_embedding.weight                 | UNEXPECTED |  | 
text_model.final_layer_norm.bias                             | UNEXPECTED |  | 
text_model.head.bias                                         | UNEXPECTED |  | 
logit_bias                                                   | UNEXPECTED |  | 
text_model.embeddings.position_embedding.weight              | UNEXPECTED |  | 
text_model.final_layer_norm.weight                           | UNEXPECTED |  | 
text_model.head.weight                                       | UNEXPECTED |  | 
logit_scale                                                  | UNEXPECTED |  | 

Notes:
- UNEXPECTED:	can be ignored when loading from different task/architecture; not ok if you expect identical arch.
Loading weights:   0%|          | 0/438 [00:00<?, ?it/s]Loading weights: 100%|██████████| 438/438 [00:00<00:00, 8079.80it/s]
[1mSiglipTextModel LOAD REPORT[0m from: google/siglip2-so400m-patch14-384
Key                                                            | Status     |  | 
---------------------------------------------------------------+------------+--+-
vision_model.encoder.layers.{0...26}.mlp.fc1.weight            | UNEXPECTED |  | 
vision_model.encoder.layers.{0...26}.layer_norm2.weight        | UNEXPECTED |  | 
vision_model.encoder.layers.{0...26}.mlp.fc2.bias              | UNEXPECTED |  | 
vision_model.encoder.layers.{0...26}.layer_norm1.weight        | UNEXPECTED |  | 
vision_model.encoder.layers.{0...26}.mlp.fc2.weight            | UNEXPECTED |  | 
vision_model.encoder.layers.{0...26}.mlp.fc1.bias              | UNEXPECTED |  | 
vision_model.encoder.layers.{0...26}.self_attn.out_proj.weight | UNEXPECTED |  | 
vision_model.encoder.layers.{0...26}.self_attn.v_proj.bias     | UNEXPECTED |  | 
vision_model.encoder.layers.{0...26}.self_attn.k_proj.weight   | UNEXPECTED |  | 
vision_model.encoder.layers.{0...26}.self_attn.q_proj.bias     | UNEXPECTED |  | 
vision_model.encoder.layers.{0...26}.self_attn.out_proj.bias   | UNEXPECTED |  | 
vision_model.head.mlp.fc2.bias                                 | UNEXPECTED |  | 
vision_model.encoder.layers.{0...26}.self_attn.v_proj.weight   | UNEXPECTED |  | 
vision_model.encoder.layers.{0...26}.self_attn.q_proj.weight   | UNEXPECTED |  | 
vision_model.embeddings.patch_embedding.weight                 | UNEXPECTED |  | 
vision_model.encoder.layers.{0...26}.layer_norm1.bias          | UNEXPECTED |  | 
vision_model.encoder.layers.{0...26}.self_attn.k_proj.bias     | UNEXPECTED |  | 
vision_model.encoder.layers.{0...26}.layer_norm2.bias          | UNEXPECTED |  | 
vision_model.head.probe                                        | UNEXPECTED |  | 
vision_model.embeddings.patch_embedding.bias                   | UNEXPECTED |  | 
vision_model.head.mlp.fc2.weight                               | UNEXPECTED |  | 
vision_model.post_layernorm.bias                               | UNEXPECTED |  | 
vision_model.head.mlp.fc1.weight                               | UNEXPECTED |  | 
vision_model.post_layernorm.weight                             | UNEXPECTED |  | 
logit_bias                                                     | UNEXPECTED |  | 
vision_model.head.attention.in_proj_weight                     | UNEXPECTED |  | 
vision_model.head.layernorm.bias                               | UNEXPECTED |  | 
vision_model.head.attention.out_proj.bias                      | UNEXPECTED |  | 
vision_model.head.mlp.fc1.bias                                 | UNEXPECTED |  | 
vision_model.head.layernorm.weight                             | UNEXPECTED |  | 
vision_model.head.attention.in_proj_bias                       | UNEXPECTED |  | 
vision_model.embeddings.position_embedding.weight              | UNEXPECTED |  | 
vision_model.head.attention.out_proj.weight                    | UNEXPECTED |  | 
logit_scale                                                    | UNEXPECTED |  | 

Notes:
- UNEXPECTED:	can be ignored when loading from different task/architecture; not ok if you expect identical arch.
  Encoding 101 class prompts...
setting parameters for standard version
shard1:   0%|          | 0/8 [00:00<?, ?it/s]using standard version including apgd-ce, apgd-t, fab-t, square.
initial accuracy: 96.88%
apgd-ce - 1/1 - 31 out of 31 successfully perturbed
robust accuracy after APGD-CE: 0.00% (total time 121.0 s)
max Linf perturbation: 0.11765, nan in tensor: 0, max: 1.00000, min: 0.00000
robust accuracy: 0.00%
shard1:  12%|█▎        | 1/8 [02:06<14:48, 126.98s/it]using standard version including apgd-ce, apgd-t, fab-t, square.
initial accuracy: 93.75%
apgd-ce - 1/1 - 30 out of 30 successfully perturbed
robust accuracy after APGD-CE: 0.00% (total time 113.6 s)
max Linf perturbation: 0.11765, nan in tensor: 0, max: 1.00000, min: 0.00000
robust accuracy: 0.00%
shard1:  25%|██▌       | 2/8 [04:05<12:13, 122.29s/it]using standard version including apgd-ce, apgd-t, fab-t, square.
initial accuracy: 90.62%
apgd-ce - 1/1 - 29 out of 29 successfully perturbed
robust accuracy after APGD-CE: 0.00% (total time 111.3 s)
max Linf perturbation: 0.11765, nan in tensor: 0, max: 1.00000, min: 0.00000
robust accuracy: 0.00%
shard1:  38%|███▊      | 3/8 [06:02<09:58, 119.77s/it]using standard version including apgd-ce, apgd-t, fab-t, square.
initial accuracy: 90.62%
apgd-ce - 1/1 - 29 out of 29 successfully perturbed
robust accuracy after APGD-CE: 0.00% (total time 111.3 s)
max Linf perturbation: 0.11765, nan in tensor: 0, max: 1.00000, min: 0.00000
robust accuracy: 0.00%
shard1:  50%|█████     | 4/8 [07:59<07:54, 118.56s/it]using standard version including apgd-ce, apgd-t, fab-t, square.
initial accuracy: 87.50%
apgd-ce - 1/1 - 28 out of 28 successfully perturbed
robust accuracy after APGD-CE: 0.00% (total time 108.5 s)
max Linf perturbation: 0.11765, nan in tensor: 0, max: 1.00000, min: 0.00000
robust accuracy: 0.00%
shard1:  62%|██████▎   | 5/8 [09:53<05:50, 116.87s/it]using standard version including apgd-ce, apgd-t, fab-t, square.
initial accuracy: 93.75%
apgd-ce - 1/1 - 30 out of 30 successfully perturbed
robust accuracy after APGD-CE: 0.00% (total time 113.4 s)
max Linf perturbation: 0.11765, nan in tensor: 0, max: 1.00000, min: 0.00000
robust accuracy: 0.00%
shard1:  75%|███████▌  | 6/8 [11:52<03:55, 117.53s/it]using standard version including apgd-ce, apgd-t, fab-t, square.
initial accuracy: 100.00%
apgd-ce - 1/1 - 32 out of 32 successfully perturbed
robust accuracy after APGD-CE: 0.00% (total time 124.3 s)
max Linf perturbation: 0.11765, nan in tensor: 0, max: 1.00000, min: 0.00000
robust accuracy: 0.00%
shard1:  88%|████████▊ | 7/8 [14:01<02:01, 121.51s/it]using standard version including apgd-ce, apgd-t, fab-t, square.
initial accuracy: 88.46%
apgd-ce - 1/1 - 23 out of 23 successfully perturbed
robust accuracy after APGD-CE: 0.00% (total time 89.0 s)
max Linf perturbation: 0.11765, nan in tensor: 0, max: 1.00000, min: 0.00000
robust accuracy: 0.00%
shard1: 100%|██████████| 8/8 [15:35<00:00, 112.59s/it]shard1: 100%|██████████| 8/8 [15:35<00:00, 116.92s/it]

  Shard 1 done: 250 images | clean=0.9280 | adv=0.0000
