  Using: NVIDIA H100 80GB HBM3

============================================================
  Dataset   : flowers-102  [shard 3/4]
  Surrogate : siglip2_so400m_384
  Norm      : Linf  eps=30.0  (AA: 0.11765)
  Device    : cuda
============================================================
  [shard] Waiting for download lock...
Data already present at /home/m/mheuill/links/scratch/robustgenbench/data_processed.
  Shard indices: 500–749  (250 samples of 1000 total)

Loading SigLIP2-SO400M-384 surrogate: google/siglip2-so400m-patch14-384
Loading weights:   0%|          | 0/448 [00:00<?, ?it/s]Loading weights: 100%|██████████| 448/448 [00:00<00:00, 6347.00it/s]
[1mSiglipVisionModel LOAD REPORT[0m from: google/siglip2-so400m-patch14-384
Key                                                          | Status     |  | 
-------------------------------------------------------------+------------+--+-
text_model.encoder.layers.{0...26}.layer_norm2.bias          | UNEXPECTED |  | 
text_model.encoder.layers.{0...26}.self_attn.v_proj.bias     | UNEXPECTED |  | 
text_model.encoder.layers.{0...26}.mlp.fc2.weight            | UNEXPECTED |  | 
text_model.encoder.layers.{0...26}.layer_norm2.weight        | UNEXPECTED |  | 
text_model.encoder.layers.{0...26}.self_attn.q_proj.weight   | UNEXPECTED |  | 
text_model.encoder.layers.{0...26}.self_attn.q_proj.bias     | UNEXPECTED |  | 
text_model.encoder.layers.{0...26}.self_attn.out_proj.bias   | UNEXPECTED |  | 
text_model.encoder.layers.{0...26}.mlp.fc1.weight            | UNEXPECTED |  | 
text_model.encoder.layers.{0...26}.self_attn.out_proj.weight | UNEXPECTED |  | 
text_model.embeddings.token_embedding.weight                 | UNEXPECTED |  | 
text_model.encoder.layers.{0...26}.layer_norm1.bias          | UNEXPECTED |  | 
text_model.encoder.layers.{0...26}.self_attn.k_proj.bias     | UNEXPECTED |  | 
text_model.encoder.layers.{0...26}.self_attn.v_proj.weight   | UNEXPECTED |  | 
text_model.encoder.layers.{0...26}.self_attn.k_proj.weight   | UNEXPECTED |  | 
text_model.encoder.layers.{0...26}.mlp.fc2.bias              | UNEXPECTED |  | 
text_model.encoder.layers.{0...26}.mlp.fc1.bias              | UNEXPECTED |  | 
logit_bias                                                   | UNEXPECTED |  | 
text_model.encoder.layers.{0...26}.layer_norm1.weight        | UNEXPECTED |  | 
logit_scale                                                  | UNEXPECTED |  | 
text_model.head.weight                                       | UNEXPECTED |  | 
text_model.final_layer_norm.bias                             | UNEXPECTED |  | 
text_model.embeddings.position_embedding.weight              | UNEXPECTED |  | 
text_model.final_layer_norm.weight                           | UNEXPECTED |  | 
text_model.head.bias                                         | UNEXPECTED |  | 

Notes:
- UNEXPECTED:	can be ignored when loading from different task/architecture; not ok if you expect identical arch.
Loading weights:   0%|          | 0/438 [00:00<?, ?it/s]Loading weights: 100%|██████████| 438/438 [00:00<00:00, 5330.27it/s]
[1mSiglipTextModel LOAD REPORT[0m from: google/siglip2-so400m-patch14-384
Key                                                            | Status     |  | 
---------------------------------------------------------------+------------+--+-
vision_model.encoder.layers.{0...26}.mlp.fc2.weight            | UNEXPECTED |  | 
vision_model.encoder.layers.{0...26}.self_attn.k_proj.weight   | UNEXPECTED |  | 
vision_model.encoder.layers.{0...26}.self_attn.v_proj.weight   | UNEXPECTED |  | 
vision_model.embeddings.patch_embedding.weight                 | UNEXPECTED |  | 
vision_model.encoder.layers.{0...26}.self_attn.q_proj.weight   | UNEXPECTED |  | 
vision_model.encoder.layers.{0...26}.layer_norm1.weight        | UNEXPECTED |  | 
vision_model.encoder.layers.{0...26}.self_attn.q_proj.bias     | UNEXPECTED |  | 
vision_model.encoder.layers.{0...26}.layer_norm2.weight        | UNEXPECTED |  | 
vision_model.encoder.layers.{0...26}.layer_norm1.bias          | UNEXPECTED |  | 
vision_model.encoder.layers.{0...26}.self_attn.out_proj.weight | UNEXPECTED |  | 
vision_model.encoder.layers.{0...26}.self_attn.k_proj.bias     | UNEXPECTED |  | 
vision_model.encoder.layers.{0...26}.self_attn.v_proj.bias     | UNEXPECTED |  | 
vision_model.encoder.layers.{0...26}.mlp.fc2.bias              | UNEXPECTED |  | 
vision_model.encoder.layers.{0...26}.self_attn.out_proj.bias   | UNEXPECTED |  | 
vision_model.encoder.layers.{0...26}.mlp.fc1.bias              | UNEXPECTED |  | 
vision_model.encoder.layers.{0...26}.layer_norm2.bias          | UNEXPECTED |  | 
vision_model.encoder.layers.{0...26}.mlp.fc1.weight            | UNEXPECTED |  | 
logit_bias                                                     | UNEXPECTED |  | 
logit_scale                                                    | UNEXPECTED |  | 
vision_model.head.attention.in_proj_bias                       | UNEXPECTED |  | 
vision_model.head.mlp.fc1.weight                               | UNEXPECTED |  | 
vision_model.head.layernorm.bias                               | UNEXPECTED |  | 
vision_model.head.attention.out_proj.weight                    | UNEXPECTED |  | 
vision_model.post_layernorm.bias                               | UNEXPECTED |  | 
vision_model.embeddings.patch_embedding.bias                   | UNEXPECTED |  | 
vision_model.head.layernorm.weight                             | UNEXPECTED |  | 
vision_model.post_layernorm.weight                             | UNEXPECTED |  | 
vision_model.head.attention.out_proj.bias                      | UNEXPECTED |  | 
vision_model.head.attention.in_proj_weight                     | UNEXPECTED |  | 
vision_model.head.mlp.fc2.weight                               | UNEXPECTED |  | 
vision_model.head.probe                                        | UNEXPECTED |  | 
vision_model.head.mlp.fc2.bias                                 | UNEXPECTED |  | 
vision_model.head.mlp.fc1.bias                                 | UNEXPECTED |  | 
vision_model.embeddings.position_embedding.weight              | UNEXPECTED |  | 

Notes:
- UNEXPECTED:	can be ignored when loading from different task/architecture; not ok if you expect identical arch.
  Encoding 102 class prompts...
setting parameters for standard version
shard2:   0%|          | 0/8 [00:00<?, ?it/s]using standard version including apgd-ce, apgd-t, fab-t, square.
initial accuracy: 90.62%
apgd-ce - 1/1 - 29 out of 29 successfully perturbed
robust accuracy after APGD-CE: 0.00% (total time 111.6 s)
max Linf perturbation: 0.11765, nan in tensor: 0, max: 1.00000, min: 0.00000
robust accuracy: 0.00%
shard2:  12%|█▎        | 1/8 [01:57<13:42, 117.50s/it]using standard version including apgd-ce, apgd-t, fab-t, square.
initial accuracy: 96.88%
apgd-ce - 1/1 - 31 out of 31 successfully perturbed
robust accuracy after APGD-CE: 0.00% (total time 121.6 s)
max Linf perturbation: 0.11765, nan in tensor: 0, max: 1.00000, min: 0.00000
robust accuracy: 0.00%
shard2:  25%|██▌       | 2/8 [04:04<12:18, 123.09s/it]using standard version including apgd-ce, apgd-t, fab-t, square.
initial accuracy: 87.50%
apgd-ce - 1/1 - 28 out of 28 successfully perturbed
robust accuracy after APGD-CE: 0.00% (total time 108.9 s)
max Linf perturbation: 0.11765, nan in tensor: 0, max: 1.00000, min: 0.00000
robust accuracy: 0.00%
shard2:  38%|███▊      | 3/8 [05:58<09:55, 119.07s/it]using standard version including apgd-ce, apgd-t, fab-t, square.
initial accuracy: 93.75%
apgd-ce - 1/1 - 30 out of 30 successfully perturbed
robust accuracy after APGD-CE: 0.00% (total time 113.8 s)
max Linf perturbation: 0.11765, nan in tensor: 0, max: 1.00000, min: 0.00000
robust accuracy: 0.00%
shard2:  50%|█████     | 4/8 [07:58<07:56, 119.13s/it]using standard version including apgd-ce, apgd-t, fab-t, square.
initial accuracy: 90.62%
apgd-ce - 1/1 - 29 out of 29 successfully perturbed
robust accuracy after APGD-CE: 0.00% (total time 111.5 s)
max Linf perturbation: 0.11765, nan in tensor: 0, max: 1.00000, min: 0.00000
robust accuracy: 0.00%
shard2:  62%|██████▎   | 5/8 [09:54<05:54, 118.32s/it]using standard version including apgd-ce, apgd-t, fab-t, square.
initial accuracy: 90.62%
apgd-ce - 1/1 - 29 out of 29 successfully perturbed
robust accuracy after APGD-CE: 0.00% (total time 111.4 s)
max Linf perturbation: 0.11765, nan in tensor: 0, max: 1.00000, min: 0.00000
robust accuracy: 0.00%
shard2:  75%|███████▌  | 6/8 [11:51<03:55, 117.82s/it]using standard version including apgd-ce, apgd-t, fab-t, square.
initial accuracy: 93.75%
apgd-ce - 1/1 - 30 out of 30 successfully perturbed
robust accuracy after APGD-CE: 0.00% (total time 113.7 s)
max Linf perturbation: 0.11765, nan in tensor: 0, max: 1.00000, min: 0.00000
robust accuracy: 0.00%
shard2:  88%|████████▊ | 7/8 [13:50<01:58, 118.25s/it]using standard version including apgd-ce, apgd-t, fab-t, square.
initial accuracy: 88.46%
apgd-ce - 1/1 - 23 out of 23 successfully perturbed
robust accuracy after APGD-CE: 0.00% (total time 89.0 s)
max Linf perturbation: 0.11765, nan in tensor: 0, max: 1.00000, min: 0.00000
robust accuracy: 0.00%
shard2: 100%|██████████| 8/8 [15:24<00:00, 110.38s/it]shard2: 100%|██████████| 8/8 [15:24<00:00, 115.56s/it]

  Shard 2 done: 250 images | clean=0.9160 | adv=0.0000
