  Using: NVIDIA H100 80GB HBM3

============================================================
  Dataset   : fgvc-aircraft-2013b  [shard 2/4]
  Surrogate : clip_vith14
  Norm      : Linf  eps=4.0  (AA: 0.01569)
  Device    : cuda
============================================================
  [shard] Waiting for download lock...
Data already present at /home/m/mheuill/links/scratch/robustgenbench/data_processed.
  Shard indices: 250–499  (250 samples of 1000 total)

Loading CLIP ViT-H/14 surrogate: ViT-H-14 / laion2b_s32b_b79k
  Encoding 100 class prompts...
setting parameters for standard version
shard1:   0%|          | 0/4 [00:00<?, ?it/s]using standard version including apgd-ce, apgd-t, fab-t, square.
initial accuracy: 46.88%
apgd-ce - 1/1 - 30 out of 30 successfully perturbed
robust accuracy after APGD-CE: 0.00% (total time 57.3 s)
max Linf perturbation: 0.01569, nan in tensor: 0, max: 1.00000, min: 0.00000
robust accuracy: 0.00%
shard1:  25%|██▌       | 1/4 [01:03<03:11, 63.82s/it]using standard version including apgd-ce, apgd-t, fab-t, square.
initial accuracy: 43.75%
apgd-ce - 1/1 - 28 out of 28 successfully perturbed
robust accuracy after APGD-CE: 0.00% (total time 53.7 s)
max Linf perturbation: 0.01569, nan in tensor: 0, max: 1.00000, min: 0.00000
robust accuracy: 0.00%
shard1:  50%|█████     | 2/4 [02:03<02:02, 61.33s/it]using standard version including apgd-ce, apgd-t, fab-t, square.
initial accuracy: 42.19%
apgd-ce - 1/1 - 27 out of 27 successfully perturbed
robust accuracy after APGD-CE: 0.00% (total time 53.1 s)
max Linf perturbation: 0.01569, nan in tensor: 0, max: 1.00000, min: 0.00000
robust accuracy: 0.00%
shard1:  75%|███████▌  | 3/4 [03:02<01:00, 60.25s/it]using standard version including apgd-ce, apgd-t, fab-t, square.
initial accuracy: 48.28%
apgd-ce - 1/1 - 28 out of 28 successfully perturbed
robust accuracy after APGD-CE: 0.00% (total time 53.7 s)
max Linf perturbation: 0.01569, nan in tensor: 0, max: 1.00000, min: 0.00000
robust accuracy: 0.00%
shard1: 100%|██████████| 4/4 [04:01<00:00, 59.80s/it]shard1: 100%|██████████| 4/4 [04:01<00:00, 60.39s/it]

  Shard 1 done: 250 images | clean=0.4520 | adv=0.0000
