  Using: NVIDIA H100 80GB HBM3

============================================================
  Dataset   : flowers-102  [shard 4/4]
  Surrogate : clip_vith14
  Norm      : Linf  eps=4.0  (AA: 0.01569)
  Device    : cuda
============================================================
  [shard] Waiting for download lock...
Data already present at /home/m/mheuill/links/scratch/robustgenbench/data_processed.
  Shard indices: 750–999  (250 samples of 1000 total)

Loading CLIP ViT-H/14 surrogate: ViT-H-14 / laion2b_s32b_b79k
  Encoding 102 class prompts...
setting parameters for standard version
shard3:   0%|          | 0/4 [00:00<?, ?it/s]using standard version including apgd-ce, apgd-t, fab-t, square.
initial accuracy: 85.94%
apgd-ce - 1/1 - 55 out of 55 successfully perturbed
robust accuracy after APGD-CE: 0.00% (total time 99.8 s)
max Linf perturbation: 0.01569, nan in tensor: 0, max: 1.00000, min: 0.00000
robust accuracy: 0.00%
shard3:  25%|██▌       | 1/4 [01:45<05:17, 105.86s/it]using standard version including apgd-ce, apgd-t, fab-t, square.
initial accuracy: 81.25%
apgd-ce - 1/1 - 52 out of 52 successfully perturbed
robust accuracy after APGD-CE: 0.00% (total time 91.3 s)
max Linf perturbation: 0.01569, nan in tensor: 0, max: 1.00000, min: 0.00000
robust accuracy: 0.00%
shard3:  50%|█████     | 2/4 [03:22<03:20, 100.49s/it]using standard version including apgd-ce, apgd-t, fab-t, square.
initial accuracy: 89.06%
apgd-ce - 1/1 - 57 out of 57 successfully perturbed
robust accuracy after APGD-CE: 0.00% (total time 103.6 s)
max Linf perturbation: 0.01569, nan in tensor: 0, max: 1.00000, min: 0.00000
robust accuracy: 0.00%
shard3:  75%|███████▌  | 3/4 [05:11<01:44, 104.36s/it]using standard version including apgd-ce, apgd-t, fab-t, square.
initial accuracy: 82.76%
apgd-ce - 1/1 - 48 out of 48 successfully perturbed
robust accuracy after APGD-CE: 0.00% (total time 86.8 s)
max Linf perturbation: 0.01569, nan in tensor: 0, max: 1.00000, min: 0.00000
robust accuracy: 0.00%
shard3: 100%|██████████| 4/4 [06:43<00:00, 99.41s/it] shard3: 100%|██████████| 4/4 [06:43<00:00, 100.86s/it]

  Shard 3 done: 250 images | clean=0.8480 | adv=0.0000
