  Using: NVIDIA H100 80GB HBM3

============================================================
  Dataset   : fgvc-aircraft-2013b  [shard 1/4]
  Surrogate : clip_vith14
  Norm      : Linf  eps=4.0  (AA: 0.01569)
  Device    : cuda
============================================================
  [shard] Waiting for download lock...
Data already present at /home/m/mheuill/links/scratch/robustgenbench/data_processed.
  Shard indices: 0–249  (250 samples of 1000 total)

Loading CLIP ViT-H/14 surrogate: ViT-H-14 / laion2b_s32b_b79k
  Encoding 100 class prompts...
setting parameters for standard version
shard0:   0%|          | 0/4 [00:00<?, ?it/s]using standard version including apgd-ce, apgd-t, fab-t, square.
initial accuracy: 40.62%
apgd-ce - 1/1 - 26 out of 26 successfully perturbed
robust accuracy after APGD-CE: 0.00% (total time 49.7 s)
max Linf perturbation: 0.01569, nan in tensor: 0, max: 1.00000, min: 0.00000
robust accuracy: 0.00%
shard0:  25%|██▌       | 1/4 [00:56<02:48, 56.23s/it]using standard version including apgd-ce, apgd-t, fab-t, square.
initial accuracy: 48.44%
apgd-ce - 1/1 - 31 out of 31 successfully perturbed
robust accuracy after APGD-CE: 0.00% (total time 58.4 s)
max Linf perturbation: 0.01569, nan in tensor: 0, max: 1.00000, min: 0.00000
robust accuracy: 0.00%
shard0:  50%|█████     | 2/4 [02:00<02:01, 60.96s/it]using standard version including apgd-ce, apgd-t, fab-t, square.
initial accuracy: 37.50%
apgd-ce - 1/1 - 24 out of 24 successfully perturbed
robust accuracy after APGD-CE: 0.00% (total time 44.3 s)
max Linf perturbation: 0.01569, nan in tensor: 0, max: 1.00000, min: 0.00000
robust accuracy: 0.00%
shard0:  75%|███████▌  | 3/4 [02:50<00:56, 56.05s/it]using standard version including apgd-ce, apgd-t, fab-t, square.
initial accuracy: 56.90%
apgd-ce - 1/1 - 33 out of 33 successfully perturbed
robust accuracy after APGD-CE: 0.00% (total time 62.1 s)
max Linf perturbation: 0.01569, nan in tensor: 0, max: 1.00000, min: 0.00000
robust accuracy: 0.00%
shard0: 100%|██████████| 4/4 [03:58<00:00, 60.56s/it]shard0: 100%|██████████| 4/4 [03:58<00:00, 59.56s/it]

  Shard 0 done: 250 images | clean=0.4560 | adv=0.0000
