  Using: NVIDIA H100 80GB HBM3

============================================================
  Dataset   : uc-merced-land-use-dataset  [shard 3/4]
  Surrogate : clip_vith14
  Norm      : Linf  eps=4.0  (AA: 0.01569)
  Device    : cuda
============================================================
  [shard] Waiting for download lock...
Data already present at /home/m/mheuill/links/scratch/robustgenbench/data_processed.
  Shard indices: 210–314  (105 samples of 420 total)

Loading CLIP ViT-H/14 surrogate: ViT-H-14 / laion2b_s32b_b79k
  Encoding 21 class prompts...
setting parameters for standard version
shard2:   0%|          | 0/2 [00:00<?, ?it/s]using standard version including apgd-ce, apgd-t, fab-t, square.
initial accuracy: 81.25%
apgd-ce - 1/1 - 52 out of 52 successfully perturbed
robust accuracy after APGD-CE: 0.00% (total time 91.3 s)
max Linf perturbation: 0.01569, nan in tensor: 0, max: 1.00000, min: 0.00000
robust accuracy: 0.00%
shard2:  50%|█████     | 1/2 [01:37<01:37, 97.84s/it]using standard version including apgd-ce, apgd-t, fab-t, square.
initial accuracy: 75.61%
apgd-ce - 1/1 - 31 out of 31 successfully perturbed
robust accuracy after APGD-CE: 0.00% (total time 58.5 s)
max Linf perturbation: 0.01569, nan in tensor: 0, max: 1.00000, min: 0.00000
robust accuracy: 0.00%
shard2: 100%|██████████| 2/2 [02:40<00:00, 76.89s/it]shard2: 100%|██████████| 2/2 [02:40<00:00, 80.06s/it]

  Shard 2 done: 105 images | clean=0.7905 | adv=0.0000
