  Using: NVIDIA H100 80GB HBM3

============================================================
  Dataset   : uc-merced-land-use-dataset  [shard 1/4]
  Surrogate : clip_vith14
  Norm      : Linf  eps=4.0  (AA: 0.01569)
  Device    : cuda
============================================================
  [shard] Waiting for download lock...
Data already present at /home/m/mheuill/links/scratch/robustgenbench/data_processed.
  Shard indices: 0–104  (105 samples of 420 total)

Loading CLIP ViT-H/14 surrogate: ViT-H-14 / laion2b_s32b_b79k
  Encoding 21 class prompts...
setting parameters for standard version
shard0:   0%|          | 0/2 [00:00<?, ?it/s]using standard version including apgd-ce, apgd-t, fab-t, square.
initial accuracy: 75.00%
apgd-ce - 1/1 - 48 out of 48 successfully perturbed
robust accuracy after APGD-CE: 0.00% (total time 86.9 s)
max Linf perturbation: 0.01569, nan in tensor: 0, max: 1.00000, min: 0.00000
robust accuracy: 0.00%
shard0:  50%|█████     | 1/2 [01:32<01:32, 92.86s/it]using standard version including apgd-ce, apgd-t, fab-t, square.
initial accuracy: 73.17%
apgd-ce - 1/1 - 30 out of 30 successfully perturbed
robust accuracy after APGD-CE: 0.00% (total time 57.3 s)
max Linf perturbation: 0.01569, nan in tensor: 0, max: 1.00000, min: 0.00000
robust accuracy: 0.00%
shard0: 100%|██████████| 2/2 [02:33<00:00, 74.15s/it]shard0: 100%|██████████| 2/2 [02:33<00:00, 76.98s/it]

  Shard 0 done: 105 images | clean=0.7429 | adv=0.0000
