  Using: NVIDIA H100 80GB HBM3

============================================================
  Dataset   : flowers-102  [shard 1/4]
  Surrogate : clip_vith14
  Norm      : Linf  eps=4.0  (AA: 0.01569)
  Device    : cuda
============================================================
  [shard] Waiting for download lock...
Data already present at /home/m/mheuill/links/scratch/robustgenbench/data_processed.
  Shard indices: 0–249  (250 samples of 1000 total)

Loading CLIP ViT-H/14 surrogate: ViT-H-14 / laion2b_s32b_b79k
  Encoding 102 class prompts...
setting parameters for standard version
shard0:   0%|          | 0/4 [00:00<?, ?it/s]using standard version including apgd-ce, apgd-t, fab-t, square.
initial accuracy: 85.94%
apgd-ce - 1/1 - 55 out of 55 successfully perturbed
robust accuracy after APGD-CE: 0.00% (total time 99.7 s)
max Linf perturbation: 0.01569, nan in tensor: 0, max: 1.00000, min: 0.00000
robust accuracy: 0.00%
shard0:  25%|██▌       | 1/4 [01:45<05:17, 105.86s/it]using standard version including apgd-ce, apgd-t, fab-t, square.
initial accuracy: 71.88%
apgd-ce - 1/1 - 46 out of 46 successfully perturbed
robust accuracy after APGD-CE: 0.00% (total time 84.9 s)
max Linf perturbation: 0.01569, nan in tensor: 0, max: 1.00000, min: 0.00000
robust accuracy: 0.00%
shard0:  50%|█████     | 2/4 [03:16<03:13, 96.79s/it] using standard version including apgd-ce, apgd-t, fab-t, square.
initial accuracy: 76.56%
apgd-ce - 1/1 - 49 out of 49 successfully perturbed
robust accuracy after APGD-CE: 0.00% (total time 87.6 s)
max Linf perturbation: 0.01569, nan in tensor: 0, max: 1.00000, min: 0.00000
robust accuracy: 0.00%
shard0:  75%|███████▌  | 3/4 [04:49<01:35, 95.10s/it]using standard version including apgd-ce, apgd-t, fab-t, square.
initial accuracy: 79.31%
apgd-ce - 1/1 - 46 out of 46 successfully perturbed
robust accuracy after APGD-CE: 0.00% (total time 84.9 s)
max Linf perturbation: 0.01569, nan in tensor: 0, max: 1.00000, min: 0.00000
robust accuracy: 0.00%
shard0: 100%|██████████| 4/4 [06:19<00:00, 93.06s/it]shard0: 100%|██████████| 4/4 [06:19<00:00, 94.84s/it]

  Shard 0 done: 250 images | clean=0.7840 | adv=0.0000
